clear
[H[J[3Jpython lpce/run_full_pipeline.py config

========== Protein ligand separator==========
Total PDB files found: 234324
Separating ligand pockets in PDB files:   0%|          | 0/234324 [00:00<?, ?it/s]Separating ligand pockets in PDB files:   0%|          | 54/234324 [00:00<31:17, 124.76it/s]Separating ligand pockets in PDB files:   0%|          | 108/234324 [00:00<29:59, 130.15it/s]Separating ligand pockets in PDB files:   0%|          | 162/234324 [00:01<38:44, 100.74it/s]Separating ligand pockets in PDB files:   0%|          | 216/234324 [00:02<43:00, 90.71it/s] Separating ligand pockets in PDB files:   0%|          | 270/234324 [00:03<1:07:41, 57.62it/s]Separating ligand pockets in PDB files:   0%|          | 324/234324 [00:04<1:03:59, 60.95it/s]Separating ligand pockets in PDB files:   0%|          | 378/234324 [00:05<1:09:22, 56.20it/s]Separating ligand pockets in PDB files:   0%|          | 432/234324 [00:06<1:10:37, 55.19it/s]Separating ligand pockets in PDB files:   0%|          | 486/234324 [00:07<1:18:11, 49.84it/s]Separating ligand pockets in PDB files:   0%|          | 540/234324 [00:09<1:21:21, 47.89it/s]Separating ligand pockets in PDB files:   0%|          | 594/234324 [00:10<1:34:42, 41.13it/s]Separating ligand pockets in PDB files:   0%|          | 648/234324 [00:12<1:31:26, 42.59it/s]Separating ligand pockets in PDB files:   0%|          | 702/234324 [00:13<1:37:28, 39.95it/s]Separating ligand pockets in PDB files:   0%|          | 756/234324 [00:15<1:40:31, 38.72it/s]Separating ligand pockets in PDB files:   0%|          | 810/234324 [00:16<1:33:58, 41.41it/s]Separating ligand pockets in PDB files:   0%|          | 864/234324 [00:17<1:28:54, 43.76it/s]Separating ligand pockets in PDB files:   0%|          | 918/234324 [00:18<1:21:06, 47.96it/s]Separating ligand pockets in PDB files:   0%|          | 972/234324 [00:19<1:26:14, 45.09it/s]Separating ligand pockets in PDB files:   0%|          | 1026/234324 [00:20<1:25:11, 45.64it/s]Separating ligand pockets in PDB files:   0%|          | 1080/234324 [00:21<1:23:32, 46.53it/s]Separating ligand pockets in PDB files:   0%|          | 1134/234324 [00:22<1:19:12, 49.06it/s]Separating ligand pockets in PDB files:   1%|          | 1188/234324 [00:24<1:23:34, 46.49it/s]Separating ligand pockets in PDB files:   1%|          | 1242/234324 [00:25<1:21:16, 47.80it/s]Separating ligand pockets in PDB files:   1%|          | 1296/234324 [00:26<1:22:42, 46.96it/s]Separating ligand pockets in PDB files:   1%|          | 1350/234324 [00:27<1:21:31, 47.63it/s]Separating ligand pockets in PDB files:   1%|          | 1404/234324 [00:28<1:18:27, 49.47it/s]Separating ligand pockets in PDB files:   1%|          | 1458/234324 [00:29<1:17:52, 49.83it/s]Separating ligand pockets in PDB files:   1%|          | 1512/234324 [00:30<1:22:56, 46.79it/s]Separating ligand pockets in PDB files:   1%|          | 1566/234324 [00:31<1:21:56, 47.34it/s]Separating ligand pockets in PDB files:   1%|          | 1620/234324 [00:33<1:38:02, 39.56it/s]Separating ligand pockets in PDB files:   1%|          | 1674/234324 [00:34<1:33:32, 41.45it/s]Separating ligand pockets in PDB files:   1%|          | 1728/234324 [00:36<1:42:02, 37.99it/s]Separating ligand pockets in PDB files:   1%|          | 1782/234324 [00:38<1:42:42, 37.74it/s]Separating ligand pockets in PDB files:   1%|          | 1836/234324 [00:38<1:27:35, 44.24it/s]Separating ligand pockets in PDB files:   1%|          | 1890/234324 [00:40<1:30:09, 42.96it/s]Separating ligand pockets in PDB files:   1%|          | 1944/234324 [00:41<1:25:14, 45.44it/s]Separating ligand pockets in PDB files:   1%|          | 1998/234324 [00:42<1:23:12, 46.53it/s]Separating ligand pockets in PDB files:   1%|          | 2052/234324 [00:43<1:23:24, 46.42it/s]Separating ligand pockets in PDB files:   1%|          | 2106/234324 [00:44<1:26:31, 44.73it/s]Separating ligand pockets in PDB files:   1%|          | 2160/234324 [00:46<1:31:02, 42.50it/s]Separating ligand pockets in PDB files:   1%|          | 2214/234324 [00:47<1:36:03, 40.27it/s]Separating ligand pockets in PDB files:   1%|          | 2268/234324 [00:49<1:37:12, 39.78it/s]Separating ligand pockets in PDB files:   1%|          | 2322/234324 [00:50<1:41:48, 37.98it/s]Separating ligand pockets in PDB files:   1%|1         | 2376/234324 [00:51<1:36:06, 40.22it/s]Separating ligand pockets in PDB files:   1%|1         | 2430/234324 [00:52<1:30:30, 42.70it/s]Separating ligand pockets in PDB files:   1%|1         | 2484/234324 [00:54<1:28:17, 43.76it/s]Separating ligand pockets in PDB files:   1%|1         | 2538/234324 [00:55<1:28:49, 43.49it/s]Separating ligand pockets in PDB files:   1%|1         | 2592/234324 [00:56<1:30:46, 42.55it/s]Separating ligand pockets in PDB files:   1%|1         | 2646/234324 [00:58<1:37:46, 39.49it/s]Separating ligand pockets in PDB files:   1%|1         | 2700/234324 [00:59<1:35:05, 40.60it/s]Separating ligand pockets in PDB files:   1%|1         | 2754/234324 [01:00<1:34:01, 41.05it/s]Separating ligand pockets in PDB files:   1%|1         | 2808/234324 [01:02<1:42:02, 37.81it/s]Separating ligand pockets in PDB files:   1%|1         | 2862/234324 [01:03<1:43:26, 37.29it/s]Separating ligand pockets in PDB files:   1%|1         | 2916/234324 [01:05<1:37:19, 39.63it/s]Separating ligand pockets in PDB files:   1%|1         | 2970/234324 [01:06<1:35:20, 40.45it/s]Separating ligand pockets in PDB files:   1%|1         | 3024/234324 [01:07<1:28:09, 43.73it/s]Separating ligand pockets in PDB files:   1%|1         | 3078/234324 [01:09<1:35:58, 40.16it/s]Separating ligand pockets in PDB files:   1%|1         | 3132/234324 [01:10<1:33:11, 41.34it/s]Separating ligand pockets in PDB files:   1%|1         | 3186/234324 [01:11<1:37:24, 39.55it/s]Separating ligand pockets in PDB files:   1%|1         | 3240/234324 [01:13<1:46:22, 36.20it/s]Separating ligand pockets in PDB files:   1%|1         | 3294/234324 [01:15<1:50:46, 34.76it/s]Separating ligand pockets in PDB files:   1%|1         | 3348/234324 [01:16<1:52:30, 34.21it/s]Separating ligand pockets in PDB files:   1%|1         | 3402/234324 [01:18<1:45:39, 36.42it/s]Separating ligand pockets in PDB files:   1%|1         | 3456/234324 [01:19<1:47:15, 35.88it/s]Separating ligand pockets in PDB files:   1%|1         | 3510/234324 [01:21<1:50:45, 34.73it/s]Separating ligand pockets in PDB files:   2%|1         | 3564/234324 [01:23<1:53:23, 33.92it/s]Separating ligand pockets in PDB files:   2%|1         | 3618/234324 [01:24<1:49:31, 35.11it/s]Separating ligand pockets in PDB files:   2%|1         | 3672/234324 [01:26<1:55:56, 33.16it/s]Separating ligand pockets in PDB files:   2%|1         | 3726/234324 [01:28<1:59:17, 32.22it/s]Separating ligand pockets in PDB files:   2%|1         | 3780/234324 [01:30<2:08:47, 29.83it/s]Separating ligand pockets in PDB files:   2%|1         | 3834/234324 [01:31<1:54:14, 33.63it/s]Separating ligand pockets in PDB files:   2%|1         | 3888/234324 [01:32<1:49:43, 35.00it/s]Separating ligand pockets in PDB files:   2%|1         | 3942/234324 [01:34<1:48:35, 35.36it/s]Separating ligand pockets in PDB files:   2%|1         | 3996/234324 [01:35<1:44:13, 36.83it/s]Separating ligand pockets in PDB files:   2%|1         | 4050/234324 [01:37<1:46:21, 36.09it/s]Separating ligand pockets in PDB files:   2%|1         | 4104/234324 [01:38<1:38:39, 38.89it/s]Separating ligand pockets in PDB files:   2%|1         | 4158/234324 [01:39<1:32:23, 41.52it/s]Separating ligand pockets in PDB files:   2%|1         | 4212/234324 [01:40<1:33:12, 41.15it/s]Separating ligand pockets in PDB files:   2%|1         | 4266/234324 [01:42<1:35:19, 40.23it/s]Separating ligand pockets in PDB files:   2%|1         | 4320/234324 [01:43<1:43:04, 37.19it/s]Separating ligand pockets in PDB files:   2%|1         | 4374/234324 [01:44<1:34:26, 40.58it/s]Separating ligand pockets in PDB files:   2%|1         | 4428/234324 [01:46<1:39:08, 38.65it/s]Separating ligand pockets in PDB files:   2%|1         | 4482/234324 [01:47<1:40:04, 38.28it/s]Separating ligand pockets in PDB files:   2%|1         | 4536/234324 [01:49<1:43:58, 36.84it/s]Separating ligand pockets in PDB files:   2%|1         | 4590/234324 [01:50<1:43:25, 37.02it/s]Separating ligand pockets in PDB files:   2%|1         | 4644/234324 [01:51<1:33:55, 40.76it/s]Separating ligand pockets in PDB files:   2%|2         | 4698/234324 [01:52<1:26:57, 44.01it/s]Separating ligand pockets in PDB files:   2%|2         | 4752/234324 [01:54<1:32:32, 41.35it/s]Separating ligand pockets in PDB files:   2%|2         | 4806/234324 [01:55<1:36:49, 39.51it/s]Separating ligand pockets in PDB files:   2%|2         | 4860/234324 [01:57<1:43:19, 37.01it/s]Separating ligand pockets in PDB files:   2%|2         | 4914/234324 [01:59<1:48:26, 35.26it/s]Separating ligand pockets in PDB files:   2%|2         | 4968/234324 [02:00<1:34:08, 40.60it/s]Separating ligand pockets in PDB files:   2%|2         | 5022/234324 [02:01<1:29:20, 42.78it/s]Separating ligand pockets in PDB files:   2%|2         | 5076/234324 [02:02<1:30:10, 42.37it/s]Separating ligand pockets in PDB files:   2%|2         | 5130/234324 [02:03<1:32:51, 41.14it/s]Separating ligand pockets in PDB files:   2%|2         | 5184/234324 [02:05<1:39:38, 38.33it/s]Separating ligand pockets in PDB files:   2%|2         | 5238/234324 [02:07<1:46:59, 35.68it/s]Separating ligand pockets in PDB files:   2%|2         | 5292/234324 [02:08<1:44:18, 36.60it/s]Separating ligand pockets in PDB files:   2%|2         | 5346/234324 [02:10<1:47:05, 35.63it/s]Separating ligand pockets in PDB files:   2%|2         | 5400/234324 [02:11<1:47:30, 35.49it/s]Separating ligand pockets in PDB files:   2%|2         | 5454/234324 [02:13<1:48:17, 35.23it/s]Separating ligand pockets in PDB files:   2%|2         | 5508/234324 [02:14<1:36:12, 39.64it/s]Separating ligand pockets in PDB files:   2%|2         | 5562/234324 [02:15<1:38:39, 38.64it/s]Separating ligand pockets in PDB files:   2%|2         | 5616/234324 [02:17<1:42:03, 37.35it/s]Separating ligand pockets in PDB files:   2%|2         | 5670/234324 [02:18<1:35:28, 39.91it/s]Separating ligand pockets in PDB files:   2%|2         | 5724/234324 [02:20<1:39:40, 38.23it/s]Separating ligand pockets in PDB files:   2%|2         | 5778/234324 [02:21<1:30:48, 41.95it/s]Separating ligand pockets in PDB files:   2%|2         | 5832/234324 [02:22<1:30:56, 41.87it/s]Separating ligand pockets in PDB files:   3%|2         | 5886/234324 [02:23<1:24:50, 44.87it/s]Separating ligand pockets in PDB files:   3%|2         | 5940/234324 [02:24<1:28:56, 42.80it/s]Separating ligand pockets in PDB files:   3%|2         | 5994/234324 [02:25<1:22:40, 46.03it/s]Separating ligand pockets in PDB files:   3%|2         | 6048/234324 [02:26<1:13:26, 51.81it/s]Separating ligand pockets in PDB files:   3%|2         | 6102/234324 [02:27<1:13:21, 51.86it/s]Separating ligand pockets in PDB files:   3%|2         | 6156/234324 [02:28<1:13:45, 51.56it/s]Separating ligand pockets in PDB files:   3%|2         | 6210/234324 [02:29<1:12:34, 52.39it/s]Separating ligand pockets in PDB files:   3%|2         | 6264/234324 [02:30<1:14:54, 50.74it/s]Separating ligand pockets in PDB files:   3%|2         | 6318/234324 [02:32<1:25:46, 44.30it/s]Separating ligand pockets in PDB files:   3%|2         | 6372/234324 [02:33<1:30:46, 41.86it/s]Separating ligand pockets in PDB files:   3%|2         | 6426/234324 [02:34<1:26:15, 44.03it/s]Separating ligand pockets in PDB files:   3%|2         | 6480/234324 [02:36<1:36:55, 39.18it/s]Separating ligand pockets in PDB files:   3%|2         | 6534/234324 [02:38<1:40:35, 37.74it/s]Separating ligand pockets in PDB files:   3%|2         | 6588/234324 [02:39<1:33:54, 40.42it/s]Separating ligand pockets in PDB files:   3%|2         | 6642/234324 [02:41<1:45:18, 36.03it/s]Separating ligand pockets in PDB files:   3%|2         | 6696/234324 [02:42<1:46:58, 35.47it/s]Separating ligand pockets in PDB files:   3%|2         | 6750/234324 [02:44<1:46:19, 35.67it/s]Separating ligand pockets in PDB files:   3%|2         | 6804/234324 [02:45<1:43:21, 36.69it/s]Separating ligand pockets in PDB files:   3%|2         | 6858/234324 [02:47<1:50:24, 34.34it/s]Separating ligand pockets in PDB files:   3%|2         | 6912/234324 [02:48<1:39:32, 38.08it/s]Separating ligand pockets in PDB files:   3%|2         | 6966/234324 [02:49<1:37:41, 38.79it/s]Separating ligand pockets in PDB files:   3%|2         | 7020/234324 [02:51<1:37:59, 38.66it/s]Separating ligand pockets in PDB files:   3%|3         | 7074/234324 [02:52<1:35:03, 39.84it/s]Separating ligand pockets in PDB files:   3%|3         | 7128/234324 [02:53<1:27:54, 43.07it/s]Separating ligand pockets in PDB files:   3%|3         | 7182/234324 [02:55<1:36:02, 39.42it/s]Separating ligand pockets in PDB files:   3%|3         | 7236/234324 [02:56<1:38:05, 38.59it/s]Separating ligand pockets in PDB files:   3%|3         | 7290/234324 [02:57<1:39:04, 38.19it/s]Separating ligand pockets in PDB files:   3%|3         | 7344/234324 [02:59<1:35:02, 39.80it/s]Separating ligand pockets in PDB files:   3%|3         | 7398/234324 [03:00<1:44:00, 36.37it/s]Separating ligand pockets in PDB files:   3%|3         | 7452/234324 [03:02<1:45:43, 35.77it/s]Separating ligand pockets in PDB files:   3%|3         | 7506/234324 [03:03<1:36:56, 38.99it/s]Separating ligand pockets in PDB files:   3%|3         | 7560/234324 [03:04<1:35:50, 39.44it/s]Separating ligand pockets in PDB files:   3%|3         | 7614/234324 [03:06<1:30:56, 41.55it/s]Separating ligand pockets in PDB files:   3%|3         | 7668/234324 [03:07<1:29:52, 42.03it/s]Separating ligand pockets in PDB files:   3%|3         | 7722/234324 [03:08<1:33:31, 40.38it/s]Separating ligand pockets in PDB files:   3%|3         | 7776/234324 [03:10<1:36:53, 38.97it/s]Separating ligand pockets in PDB files:   3%|3         | 7830/234324 [03:13<2:20:53, 26.79it/s]Separating ligand pockets in PDB files:   3%|3         | 7884/234324 [03:14<1:59:08, 31.68it/s]Separating ligand pockets in PDB files:   3%|3         | 7938/234324 [03:15<1:39:19, 37.99it/s]Separating ligand pockets in PDB files:   3%|3         | 7992/234324 [03:16<1:26:16, 43.72it/s]Separating ligand pockets in PDB files:   3%|3         | 8046/234324 [03:17<1:25:36, 44.05it/s]Separating ligand pockets in PDB files:   3%|3         | 8100/234324 [03:20<2:00:25, 31.31it/s]Separating ligand pockets in PDB files:   3%|3         | 8154/234324 [03:22<2:14:15, 28.08it/s]Separating ligand pockets in PDB files:   4%|3         | 8208/234324 [03:23<1:56:10, 32.44it/s]Separating ligand pockets in PDB files:   4%|3         | 8262/234324 [03:25<1:50:00, 34.25it/s]Separating ligand pockets in PDB files:   4%|3         | 8316/234324 [03:26<1:35:47, 39.32it/s]Separating ligand pockets in PDB files:   4%|3         | 8370/234324 [03:27<1:27:33, 43.01it/s]Separating ligand pockets in PDB files:   4%|3         | 8424/234324 [03:27<1:16:26, 49.26it/s]Separating ligand pockets in PDB files:   4%|3         | 8478/234324 [03:28<1:15:21, 49.95it/s]Separating ligand pockets in PDB files:   4%|3         | 8532/234324 [03:29<1:12:11, 52.13it/s]Separating ligand pockets in PDB files:   4%|3         | 8586/234324 [03:30<1:09:52, 53.84it/s]Separating ligand pockets in PDB files:   4%|3         | 8640/234324 [03:31<1:11:10, 52.84it/s]Separating ligand pockets in PDB files:   4%|3         | 8694/234324 [03:33<1:18:33, 47.87it/s]Separating ligand pockets in PDB files:   4%|3         | 8748/234324 [03:34<1:14:52, 50.21it/s]Separating ligand pockets in PDB files:   4%|3         | 8802/234324 [03:35<1:12:57, 51.52it/s]Separating ligand pockets in PDB files:   4%|3         | 8856/234324 [03:36<1:17:29, 48.50it/s]Separating ligand pockets in PDB files:   4%|3         | 8910/234324 [03:37<1:11:42, 52.39it/s]Separating ligand pockets in PDB files:   4%|3         | 8964/234324 [03:38<1:07:02, 56.03it/s]Separating ligand pockets in PDB files:   4%|3         | 9018/234324 [03:38<1:06:13, 56.70it/s]Separating ligand pockets in PDB files:   4%|3         | 9072/234324 [03:39<1:07:23, 55.70it/s]Separating ligand pockets in PDB files:   4%|3         | 9126/234324 [03:40<1:07:54, 55.27it/s]Separating ligand pockets in PDB files:   4%|3         | 9180/234324 [03:42<1:13:32, 51.02it/s]Separating ligand pockets in PDB files:   4%|3         | 9234/234324 [03:43<1:13:19, 51.16it/s]Separating ligand pockets in PDB files:   4%|3         | 9288/234324 [03:44<1:09:11, 54.21it/s]Separating ligand pockets in PDB files:   4%|3         | 9342/234324 [03:44<1:05:25, 57.32it/s]Separating ligand pockets in PDB files:   4%|4         | 9396/234324 [03:45<1:04:19, 58.28it/s]Separating ligand pockets in PDB files:   4%|4         | 9450/234324 [03:46<1:03:02, 59.46it/s]Separating ligand pockets in PDB files:   4%|4         | 9504/234324 [03:47<1:00:18, 62.13it/s]Separating ligand pockets in PDB files:   4%|4         | 9558/234324 [03:48<1:01:29, 60.92it/s]Separating ligand pockets in PDB files:   4%|4         | 9612/234324 [03:49<1:06:35, 56.25it/s]Separating ligand pockets in PDB files:   4%|4         | 9666/234324 [03:50<1:10:11, 53.34it/s]Separating ligand pockets in PDB files:   4%|4         | 9720/234324 [03:51<1:11:06, 52.65it/s]Separating ligand pockets in PDB files:   4%|4         | 9774/234324 [03:52<1:06:15, 56.49it/s]Separating ligand pockets in PDB files:   4%|4         | 9828/234324 [03:53<1:08:28, 54.65it/s]Separating ligand pockets in PDB files:   4%|4         | 9882/234324 [03:54<1:16:03, 49.18it/s]Separating ligand pockets in PDB files:   4%|4         | 9936/234324 [03:55<1:08:36, 54.50it/s]Separating ligand pockets in PDB files:   4%|4         | 9990/234324 [03:57<1:16:52, 48.63it/s]Separating ligand pockets in PDB files:   4%|4         | 10044/234324 [03:57<1:11:38, 52.17it/s]Separating ligand pockets in PDB files:   4%|4         | 10098/234324 [03:59<1:12:42, 51.40it/s]Separating ligand pockets in PDB files:   4%|4         | 10152/234324 [04:00<1:14:35, 50.09it/s]Separating ligand pockets in PDB files:   4%|4         | 10206/234324 [04:01<1:13:24, 50.88it/s]Separating ligand pockets in PDB files:   4%|4         | 10260/234324 [04:02<1:17:22, 48.27it/s]Separating ligand pockets in PDB files:   4%|4         | 10314/234324 [04:03<1:11:05, 52.52it/s]Separating ligand pockets in PDB files:   4%|4         | 10368/234324 [04:04<1:15:07, 49.69it/s]Separating ligand pockets in PDB files:   4%|4         | 10422/234324 [04:05<1:22:01, 45.49it/s]Separating ligand pockets in PDB files:   4%|4         | 10476/234324 [04:06<1:19:28, 46.95it/s]Separating ligand pockets in PDB files:   4%|4         | 10530/234324 [04:08<1:22:30, 45.20it/s]Separating ligand pockets in PDB files:   5%|4         | 10584/234324 [04:09<1:17:09, 48.33it/s]Separating ligand pockets in PDB files:   5%|4         | 10638/234324 [04:10<1:10:43, 52.71it/s]Separating ligand pockets in PDB files:   5%|4         | 10692/234324 [04:10<1:07:25, 55.28it/s]Separating ligand pockets in PDB files:   5%|4         | 10746/234324 [04:11<1:06:37, 55.93it/s]Separating ligand pockets in PDB files:   5%|4         | 10800/234324 [04:12<1:05:05, 57.23it/s]Separating ligand pockets in PDB files:   5%|4         | 10854/234324 [04:13<1:03:01, 59.10it/s]Separating ligand pockets in PDB files:   5%|4         | 10908/234324 [04:14<1:00:20, 61.70it/s]Separating ligand pockets in PDB files:   5%|4         | 10962/234324 [04:15<1:01:01, 61.00it/s]Separating ligand pockets in PDB files:   5%|4         | 11016/234324 [04:16<58:18, 63.82it/s]  Separating ligand pockets in PDB files:   5%|4         | 11070/234324 [04:17<1:02:31, 59.50it/s]Separating ligand pockets in PDB files:   5%|4         | 11124/234324 [04:18<1:07:17, 55.28it/s]Separating ligand pockets in PDB files:   5%|4         | 11178/234324 [04:19<1:10:33, 52.71it/s]Separating ligand pockets in PDB files:   5%|4         | 11232/234324 [04:20<1:13:03, 50.90it/s]Separating ligand pockets in PDB files:   5%|4         | 11286/234324 [04:21<1:07:53, 54.76it/s]Separating ligand pockets in PDB files:   5%|4         | 11340/234324 [04:22<1:08:02, 54.62it/s]Separating ligand pockets in PDB files:   5%|4         | 11394/234324 [04:23<1:09:04, 53.79it/s]Separating ligand pockets in PDB files:   5%|4         | 11448/234324 [04:24<1:09:09, 53.71it/s]Separating ligand pockets in PDB files:   5%|4         | 11502/234324 [04:25<1:05:56, 56.32it/s]Separating ligand pockets in PDB files:   5%|4         | 11556/234324 [04:26<1:03:02, 58.89it/s]Separating ligand pockets in PDB files:   5%|4         | 11610/234324 [04:26<1:03:35, 58.37it/s]Separating ligand pockets in PDB files:   5%|4         | 11664/234324 [04:28<1:07:52, 54.68it/s]Separating ligand pockets in PDB files:   5%|5         | 11718/234324 [04:29<1:07:14, 55.17it/s]Separating ligand pockets in PDB files:   5%|5         | 11772/234324 [04:30<1:07:45, 54.74it/s]Separating ligand pockets in PDB files:   5%|5         | 11826/234324 [04:31<1:07:19, 55.08it/s]Separating ligand pockets in PDB files:   5%|5         | 11880/234324 [04:32<1:09:33, 53.30it/s]Separating ligand pockets in PDB files:   5%|5         | 11934/234324 [04:33<1:08:44, 53.92it/s]Separating ligand pockets in PDB files:   5%|5         | 11988/234324 [04:34<1:07:32, 54.86it/s]Separating ligand pockets in PDB files:   5%|5         | 12042/234324 [04:35<1:09:01, 53.67it/s]Separating ligand pockets in PDB files:   5%|5         | 12096/234324 [04:36<1:11:18, 51.95it/s]Separating ligand pockets in PDB files:   5%|5         | 12150/234324 [04:37<1:14:30, 49.69it/s]Separating ligand pockets in PDB files:   5%|5         | 12204/234324 [04:38<1:05:16, 56.72it/s]Separating ligand pockets in PDB files:   5%|5         | 12258/234324 [04:38<1:04:46, 57.14it/s]Separating ligand pockets in PDB files:   5%|5         | 12312/234324 [04:39<1:02:56, 58.80it/s]Separating ligand pockets in PDB files:   5%|5         | 12366/234324 [04:40<1:06:21, 55.74it/s]Separating ligand pockets in PDB files:   5%|5         | 12420/234324 [04:41<1:08:10, 54.25it/s]Separating ligand pockets in PDB files:   5%|5         | 12474/234324 [04:42<1:08:44, 53.79it/s]Separating ligand pockets in PDB files:   5%|5         | 12528/234324 [04:43<1:08:55, 53.64it/s]Separating ligand pockets in PDB files:   5%|5         | 12582/234324 [04:44<1:08:18, 54.10it/s]Separating ligand pockets in PDB files:   5%|5         | 12636/234324 [04:46<1:09:28, 53.19it/s]Separating ligand pockets in PDB files:   5%|5         | 12690/234324 [04:47<1:14:28, 49.60it/s]Separating ligand pockets in PDB files:   5%|5         | 12744/234324 [04:48<1:15:10, 49.12it/s]Separating ligand pockets in PDB files:   5%|5         | 12798/234324 [04:49<1:12:16, 51.08it/s]Separating ligand pockets in PDB files:   5%|5         | 12852/234324 [04:50<1:10:49, 52.12it/s]Separating ligand pockets in PDB files:   6%|5         | 12906/234324 [04:51<1:13:11, 50.41it/s]Separating ligand pockets in PDB files:   6%|5         | 12960/234324 [04:52<1:16:46, 48.05it/s]Separating ligand pockets in PDB files:   6%|5         | 13014/234324 [04:53<1:12:50, 50.64it/s]Separating ligand pockets in PDB files:   6%|5         | 13068/234324 [04:54<1:09:54, 52.75it/s]Separating ligand pockets in PDB files:   6%|5         | 13122/234324 [04:55<1:10:43, 52.13it/s]Separating ligand pockets in PDB files:   6%|5         | 13176/234324 [04:57<1:21:30, 45.22it/s]Separating ligand pockets in PDB files:   6%|5         | 13230/234324 [04:58<1:16:56, 47.89it/s]Separating ligand pockets in PDB files:   6%|5         | 13284/234324 [04:59<1:20:08, 45.97it/s]Separating ligand pockets in PDB files:   6%|5         | 13338/234324 [05:00<1:16:50, 47.93it/s]Separating ligand pockets in PDB files:   6%|5         | 13392/234324 [05:01<1:11:08, 51.75it/s]Separating ligand pockets in PDB files:   6%|5         | 13446/234324 [05:02<1:08:43, 53.56it/s]Separating ligand pockets in PDB files:   6%|5         | 13500/234324 [05:03<1:11:24, 51.54it/s]Separating ligand pockets in PDB files:   6%|5         | 13554/234324 [05:04<1:11:19, 51.59it/s]Separating ligand pockets in PDB files:   6%|5         | 13608/234324 [05:05<1:07:32, 54.46it/s]Separating ligand pockets in PDB files:   6%|5         | 13662/234324 [05:06<1:12:11, 50.95it/s]Separating ligand pockets in PDB files:   6%|5         | 13716/234324 [05:07<1:05:05, 56.49it/s]Separating ligand pockets in PDB files:   6%|5         | 13770/234324 [05:08<1:05:45, 55.90it/s]Separating ligand pockets in PDB files:   6%|5         | 13824/234324 [05:09<1:06:45, 55.05it/s]Separating ligand pockets in PDB files:   6%|5         | 13878/234324 [05:10<1:13:17, 50.13it/s]Separating ligand pockets in PDB files:   6%|5         | 13932/234324 [05:11<1:12:35, 50.60it/s]Separating ligand pockets in PDB files:   6%|5         | 13986/234324 [05:12<1:16:28, 48.02it/s]Separating ligand pockets in PDB files:   6%|5         | 14040/234324 [05:13<1:13:53, 49.69it/s]Separating ligand pockets in PDB files:   6%|6         | 14094/234324 [05:14<1:14:37, 49.19it/s]Separating ligand pockets in PDB files:   6%|6         | 14148/234324 [05:16<1:18:27, 46.78it/s]Separating ligand pockets in PDB files:   6%|6         | 14202/234324 [05:17<1:15:14, 48.76it/s]Separating ligand pockets in PDB files:   6%|6         | 14256/234324 [05:18<1:13:06, 50.17it/s]Separating ligand pockets in PDB files:   6%|6         | 14310/234324 [05:19<1:17:30, 47.31it/s]Separating ligand pockets in PDB files:   6%|6         | 14364/234324 [05:20<1:16:37, 47.84it/s]Separating ligand pockets in PDB files:   6%|6         | 14418/234324 [05:21<1:12:05, 50.84it/s]Separating ligand pockets in PDB files:   6%|6         | 14472/234324 [05:22<1:09:54, 52.42it/s]Separating ligand pockets in PDB files:   6%|6         | 14526/234324 [05:24<1:19:22, 46.15it/s]Separating ligand pockets in PDB files:   6%|6         | 14580/234324 [05:25<1:23:52, 43.67it/s]Separating ligand pockets in PDB files:   6%|6         | 14634/234324 [05:26<1:27:25, 41.88it/s]Separating ligand pockets in PDB files:   6%|6         | 14688/234324 [05:28<1:27:18, 41.92it/s]Separating ligand pockets in PDB files:   6%|6         | 14742/234324 [05:29<1:28:33, 41.33it/s]Separating ligand pockets in PDB files:   6%|6         | 14796/234324 [05:30<1:19:29, 46.02it/s]Separating ligand pockets in PDB files:   6%|6         | 14850/234324 [05:31<1:18:16, 46.73it/s]Separating ligand pockets in PDB files:   6%|6         | 14904/234324 [05:32<1:15:11, 48.64it/s]Separating ligand pockets in PDB files:   6%|6         | 14958/234324 [05:33<1:13:46, 49.56it/s]Separating ligand pockets in PDB files:   6%|6         | 15012/234324 [05:34<1:11:54, 50.83it/s]Separating ligand pockets in PDB files:   6%|6         | 15066/234324 [05:35<1:04:00, 57.09it/s]Separating ligand pockets in PDB files:   6%|6         | 15120/234324 [05:36<1:03:55, 57.15it/s]Separating ligand pockets in PDB files:   6%|6         | 15174/234324 [05:37<1:07:23, 54.20it/s]Separating ligand pockets in PDB files:   6%|6         | 15228/234324 [05:38<1:13:50, 49.45it/s]Separating ligand pockets in PDB files:   7%|6         | 15282/234324 [05:39<1:15:39, 48.26it/s]Separating ligand pockets in PDB files:   7%|6         | 15336/234324 [05:40<1:07:31, 54.05it/s]Separating ligand pockets in PDB files:   7%|6         | 15390/234324 [05:41<1:09:33, 52.46it/s]Separating ligand pockets in PDB files:   7%|6         | 15444/234324 [05:42<1:12:40, 50.20it/s]Separating ligand pockets in PDB files:   7%|6         | 15498/234324 [05:44<1:17:26, 47.09it/s]Separating ligand pockets in PDB files:   7%|6         | 15552/234324 [05:45<1:27:02, 41.89it/s]Separating ligand pockets in PDB files:   7%|6         | 15606/234324 [05:46<1:24:27, 43.16it/s]Separating ligand pockets in PDB files:   7%|6         | 15660/234324 [05:47<1:20:54, 45.04it/s]Separating ligand pockets in PDB files:   7%|6         | 15714/234324 [05:49<1:23:30, 43.63it/s]Separating ligand pockets in PDB files:   7%|6         | 15768/234324 [05:50<1:19:23, 45.89it/s]Separating ligand pockets in PDB files:   7%|6         | 15822/234324 [05:51<1:11:52, 50.66it/s]Separating ligand pockets in PDB files:   7%|6         | 15876/234324 [05:51<1:05:56, 55.21it/s]Separating ligand pockets in PDB files:   7%|6         | 15930/234324 [05:53<1:09:48, 52.14it/s]Separating ligand pockets in PDB files:   7%|6         | 15984/234324 [05:54<1:09:11, 52.60it/s]Separating ligand pockets in PDB files:   7%|6         | 16038/234324 [05:55<1:10:37, 51.51it/s]Separating ligand pockets in PDB files:   7%|6         | 16092/234324 [05:55<1:05:20, 55.66it/s]Separating ligand pockets in PDB files:   7%|6         | 16146/234324 [05:56<1:01:57, 58.68it/s]Separating ligand pockets in PDB files:   7%|6         | 16200/234324 [05:57<52:38, 69.07it/s]  Separating ligand pockets in PDB files:   7%|6         | 16254/234324 [05:58<53:49, 67.51it/s]Separating ligand pockets in PDB files:   7%|6         | 16308/234324 [05:59<1:04:42, 56.15it/s]Separating ligand pockets in PDB files:   7%|6         | 16362/234324 [06:00<1:09:25, 52.32it/s]Separating ligand pockets in PDB files:   7%|7         | 16416/234324 [06:01<1:12:28, 50.11it/s]Separating ligand pockets in PDB files:   7%|7         | 16470/234324 [06:03<1:17:38, 46.76it/s]Separating ligand pockets in PDB files:   7%|7         | 16524/234324 [06:04<1:17:48, 46.65it/s]Separating ligand pockets in PDB files:   7%|7         | 16578/234324 [06:05<1:21:32, 44.50it/s]Separating ligand pockets in PDB files:   7%|7         | 16632/234324 [06:06<1:20:49, 44.89it/s]Separating ligand pockets in PDB files:   7%|7         | 16686/234324 [06:07<1:12:44, 49.86it/s]Separating ligand pockets in PDB files:   7%|7         | 16740/234324 [06:08<1:11:54, 50.43it/s]Separating ligand pockets in PDB files:   7%|7         | 16794/234324 [06:09<1:12:20, 50.12it/s]Separating ligand pockets in PDB files:   7%|7         | 16848/234324 [06:10<1:10:06, 51.70it/s]Separating ligand pockets in PDB files:   7%|7         | 16902/234324 [06:11<1:09:13, 52.34it/s]Separating ligand pockets in PDB files:   7%|7         | 16956/234324 [06:12<1:03:41, 56.88it/s]Separating ligand pockets in PDB files:   7%|7         | 17010/234324 [06:13<1:04:17, 56.34it/s]Separating ligand pockets in PDB files:   7%|7         | 17064/234324 [06:14<1:04:41, 55.97it/s]Separating ligand pockets in PDB files:   7%|7         | 17118/234324 [06:15<1:06:57, 54.06it/s]Separating ligand pockets in PDB files:   7%|7         | 17172/234324 [06:16<1:10:40, 51.21it/s]Separating ligand pockets in PDB files:   7%|7         | 17226/234324 [06:17<1:11:42, 50.46it/s]Separating ligand pockets in PDB files:   7%|7         | 17280/234324 [06:19<1:15:51, 47.68it/s]Separating ligand pockets in PDB files:   7%|7         | 17334/234324 [06:20<1:17:57, 46.39it/s]Separating ligand pockets in PDB files:   7%|7         | 17388/234324 [06:21<1:16:14, 47.42it/s]Separating ligand pockets in PDB files:   7%|7         | 17442/234324 [06:22<1:20:14, 45.05it/s]Separating ligand pockets in PDB files:   7%|7         | 17496/234324 [06:23<1:19:35, 45.41it/s]Separating ligand pockets in PDB files:   7%|7         | 17550/234324 [06:24<1:15:34, 47.81it/s]Separating ligand pockets in PDB files:   8%|7         | 17604/234324 [06:25<1:14:39, 48.38it/s]Separating ligand pockets in PDB files:   8%|7         | 17658/234324 [06:26<1:13:03, 49.43it/s]Separating ligand pockets in PDB files:   8%|7         | 17712/234324 [06:27<1:10:12, 51.42it/s]Separating ligand pockets in PDB files:   8%|7         | 17766/234324 [06:28<1:10:52, 50.93it/s]Separating ligand pockets in PDB files:   8%|7         | 17820/234324 [06:30<1:17:07, 46.79it/s]Separating ligand pockets in PDB files:   8%|7         | 17874/234324 [06:31<1:15:03, 48.06it/s]Separating ligand pockets in PDB files:   8%|7         | 17928/234324 [06:33<1:25:30, 42.18it/s]Separating ligand pockets in PDB files:   8%|7         | 17982/234324 [06:34<1:22:10, 43.88it/s]Separating ligand pockets in PDB files:   8%|7         | 18036/234324 [06:35<1:17:33, 46.48it/s]Separating ligand pockets in PDB files:   8%|7         | 18090/234324 [06:36<1:19:48, 45.16it/s]Separating ligand pockets in PDB files:   8%|7         | 18144/234324 [06:37<1:17:24, 46.55it/s]Separating ligand pockets in PDB files:   8%|7         | 18198/234324 [06:38<1:07:16, 53.55it/s]Separating ligand pockets in PDB files:   8%|7         | 18252/234324 [06:38<1:02:43, 57.42it/s]Separating ligand pockets in PDB files:   8%|7         | 18306/234324 [06:39<1:02:57, 57.18it/s]Separating ligand pockets in PDB files:   8%|7         | 18360/234324 [06:41<1:05:45, 54.74it/s]Separating ligand pockets in PDB files:   8%|7         | 18414/234324 [06:42<1:11:12, 50.54it/s]Separating ligand pockets in PDB files:   8%|7         | 18468/234324 [06:43<1:07:52, 53.01it/s]Separating ligand pockets in PDB files:   8%|7         | 18522/234324 [06:44<1:05:02, 55.30it/s]Separating ligand pockets in PDB files:   8%|7         | 18576/234324 [06:45<1:10:27, 51.03it/s]Separating ligand pockets in PDB files:   8%|7         | 18630/234324 [06:46<1:18:06, 46.02it/s]Separating ligand pockets in PDB files:   8%|7         | 18684/234324 [06:47<1:12:37, 49.49it/s]Separating ligand pockets in PDB files:   8%|7         | 18738/234324 [06:48<1:04:20, 55.84it/s]Separating ligand pockets in PDB files:   8%|8         | 18792/234324 [06:49<59:06, 60.77it/s]  Separating ligand pockets in PDB files:   8%|8         | 18846/234324 [06:49<58:22, 61.52it/s]Separating ligand pockets in PDB files:   8%|8         | 18900/234324 [06:50<53:34, 67.01it/s]Separating ligand pockets in PDB files:   8%|8         | 18954/234324 [06:51<1:03:46, 56.28it/s]Separating ligand pockets in PDB files:   8%|8         | 19008/234324 [06:52<1:07:39, 53.04it/s]Separating ligand pockets in PDB files:   8%|8         | 19062/234324 [06:53<1:03:38, 56.38it/s]Separating ligand pockets in PDB files:   8%|8         | 19116/234324 [06:54<1:07:21, 53.25it/s]Separating ligand pockets in PDB files:   8%|8         | 19170/234324 [06:56<1:12:48, 49.25it/s]Separating ligand pockets in PDB files:   8%|8         | 19224/234324 [06:57<1:15:16, 47.63it/s]Separating ligand pockets in PDB files:   8%|8         | 19278/234324 [06:58<1:11:40, 50.00it/s]Separating ligand pockets in PDB files:   8%|8         | 19332/234324 [06:59<1:08:59, 51.93it/s]Separating ligand pockets in PDB files:   8%|8         | 19386/234324 [07:00<1:06:08, 54.16it/s]Separating ligand pockets in PDB files:   8%|8         | 19440/234324 [07:01<1:06:30, 53.85it/s]Separating ligand pockets in PDB files:   8%|8         | 19494/234324 [07:02<1:13:34, 48.67it/s]Separating ligand pockets in PDB files:   8%|8         | 19548/234324 [07:03<1:17:24, 46.25it/s]Separating ligand pockets in PDB files:   8%|8         | 19602/234324 [07:04<1:13:13, 48.87it/s]Separating ligand pockets in PDB files:   8%|8         | 19656/234324 [07:05<1:10:02, 51.09it/s]Separating ligand pockets in PDB files:   8%|8         | 19710/234324 [07:06<1:06:47, 53.55it/s]Separating ligand pockets in PDB files:   8%|8         | 19764/234324 [07:07<1:05:54, 54.26it/s]Separating ligand pockets in PDB files:   8%|8         | 19818/234324 [07:08<1:02:57, 56.78it/s]Separating ligand pockets in PDB files:   8%|8         | 19872/234324 [07:09<1:05:14, 54.78it/s]Separating ligand pockets in PDB files:   9%|8         | 19926/234324 [07:10<1:05:28, 54.58it/s]Separating ligand pockets in PDB files:   9%|8         | 19980/234324 [07:11<1:04:02, 55.78it/s]Separating ligand pockets in PDB files:   9%|8         | 20034/234324 [07:12<1:03:33, 56.20it/s]Separating ligand pockets in PDB files:   9%|8         | 20088/234324 [07:13<1:09:25, 51.44it/s]Separating ligand pockets in PDB files:   9%|8         | 20142/234324 [07:14<1:07:50, 52.62it/s]Separating ligand pockets in PDB files:   9%|8         | 20196/234324 [07:15<1:03:37, 56.09it/s]Separating ligand pockets in PDB files:   9%|8         | 20250/234324 [07:16<1:03:01, 56.60it/s]Separating ligand pockets in PDB files:   9%|8         | 20304/234324 [07:17<1:03:33, 56.13it/s]Separating ligand pockets in PDB files:   9%|8         | 20358/234324 [07:18<1:02:36, 56.96it/s]Separating ligand pockets in PDB files:   9%|8         | 20412/234324 [07:18<55:10, 64.61it/s]  Separating ligand pockets in PDB files:   9%|8         | 20466/234324 [07:19<58:28, 60.96it/s]Separating ligand pockets in PDB files:   9%|8         | 20520/234324 [07:20<1:01:42, 57.75it/s]Separating ligand pockets in PDB files:   9%|8         | 20574/234324 [07:21<1:02:18, 57.17it/s]Separating ligand pockets in PDB files:   9%|8         | 20628/234324 [07:23<1:04:56, 54.85it/s]Separating ligand pockets in PDB files:   9%|8         | 20682/234324 [07:24<1:09:35, 51.17it/s]Separating ligand pockets in PDB files:   9%|8         | 20736/234324 [07:25<1:09:38, 51.12it/s]Separating ligand pockets in PDB files:   9%|8         | 20790/234324 [07:26<1:07:06, 53.03it/s]Separating ligand pockets in PDB files:   9%|8         | 20844/234324 [07:27<1:15:46, 46.96it/s]Separating ligand pockets in PDB files:   9%|8         | 20898/234324 [07:28<1:16:03, 46.77it/s]Separating ligand pockets in PDB files:   9%|8         | 20952/234324 [07:30<1:17:02, 46.16it/s]Separating ligand pockets in PDB files:   9%|8         | 21006/234324 [07:31<1:17:22, 45.95it/s]Separating ligand pockets in PDB files:   9%|8         | 21060/234324 [07:32<1:18:39, 45.18it/s]Separating ligand pockets in PDB files:   9%|9         | 21114/234324 [07:33<1:16:29, 46.46it/s]Separating ligand pockets in PDB files:   9%|9         | 21168/234324 [07:34<1:12:57, 48.69it/s]Separating ligand pockets in PDB files:   9%|9         | 21222/234324 [07:35<1:11:33, 49.63it/s]Separating ligand pockets in PDB files:   9%|9         | 21276/234324 [07:36<1:08:21, 51.95it/s]Separating ligand pockets in PDB files:   9%|9         | 21330/234324 [07:37<1:13:55, 48.02it/s]Separating ligand pockets in PDB files:   9%|9         | 21384/234324 [07:39<1:18:16, 45.34it/s]Separating ligand pockets in PDB files:   9%|9         | 21438/234324 [07:40<1:23:27, 42.52it/s]Separating ligand pockets in PDB files:   9%|9         | 21492/234324 [07:41<1:23:15, 42.61it/s]Separating ligand pockets in PDB files:   9%|9         | 21546/234324 [07:43<1:20:32, 44.03it/s]Separating ligand pockets in PDB files:   9%|9         | 21600/234324 [07:43<1:11:19, 49.71it/s]Separating ligand pockets in PDB files:   9%|9         | 21654/234324 [07:44<1:07:16, 52.69it/s]Separating ligand pockets in PDB files:   9%|9         | 21708/234324 [07:45<1:05:19, 54.25it/s]Separating ligand pockets in PDB files:   9%|9         | 21762/234324 [07:46<1:05:50, 53.81it/s]Separating ligand pockets in PDB files:   9%|9         | 21816/234324 [07:47<1:04:17, 55.09it/s]Separating ligand pockets in PDB files:   9%|9         | 21870/234324 [07:48<1:05:25, 54.12it/s]Separating ligand pockets in PDB files:   9%|9         | 21924/234324 [07:49<1:03:57, 55.34it/s]Separating ligand pockets in PDB files:   9%|9         | 21978/234324 [07:50<1:11:51, 49.25it/s]Separating ligand pockets in PDB files:   9%|9         | 22032/234324 [07:51<1:10:55, 49.88it/s]Separating ligand pockets in PDB files:   9%|9         | 22086/234324 [07:53<1:13:41, 48.00it/s]Separating ligand pockets in PDB files:   9%|9         | 22140/234324 [07:54<1:24:00, 42.10it/s]Separating ligand pockets in PDB files:   9%|9         | 22194/234324 [07:56<1:27:11, 40.55it/s]Separating ligand pockets in PDB files:   9%|9         | 22248/234324 [07:57<1:20:36, 43.85it/s]Separating ligand pockets in PDB files:  10%|9         | 22302/234324 [07:58<1:13:07, 48.32it/s]Separating ligand pockets in PDB files:  10%|9         | 22356/234324 [07:59<1:11:49, 49.19it/s]Separating ligand pockets in PDB files:  10%|9         | 22410/234324 [08:00<1:08:48, 51.33it/s]Separating ligand pockets in PDB files:  10%|9         | 22464/234324 [08:00<1:04:40, 54.60it/s]Separating ligand pockets in PDB files:  10%|9         | 22518/234324 [08:01<1:00:52, 58.00it/s]Separating ligand pockets in PDB files:  10%|9         | 22572/234324 [08:02<56:17, 62.69it/s]  Separating ligand pockets in PDB files:  10%|9         | 22626/234324 [08:03<1:02:01, 56.88it/s]Separating ligand pockets in PDB files:  10%|9         | 22680/234324 [08:04<1:00:41, 58.12it/s]Separating ligand pockets in PDB files:  10%|9         | 22734/234324 [08:05<1:08:43, 51.31it/s]Separating ligand pockets in PDB files:  10%|9         | 22788/234324 [08:06<1:10:59, 49.66it/s]Separating ligand pockets in PDB files:  10%|9         | 22842/234324 [08:08<1:16:42, 45.95it/s]Separating ligand pockets in PDB files:  10%|9         | 22896/234324 [08:09<1:16:08, 46.28it/s]Separating ligand pockets in PDB files:  10%|9         | 22950/234324 [08:10<1:11:31, 49.25it/s]Separating ligand pockets in PDB files:  10%|9         | 23004/234324 [08:11<1:05:07, 54.08it/s]Separating ligand pockets in PDB files:  10%|9         | 23058/234324 [08:11<56:59, 61.77it/s]  Separating ligand pockets in PDB files:  10%|9         | 23112/234324 [08:12<1:00:45, 57.93it/s]Separating ligand pockets in PDB files:  10%|9         | 23166/234324 [08:14<1:05:27, 53.77it/s]Separating ligand pockets in PDB files:  10%|9         | 23220/234324 [08:15<1:10:44, 49.73it/s]Separating ligand pockets in PDB files:  10%|9         | 23274/234324 [08:16<1:19:49, 44.07it/s]Separating ligand pockets in PDB files:  10%|9         | 23328/234324 [08:18<1:20:59, 43.42it/s]Separating ligand pockets in PDB files:  10%|9         | 23382/234324 [08:19<1:22:05, 42.82it/s]Separating ligand pockets in PDB files:  10%|#         | 23436/234324 [08:20<1:26:43, 40.53it/s]Separating ligand pockets in PDB files:  10%|#         | 23490/234324 [08:22<1:29:41, 39.18it/s]Separating ligand pockets in PDB files:  10%|#         | 23544/234324 [08:23<1:25:13, 41.22it/s]Separating ligand pockets in PDB files:  10%|#         | 23598/234324 [08:25<1:27:29, 40.15it/s]Separating ligand pockets in PDB files:  10%|#         | 23652/234324 [08:28<1:59:34, 29.36it/s]Separating ligand pockets in PDB files:  10%|#         | 23706/234324 [08:29<1:59:02, 29.49it/s]Separating ligand pockets in PDB files:  10%|#         | 23760/234324 [08:30<1:45:37, 33.22it/s]Separating ligand pockets in PDB files:  10%|#         | 23814/234324 [08:32<1:44:48, 33.48it/s]Separating ligand pockets in PDB files:  10%|#         | 23868/234324 [08:33<1:40:11, 35.01it/s]Separating ligand pockets in PDB files:  10%|#         | 23922/234324 [08:35<1:45:17, 33.31it/s]Separating ligand pockets in PDB files:  10%|#         | 23976/234324 [08:38<2:03:08, 28.47it/s]Separating ligand pockets in PDB files:  10%|#         | 24030/234324 [08:39<1:50:27, 31.73it/s]Separating ligand pockets in PDB files:  10%|#         | 24084/234324 [08:40<1:37:25, 35.97it/s]Separating ligand pockets in PDB files:  10%|#         | 24138/234324 [08:42<1:45:06, 33.33it/s]Separating ligand pockets in PDB files:  10%|#         | 24192/234324 [08:45<2:21:03, 24.83it/s]Separating ligand pockets in PDB files:  10%|#         | 24246/234324 [08:47<2:02:06, 28.67it/s]Separating ligand pockets in PDB files:  10%|#         | 24300/234324 [08:48<1:46:22, 32.91it/s]Separating ligand pockets in PDB files:  10%|#         | 24354/234324 [08:49<1:40:10, 34.93it/s]Separating ligand pockets in PDB files:  10%|#         | 24408/234324 [08:50<1:27:20, 40.05it/s]Separating ligand pockets in PDB files:  10%|#         | 24462/234324 [08:51<1:17:23, 45.19it/s]Separating ligand pockets in PDB files:  10%|#         | 24516/234324 [08:52<1:16:38, 45.63it/s]Separating ligand pockets in PDB files:  10%|#         | 24570/234324 [08:53<1:11:04, 49.18it/s]Separating ligand pockets in PDB files:  11%|#         | 24624/234324 [08:54<1:06:41, 52.41it/s]Separating ligand pockets in PDB files:  11%|#         | 24678/234324 [08:55<1:07:21, 51.87it/s]Separating ligand pockets in PDB files:  11%|#         | 24732/234324 [08:56<1:06:09, 52.80it/s]Separating ligand pockets in PDB files:  11%|#         | 24786/234324 [08:57<1:04:29, 54.15it/s]Separating ligand pockets in PDB files:  11%|#         | 24840/234324 [08:57<58:04, 60.12it/s]  Separating ligand pockets in PDB files:  11%|#         | 24894/234324 [08:58<59:00, 59.15it/s]Separating ligand pockets in PDB files:  11%|#         | 24948/234324 [08:59<55:55, 62.39it/s]Separating ligand pockets in PDB files:  11%|#         | 25002/234324 [09:00<59:41, 58.44it/s]Separating ligand pockets in PDB files:  11%|#         | 25056/234324 [09:01<1:03:09, 55.22it/s]Separating ligand pockets in PDB files:  11%|#         | 25110/234324 [09:02<1:02:19, 55.95it/s]Separating ligand pockets in PDB files:  11%|#         | 25164/234324 [09:03<1:03:04, 55.26it/s]Separating ligand pockets in PDB files:  11%|#         | 25218/234324 [09:04<1:06:48, 52.16it/s]Separating ligand pockets in PDB files:  11%|#         | 25272/234324 [09:05<1:02:09, 56.05it/s]Separating ligand pockets in PDB files:  11%|#         | 25326/234324 [09:06<1:02:02, 56.15it/s]Separating ligand pockets in PDB files:  11%|#         | 25380/234324 [09:07<1:05:36, 53.08it/s]Separating ligand pockets in PDB files:  11%|#         | 25434/234324 [09:08<1:02:37, 55.59it/s]Separating ligand pockets in PDB files:  11%|#         | 25488/234324 [09:09<1:05:37, 53.04it/s]Separating ligand pockets in PDB files:  11%|#         | 25542/234324 [09:10<1:02:12, 55.94it/s]Separating ligand pockets in PDB files:  11%|#         | 25596/234324 [09:11<1:04:32, 53.90it/s]Separating ligand pockets in PDB files:  11%|#         | 25650/234324 [09:12<1:04:52, 53.61it/s]Separating ligand pockets in PDB files:  11%|#         | 25704/234324 [09:13<1:06:29, 52.29it/s]Separating ligand pockets in PDB files:  11%|#         | 25758/234324 [09:14<1:05:03, 53.43it/s]Separating ligand pockets in PDB files:  11%|#1        | 25812/234324 [09:15<1:03:46, 54.50it/s]Separating ligand pockets in PDB files:  11%|#1        | 25866/234324 [09:16<59:58, 57.93it/s]  Separating ligand pockets in PDB files:  11%|#1        | 25920/234324 [09:17<1:05:49, 52.77it/s]Separating ligand pockets in PDB files:  11%|#1        | 25974/234324 [09:18<1:02:11, 55.84it/s]Separating ligand pockets in PDB files:  11%|#1        | 26028/234324 [09:19<1:02:55, 55.18it/s]Separating ligand pockets in PDB files:  11%|#1        | 26082/234324 [09:20<1:08:05, 50.98it/s]Separating ligand pockets in PDB files:  11%|#1        | 26136/234324 [09:21<1:07:27, 51.43it/s]Separating ligand pockets in PDB files:  11%|#1        | 26190/234324 [09:22<1:08:09, 50.89it/s]Separating ligand pockets in PDB files:  11%|#1        | 26244/234324 [09:24<1:16:20, 45.42it/s]Separating ligand pockets in PDB files:  11%|#1        | 26298/234324 [09:25<1:14:20, 46.64it/s]Separating ligand pockets in PDB files:  11%|#1        | 26352/234324 [09:26<1:08:06, 50.89it/s]Separating ligand pockets in PDB files:  11%|#1        | 26406/234324 [09:27<1:08:41, 50.45it/s]Separating ligand pockets in PDB files:  11%|#1        | 26460/234324 [09:28<1:06:50, 51.83it/s]Separating ligand pockets in PDB files:  11%|#1        | 26514/234324 [09:29<1:07:39, 51.19it/s]Separating ligand pockets in PDB files:  11%|#1        | 26568/234324 [09:30<1:10:20, 49.22it/s]Separating ligand pockets in PDB files:  11%|#1        | 26622/234324 [09:31<1:09:54, 49.52it/s]Separating ligand pockets in PDB files:  11%|#1        | 26676/234324 [09:32<1:13:07, 47.33it/s]Separating ligand pockets in PDB files:  11%|#1        | 26730/234324 [09:33<1:09:49, 49.55it/s]Separating ligand pockets in PDB files:  11%|#1        | 26784/234324 [09:35<1:09:17, 49.92it/s]Separating ligand pockets in PDB files:  11%|#1        | 26838/234324 [09:36<1:16:01, 45.48it/s]Separating ligand pockets in PDB files:  11%|#1        | 26892/234324 [09:37<1:14:59, 46.10it/s]Separating ligand pockets in PDB files:  11%|#1        | 26946/234324 [09:38<1:13:00, 47.34it/s]Separating ligand pockets in PDB files:  12%|#1        | 27000/234324 [09:39<1:15:21, 45.85it/s]Separating ligand pockets in PDB files:  12%|#1        | 27054/234324 [09:41<1:29:15, 38.70it/s]Separating ligand pockets in PDB files:  12%|#1        | 27108/234324 [09:43<1:27:34, 39.44it/s]Separating ligand pockets in PDB files:  12%|#1        | 27162/234324 [09:44<1:22:55, 41.63it/s]Separating ligand pockets in PDB files:  12%|#1        | 27216/234324 [09:45<1:18:22, 44.04it/s]Separating ligand pockets in PDB files:  12%|#1        | 27270/234324 [09:46<1:12:53, 47.34it/s]Separating ligand pockets in PDB files:  12%|#1        | 27324/234324 [09:47<1:08:07, 50.65it/s]Separating ligand pockets in PDB files:  12%|#1        | 27378/234324 [09:48<1:08:36, 50.27it/s]Separating ligand pockets in PDB files:  12%|#1        | 27432/234324 [09:49<1:05:21, 52.76it/s]Separating ligand pockets in PDB files:  12%|#1        | 27486/234324 [09:50<1:06:04, 52.17it/s]Separating ligand pockets in PDB files:  12%|#1        | 27540/234324 [09:51<1:04:49, 53.16it/s]Separating ligand pockets in PDB files:  12%|#1        | 27594/234324 [09:52<1:07:07, 51.33it/s]Separating ligand pockets in PDB files:  12%|#1        | 27648/234324 [09:53<1:10:11, 49.07it/s]Separating ligand pockets in PDB files:  12%|#1        | 27702/234324 [09:55<1:19:39, 43.23it/s]Separating ligand pockets in PDB files:  12%|#1        | 27756/234324 [09:56<1:21:33, 42.21it/s]Separating ligand pockets in PDB files:  12%|#1        | 27810/234324 [09:57<1:14:14, 46.36it/s]Separating ligand pockets in PDB files:  12%|#1        | 27864/234324 [09:58<1:14:29, 46.20it/s]Separating ligand pockets in PDB files:  12%|#1        | 27918/234324 [10:00<1:21:20, 42.30it/s]Separating ligand pockets in PDB files:  12%|#1        | 27972/234324 [10:01<1:19:53, 43.05it/s]Separating ligand pockets in PDB files:  12%|#1        | 28026/234324 [10:02<1:19:08, 43.44it/s]Separating ligand pockets in PDB files:  12%|#1        | 28080/234324 [10:03<1:11:28, 48.09it/s]Separating ligand pockets in PDB files:  12%|#2        | 28134/234324 [10:04<1:16:53, 44.69it/s]Separating ligand pockets in PDB files:  12%|#2        | 28188/234324 [10:06<1:18:42, 43.65it/s]Separating ligand pockets in PDB files:  12%|#2        | 28242/234324 [10:06<1:11:57, 47.73it/s]Separating ligand pockets in PDB files:  12%|#2        | 28296/234324 [10:07<1:10:19, 48.82it/s]Separating ligand pockets in PDB files:  12%|#2        | 28350/234324 [10:09<1:15:31, 45.46it/s]Separating ligand pockets in PDB files:  12%|#2        | 28404/234324 [10:10<1:15:19, 45.56it/s]Separating ligand pockets in PDB files:  12%|#2        | 28458/234324 [10:12<1:25:01, 40.36it/s]Separating ligand pockets in PDB files:  12%|#2        | 28512/234324 [10:14<1:34:23, 36.34it/s]Separating ligand pockets in PDB files:  12%|#2        | 28566/234324 [10:15<1:24:21, 40.65it/s]Separating ligand pockets in PDB files:  12%|#2        | 28620/234324 [10:16<1:22:35, 41.51it/s]Separating ligand pockets in PDB files:  12%|#2        | 28674/234324 [10:17<1:17:52, 44.01it/s]Separating ligand pockets in PDB files:  12%|#2        | 28728/234324 [10:18<1:14:06, 46.24it/s]Separating ligand pockets in PDB files:  12%|#2        | 28782/234324 [10:19<1:11:55, 47.63it/s]Separating ligand pockets in PDB files:  12%|#2        | 28836/234324 [10:21<1:21:50, 41.85it/s]Separating ligand pockets in PDB files:  12%|#2        | 28890/234324 [10:22<1:22:57, 41.27it/s]Separating ligand pockets in PDB files:  12%|#2        | 28944/234324 [10:23<1:15:19, 45.44it/s]Separating ligand pockets in PDB files:  12%|#2        | 28998/234324 [10:24<1:16:15, 44.87it/s]Separating ligand pockets in PDB files:  12%|#2        | 29052/234324 [10:26<1:21:48, 41.82it/s]Separating ligand pockets in PDB files:  12%|#2        | 29106/234324 [10:27<1:17:36, 44.07it/s]Separating ligand pockets in PDB files:  12%|#2        | 29160/234324 [10:28<1:19:07, 43.22it/s]Separating ligand pockets in PDB files:  12%|#2        | 29214/234324 [10:29<1:19:17, 43.11it/s]Separating ligand pockets in PDB files:  12%|#2        | 29268/234324 [10:30<1:16:40, 44.57it/s]Separating ligand pockets in PDB files:  13%|#2        | 29322/234324 [10:32<1:22:29, 41.42it/s]Separating ligand pockets in PDB files:  13%|#2        | 29376/234324 [10:33<1:19:16, 43.09it/s]Separating ligand pockets in PDB files:  13%|#2        | 29430/234324 [10:34<1:12:30, 47.10it/s]Separating ligand pockets in PDB files:  13%|#2        | 29484/234324 [10:35<1:16:15, 44.77it/s]Separating ligand pockets in PDB files:  13%|#2        | 29538/234324 [10:37<1:25:07, 40.10it/s]Separating ligand pockets in PDB files:  13%|#2        | 29592/234324 [10:38<1:23:56, 40.65it/s]Separating ligand pockets in PDB files:  13%|#2        | 29646/234324 [10:40<1:28:27, 38.56it/s]Separating ligand pockets in PDB files:  13%|#2        | 29700/234324 [10:41<1:31:39, 37.21it/s]Separating ligand pockets in PDB files:  13%|#2        | 29754/234324 [10:43<1:36:23, 35.37it/s]Separating ligand pockets in PDB files:  13%|#2        | 29808/234324 [10:44<1:31:03, 37.44it/s]Separating ligand pockets in PDB files:  13%|#2        | 29862/234324 [10:45<1:21:29, 41.82it/s]Separating ligand pockets in PDB files:  13%|#2        | 29916/234324 [10:46<1:12:13, 47.17it/s]Separating ligand pockets in PDB files:  13%|#2        | 29970/234324 [10:47<1:07:04, 50.78it/s]Separating ligand pockets in PDB files:  13%|#2        | 30024/234324 [10:48<1:06:52, 50.92it/s]Separating ligand pockets in PDB files:  13%|#2        | 30078/234324 [10:49<1:06:17, 51.36it/s]Separating ligand pockets in PDB files:  13%|#2        | 30132/234324 [10:50<1:11:08, 47.83it/s]Separating ligand pockets in PDB files:  13%|#2        | 30186/234324 [10:51<1:13:08, 46.51it/s]Separating ligand pockets in PDB files:  13%|#2        | 30240/234324 [10:53<1:16:07, 44.68it/s]Separating ligand pockets in PDB files:  13%|#2        | 30294/234324 [10:54<1:10:33, 48.19it/s]Separating ligand pockets in PDB files:  13%|#2        | 30348/234324 [10:55<1:06:34, 51.06it/s]Separating ligand pockets in PDB files:  13%|#2        | 30402/234324 [10:56<1:05:57, 51.52it/s]Separating ligand pockets in PDB files:  13%|#2        | 30456/234324 [10:57<1:05:22, 51.97it/s]Separating ligand pockets in PDB files:  13%|#3        | 30510/234324 [10:58<1:05:19, 52.00it/s]Separating ligand pockets in PDB files:  13%|#3        | 30564/234324 [10:59<1:01:43, 55.01it/s]Separating ligand pockets in PDB files:  13%|#3        | 30618/234324 [10:59<59:10, 57.37it/s]  Separating ligand pockets in PDB files:  13%|#3        | 30672/234324 [11:00<54:27, 62.33it/s]Separating ligand pockets in PDB files:  13%|#3        | 30726/234324 [11:01<52:55, 64.11it/s]Separating ligand pockets in PDB files:  13%|#3        | 30780/234324 [11:02<56:31, 60.01it/s]Separating ligand pockets in PDB files:  13%|#3        | 30834/234324 [11:03<1:03:21, 53.53it/s]Separating ligand pockets in PDB files:  13%|#3        | 30888/234324 [11:04<1:06:51, 50.72it/s]Separating ligand pockets in PDB files:  13%|#3        | 30942/234324 [11:05<1:05:25, 51.81it/s]Separating ligand pockets in PDB files:  13%|#3        | 30996/234324 [11:07<1:09:05, 49.05it/s]Separating ligand pockets in PDB files:  13%|#3        | 31050/234324 [11:08<1:18:59, 42.89it/s]Separating ligand pockets in PDB files:  13%|#3        | 31104/234324 [11:09<1:14:58, 45.17it/s]Separating ligand pockets in PDB files:  13%|#3        | 31158/234324 [11:10<1:10:48, 47.82it/s]Separating ligand pockets in PDB files:  13%|#3        | 31212/234324 [11:11<1:10:30, 48.01it/s]Separating ligand pockets in PDB files:  13%|#3        | 31266/234324 [11:12<1:09:41, 48.56it/s]Separating ligand pockets in PDB files:  13%|#3        | 31320/234324 [11:14<1:10:22, 48.08it/s]Separating ligand pockets in PDB files:  13%|#3        | 31374/234324 [11:15<1:12:05, 46.91it/s]Separating ligand pockets in PDB files:  13%|#3        | 31428/234324 [11:16<1:14:46, 45.22it/s]Separating ligand pockets in PDB files:  13%|#3        | 31482/234324 [11:18<1:19:53, 42.32it/s]Separating ligand pockets in PDB files:  13%|#3        | 31536/234324 [11:19<1:17:06, 43.83it/s]Separating ligand pockets in PDB files:  13%|#3        | 31590/234324 [11:20<1:11:58, 46.94it/s]Separating ligand pockets in PDB files:  14%|#3        | 31644/234324 [11:21<1:11:41, 47.12it/s]Separating ligand pockets in PDB files:  14%|#3        | 31698/234324 [11:22<1:20:54, 41.74it/s]Separating ligand pockets in PDB files:  14%|#3        | 31752/234324 [11:24<1:24:04, 40.16it/s]Separating ligand pockets in PDB files:  14%|#3        | 31806/234324 [11:25<1:27:15, 38.68it/s]Separating ligand pockets in PDB files:  14%|#3        | 31860/234324 [11:27<1:29:49, 37.57it/s]Separating ligand pockets in PDB files:  14%|#3        | 31914/234324 [11:28<1:20:11, 42.07it/s]Separating ligand pockets in PDB files:  14%|#3        | 31968/234324 [11:29<1:17:51, 43.31it/s]Separating ligand pockets in PDB files:  14%|#3        | 32022/234324 [11:30<1:17:44, 43.37it/s]Separating ligand pockets in PDB files:  14%|#3        | 32076/234324 [11:31<1:12:16, 46.64it/s]Separating ligand pockets in PDB files:  14%|#3        | 32130/234324 [11:32<1:11:02, 47.43it/s]Separating ligand pockets in PDB files:  14%|#3        | 32184/234324 [11:33<1:09:13, 48.66it/s]Separating ligand pockets in PDB files:  14%|#3        | 32238/234324 [11:34<1:03:50, 52.76it/s]Separating ligand pockets in PDB files:  14%|#3        | 32292/234324 [11:35<1:08:53, 48.87it/s]Separating ligand pockets in PDB files:  14%|#3        | 32346/234324 [11:37<1:10:15, 47.91it/s]Separating ligand pockets in PDB files:  14%|#3        | 32400/234324 [11:38<1:10:57, 47.43it/s]Separating ligand pockets in PDB files:  14%|#3        | 32454/234324 [11:39<1:13:34, 45.73it/s]Separating ligand pockets in PDB files:  14%|#3        | 32508/234324 [11:40<1:17:15, 43.54it/s]Separating ligand pockets in PDB files:  14%|#3        | 32562/234324 [11:42<1:18:45, 42.70it/s]Separating ligand pockets in PDB files:  14%|#3        | 32616/234324 [11:43<1:15:28, 44.54it/s]Separating ligand pockets in PDB files:  14%|#3        | 32670/234324 [11:44<1:13:01, 46.03it/s]Separating ligand pockets in PDB files:  14%|#3        | 32724/234324 [11:45<1:18:02, 43.06it/s]Separating ligand pockets in PDB files:  14%|#3        | 32778/234324 [11:47<1:18:29, 42.80it/s]Separating ligand pockets in PDB files:  14%|#4        | 32832/234324 [11:48<1:17:31, 43.31it/s]Separating ligand pockets in PDB files:  14%|#4        | 32886/234324 [11:49<1:17:02, 43.58it/s]Separating ligand pockets in PDB files:  14%|#4        | 32940/234324 [11:50<1:10:09, 47.84it/s]Separating ligand pockets in PDB files:  14%|#4        | 32994/234324 [11:51<1:07:10, 49.95it/s]Separating ligand pockets in PDB files:  14%|#4        | 33048/234324 [11:52<1:08:01, 49.32it/s]Separating ligand pockets in PDB files:  14%|#4        | 33102/234324 [11:53<1:03:35, 52.73it/s]Separating ligand pockets in PDB files:  14%|#4        | 33156/234324 [11:54<1:03:19, 52.94it/s]Separating ligand pockets in PDB files:  14%|#4        | 33210/234324 [11:55<1:05:59, 50.80it/s]Separating ligand pockets in PDB files:  14%|#4        | 33264/234324 [11:56<1:10:57, 47.23it/s]Separating ligand pockets in PDB files:  14%|#4        | 33318/234324 [11:57<1:08:32, 48.87it/s]Separating ligand pockets in PDB files:  14%|#4        | 33372/234324 [11:58<1:05:57, 50.78it/s]Separating ligand pockets in PDB files:  14%|#4        | 33426/234324 [12:00<1:08:39, 48.77it/s]Separating ligand pockets in PDB files:  14%|#4        | 33480/234324 [12:01<1:09:23, 48.24it/s]Separating ligand pockets in PDB files:  14%|#4        | 33534/234324 [12:02<1:05:58, 50.73it/s]Separating ligand pockets in PDB files:  14%|#4        | 33588/234324 [12:03<1:00:54, 54.93it/s]Separating ligand pockets in PDB files:  14%|#4        | 33642/234324 [12:04<1:02:18, 53.67it/s]Separating ligand pockets in PDB files:  14%|#4        | 33696/234324 [12:05<1:06:19, 50.41it/s]Separating ligand pockets in PDB files:  14%|#4        | 33750/234324 [12:06<1:02:28, 53.51it/s]Separating ligand pockets in PDB files:  14%|#4        | 33804/234324 [12:07<59:50, 55.85it/s]  Separating ligand pockets in PDB files:  14%|#4        | 33858/234324 [12:07<57:26, 58.17it/s]Separating ligand pockets in PDB files:  14%|#4        | 33912/234324 [12:08<57:59, 57.60it/s]Separating ligand pockets in PDB files:  14%|#4        | 33966/234324 [12:10<1:02:03, 53.80it/s]Separating ligand pockets in PDB files:  15%|#4        | 34020/234324 [12:11<1:02:23, 53.51it/s]Separating ligand pockets in PDB files:  15%|#4        | 34074/234324 [12:12<1:05:45, 50.75it/s]Separating ligand pockets in PDB files:  15%|#4        | 34128/234324 [12:13<1:00:47, 54.89it/s]Separating ligand pockets in PDB files:  15%|#4        | 34182/234324 [12:14<1:01:44, 54.03it/s]Separating ligand pockets in PDB files:  15%|#4        | 34236/234324 [12:15<1:02:27, 53.39it/s]Separating ligand pockets in PDB files:  15%|#4        | 34290/234324 [12:15<59:58, 55.59it/s]  Separating ligand pockets in PDB files:  15%|#4        | 34344/234324 [12:16<1:00:01, 55.53it/s]Separating ligand pockets in PDB files:  15%|#4        | 34398/234324 [12:17<1:00:39, 54.93it/s]Separating ligand pockets in PDB files:  15%|#4        | 34452/234324 [12:18<56:53, 58.55it/s]  Separating ligand pockets in PDB files:  15%|#4        | 34506/234324 [12:20<1:04:20, 51.76it/s]Separating ligand pockets in PDB files:  15%|#4        | 34560/234324 [12:21<1:04:31, 51.60it/s]Separating ligand pockets in PDB files:  15%|#4        | 34614/234324 [12:21<1:00:48, 54.73it/s]Separating ligand pockets in PDB files:  15%|#4        | 34668/234324 [12:22<1:00:52, 54.67it/s]Separating ligand pockets in PDB files:  15%|#4        | 34722/234324 [12:24<1:09:53, 47.60it/s]Separating ligand pockets in PDB files:  15%|#4        | 34776/234324 [12:25<1:11:27, 46.55it/s]Separating ligand pockets in PDB files:  15%|#4        | 34830/234324 [12:26<1:08:47, 48.33it/s]Separating ligand pockets in PDB files:  15%|#4        | 34884/234324 [12:27<1:07:14, 49.43it/s]Separating ligand pockets in PDB files:  15%|#4        | 34938/234324 [12:29<1:13:56, 44.94it/s]Separating ligand pockets in PDB files:  15%|#4        | 34992/234324 [12:30<1:19:49, 41.62it/s]Separating ligand pockets in PDB files:  15%|#4        | 35046/234324 [12:32<1:24:32, 39.29it/s]Separating ligand pockets in PDB files:  15%|#4        | 35100/234324 [12:33<1:20:42, 41.14it/s]Separating ligand pockets in PDB files:  15%|#5        | 35154/234324 [12:35<1:26:18, 38.46it/s]Separating ligand pockets in PDB files:  15%|#5        | 35208/234324 [12:36<1:23:32, 39.73it/s]Separating ligand pockets in PDB files:  15%|#5        | 35262/234324 [12:37<1:22:22, 40.28it/s]Separating ligand pockets in PDB files:  15%|#5        | 35316/234324 [12:38<1:15:42, 43.81it/s]Separating ligand pockets in PDB files:  15%|#5        | 35370/234324 [12:39<1:12:25, 45.78it/s]Separating ligand pockets in PDB files:  15%|#5        | 35424/234324 [12:40<1:14:53, 44.26it/s]Separating ligand pockets in PDB files:  15%|#5        | 35478/234324 [12:42<1:12:39, 45.61it/s]Separating ligand pockets in PDB files:  15%|#5        | 35532/234324 [12:43<1:13:15, 45.22it/s]Separating ligand pockets in PDB files:  15%|#5        | 35586/234324 [12:44<1:09:36, 47.59it/s]Separating ligand pockets in PDB files:  15%|#5        | 35640/234324 [12:45<1:09:45, 47.46it/s]Separating ligand pockets in PDB files:  15%|#5        | 35694/234324 [12:46<1:05:31, 50.53it/s]Separating ligand pockets in PDB files:  15%|#5        | 35748/234324 [12:47<1:06:32, 49.74it/s]Separating ligand pockets in PDB files:  15%|#5        | 35802/234324 [12:48<1:03:41, 51.95it/s]Separating ligand pockets in PDB files:  15%|#5        | 35856/234324 [12:49<1:02:32, 52.89it/s]Separating ligand pockets in PDB files:  15%|#5        | 35910/234324 [12:50<1:04:44, 51.08it/s]Separating ligand pockets in PDB files:  15%|#5        | 35964/234324 [12:51<1:06:06, 50.01it/s]Separating ligand pockets in PDB files:  15%|#5        | 36018/234324 [12:52<1:10:04, 47.16it/s]Separating ligand pockets in PDB files:  15%|#5        | 36072/234324 [12:54<1:12:54, 45.32it/s]Separating ligand pockets in PDB files:  15%|#5        | 36126/234324 [12:55<1:21:11, 40.68it/s]Separating ligand pockets in PDB files:  15%|#5        | 36180/234324 [12:57<1:20:53, 40.82it/s]Separating ligand pockets in PDB files:  15%|#5        | 36234/234324 [12:58<1:24:40, 38.99it/s]Separating ligand pockets in PDB files:  15%|#5        | 36288/234324 [13:00<1:28:19, 37.37it/s]Separating ligand pockets in PDB files:  16%|#5        | 36342/234324 [13:01<1:23:07, 39.69it/s]Separating ligand pockets in PDB files:  16%|#5        | 36396/234324 [13:02<1:14:34, 44.23it/s]Separating ligand pockets in PDB files:  16%|#5        | 36450/234324 [13:03<1:15:19, 43.78it/s]Separating ligand pockets in PDB files:  16%|#5        | 36504/234324 [13:04<1:14:33, 44.22it/s]Separating ligand pockets in PDB files:  16%|#5        | 36558/234324 [13:05<1:13:22, 44.92it/s]Separating ligand pockets in PDB files:  16%|#5        | 36612/234324 [13:07<1:12:57, 45.16it/s]Separating ligand pockets in PDB files:  16%|#5        | 36666/234324 [13:08<1:13:34, 44.77it/s]Separating ligand pockets in PDB files:  16%|#5        | 36720/234324 [13:09<1:08:04, 48.38it/s]Separating ligand pockets in PDB files:  16%|#5        | 36774/234324 [13:09<1:01:06, 53.88it/s]Separating ligand pockets in PDB files:  16%|#5        | 36828/234324 [13:11<1:03:16, 52.02it/s]Separating ligand pockets in PDB files:  16%|#5        | 36882/234324 [13:12<1:02:38, 52.53it/s]Separating ligand pockets in PDB files:  16%|#5        | 36936/234324 [13:12<56:51, 57.85it/s]  Separating ligand pockets in PDB files:  16%|#5        | 36990/234324 [13:13<52:30, 62.65it/s]Separating ligand pockets in PDB files:  16%|#5        | 37044/234324 [13:14<1:02:11, 52.87it/s]Separating ligand pockets in PDB files:  16%|#5        | 37098/234324 [13:16<1:09:56, 46.99it/s]Separating ligand pockets in PDB files:  16%|#5        | 37152/234324 [13:17<1:10:40, 46.49it/s]Separating ligand pockets in PDB files:  16%|#5        | 37206/234324 [13:19<1:17:50, 42.20it/s]Separating ligand pockets in PDB files:  16%|#5        | 37260/234324 [13:20<1:11:38, 45.84it/s]Separating ligand pockets in PDB files:  16%|#5        | 37314/234324 [13:21<1:07:46, 48.45it/s]Separating ligand pockets in PDB files:  16%|#5        | 37368/234324 [13:22<1:06:37, 49.27it/s]Separating ligand pockets in PDB files:  16%|#5        | 37422/234324 [13:22<1:01:47, 53.11it/s]Separating ligand pockets in PDB files:  16%|#5        | 37476/234324 [13:23<59:38, 55.01it/s]  Separating ligand pockets in PDB files:  16%|#6        | 37530/234324 [13:24<57:58, 56.58it/s]Separating ligand pockets in PDB files:  16%|#6        | 37584/234324 [13:25<51:58, 63.08it/s]Separating ligand pockets in PDB files:  16%|#6        | 37638/234324 [13:26<51:33, 63.58it/s]Separating ligand pockets in PDB files:  16%|#6        | 37692/234324 [13:26<49:35, 66.09it/s]Separating ligand pockets in PDB files:  16%|#6        | 37746/234324 [13:28<58:37, 55.89it/s]Separating ligand pockets in PDB files:  16%|#6        | 37800/234324 [13:29<56:02, 58.45it/s]Separating ligand pockets in PDB files:  16%|#6        | 37854/234324 [13:30<1:05:01, 50.35it/s]Separating ligand pockets in PDB files:  16%|#6        | 37908/234324 [13:31<1:00:36, 54.01it/s]Separating ligand pockets in PDB files:  16%|#6        | 37962/234324 [13:32<56:06, 58.32it/s]  Separating ligand pockets in PDB files:  16%|#6        | 38016/234324 [13:33<58:41, 55.75it/s]Separating ligand pockets in PDB files:  16%|#6        | 38070/234324 [13:34<57:21, 57.03it/s]Separating ligand pockets in PDB files:  16%|#6        | 38124/234324 [13:35<1:02:45, 52.10it/s]Separating ligand pockets in PDB files:  16%|#6        | 38178/234324 [13:36<57:56, 56.42it/s]  Separating ligand pockets in PDB files:  16%|#6        | 38232/234324 [13:36<54:16, 60.21it/s]Separating ligand pockets in PDB files:  16%|#6        | 38286/234324 [13:38<1:02:27, 52.31it/s]Separating ligand pockets in PDB files:  16%|#6        | 38340/234324 [13:39<1:02:01, 52.66it/s]Separating ligand pockets in PDB files:  16%|#6        | 38394/234324 [13:40<1:03:38, 51.31it/s]Separating ligand pockets in PDB files:  16%|#6        | 38448/234324 [13:41<1:02:48, 51.98it/s]Separating ligand pockets in PDB files:  16%|#6        | 38502/234324 [13:42<1:01:18, 53.24it/s]Separating ligand pockets in PDB files:  16%|#6        | 38556/234324 [13:43<57:53, 56.37it/s]  Separating ligand pockets in PDB files:  16%|#6        | 38610/234324 [13:45<1:17:22, 42.16it/s]Separating ligand pockets in PDB files:  17%|#6        | 38664/234324 [13:46<1:16:53, 42.41it/s]Separating ligand pockets in PDB files:  17%|#6        | 38718/234324 [13:47<1:18:08, 41.72it/s]Separating ligand pockets in PDB files:  17%|#6        | 38772/234324 [13:49<1:20:40, 40.40it/s]Separating ligand pockets in PDB files:  17%|#6        | 38826/234324 [13:50<1:14:51, 43.52it/s]Separating ligand pockets in PDB files:  17%|#6        | 38880/234324 [13:51<1:12:08, 45.15it/s]Separating ligand pockets in PDB files:  17%|#6        | 38934/234324 [13:52<1:09:18, 46.99it/s]Separating ligand pockets in PDB files:  17%|#6        | 38988/234324 [13:55<1:46:28, 30.58it/s]Separating ligand pockets in PDB files:  17%|#6        | 39042/234324 [14:02<3:20:54, 16.20it/s]Separating ligand pockets in PDB files:  17%|#6        | 39096/234324 [14:03<2:32:16, 21.37it/s]Separating ligand pockets in PDB files:  17%|#6        | 39150/234324 [14:06<2:42:20, 20.04it/s]Separating ligand pockets in PDB files:  17%|#6        | 39204/234324 [14:08<2:28:11, 21.94it/s]Separating ligand pockets in PDB files:  17%|#6        | 39258/234324 [14:10<2:26:56, 22.13it/s]Separating ligand pockets in PDB files:  17%|#6        | 39312/234324 [14:15<3:18:00, 16.42it/s]Separating ligand pockets in PDB files:  17%|#6        | 39366/234324 [14:16<2:34:38, 21.01it/s]Separating ligand pockets in PDB files:  17%|#6        | 39420/234324 [14:21<3:22:49, 16.02it/s]Separating ligand pockets in PDB files:  17%|#6        | 39474/234324 [14:23<2:42:44, 19.96it/s]Separating ligand pockets in PDB files:  17%|#6        | 39528/234324 [14:26<3:00:18, 18.01it/s]Separating ligand pockets in PDB files:  17%|#6        | 39582/234324 [14:27<2:22:28, 22.78it/s]Separating ligand pockets in PDB files:  17%|#6        | 39636/234324 [14:28<1:56:20, 27.89it/s]Separating ligand pockets in PDB files:  17%|#6        | 39690/234324 [14:30<1:47:19, 30.22it/s]Separating ligand pockets in PDB files:  17%|#6        | 39744/234324 [14:31<1:34:15, 34.40it/s]Separating ligand pockets in PDB files:  17%|#6        | 39798/234324 [14:32<1:28:16, 36.73it/s]Separating ligand pockets in PDB files:  17%|#7        | 39852/234324 [14:33<1:29:49, 36.09it/s]Separating ligand pockets in PDB files:  17%|#7        | 39906/234324 [14:34<1:22:15, 39.39it/s]Separating ligand pockets in PDB files:  17%|#7        | 39960/234324 [14:36<1:25:57, 37.68it/s]Separating ligand pockets in PDB files:  17%|#7        | 40014/234324 [14:37<1:25:36, 37.83it/s]Separating ligand pockets in PDB files:  17%|#7        | 40068/234324 [14:38<1:17:47, 41.62it/s]Separating ligand pockets in PDB files:  17%|#7        | 40122/234324 [14:39<1:13:18, 44.15it/s]Separating ligand pockets in PDB files:  17%|#7        | 40176/234324 [14:41<1:10:20, 46.00it/s]Separating ligand pockets in PDB files:  17%|#7        | 40230/234324 [14:42<1:12:46, 44.45it/s]Separating ligand pockets in PDB files:  17%|#7        | 40284/234324 [14:43<1:12:31, 44.59it/s]Separating ligand pockets in PDB files:  17%|#7        | 40338/234324 [14:44<1:10:33, 45.82it/s]Separating ligand pockets in PDB files:  17%|#7        | 40392/234324 [14:45<1:08:40, 47.07it/s]Separating ligand pockets in PDB files:  17%|#7        | 40446/234324 [14:46<1:02:22, 51.80it/s]Separating ligand pockets in PDB files:  17%|#7        | 40500/234324 [14:47<1:06:36, 48.50it/s]Separating ligand pockets in PDB files:  17%|#7        | 40554/234324 [14:48<1:04:11, 50.31it/s]Separating ligand pockets in PDB files:  17%|#7        | 40608/234324 [14:49<1:04:35, 49.99it/s]Separating ligand pockets in PDB files:  17%|#7        | 40662/234324 [14:51<1:12:08, 44.74it/s]Separating ligand pockets in PDB files:  17%|#7        | 40716/234324 [14:52<1:15:22, 42.81it/s]Separating ligand pockets in PDB files:  17%|#7        | 40770/234324 [14:53<1:09:28, 46.43it/s]Separating ligand pockets in PDB files:  17%|#7        | 40824/234324 [14:54<1:05:39, 49.12it/s]Separating ligand pockets in PDB files:  17%|#7        | 40878/234324 [14:55<1:02:48, 51.33it/s]Separating ligand pockets in PDB files:  17%|#7        | 40932/234324 [14:56<1:00:18, 53.45it/s]Separating ligand pockets in PDB files:  17%|#7        | 40986/234324 [14:57<55:12, 58.37it/s]  Separating ligand pockets in PDB files:  18%|#7        | 41040/234324 [14:58<55:19, 58.23it/s]Separating ligand pockets in PDB files:  18%|#7        | 41094/234324 [14:58<52:02, 61.89it/s]Separating ligand pockets in PDB files:  18%|#7        | 41148/234324 [15:00<59:17, 54.30it/s]Separating ligand pockets in PDB files:  18%|#7        | 41202/234324 [15:01<1:02:04, 51.85it/s]Separating ligand pockets in PDB files:  18%|#7        | 41256/234324 [15:02<1:01:31, 52.31it/s]Separating ligand pockets in PDB files:  18%|#7        | 41310/234324 [15:03<59:58, 53.64it/s]  Separating ligand pockets in PDB files:  18%|#7        | 41364/234324 [15:04<1:03:18, 50.80it/s]Separating ligand pockets in PDB files:  18%|#7        | 41418/234324 [15:05<1:06:27, 48.38it/s]Separating ligand pockets in PDB files:  18%|#7        | 41472/234324 [15:06<1:04:30, 49.83it/s]Separating ligand pockets in PDB files:  18%|#7        | 41526/234324 [15:08<1:12:06, 44.57it/s]Separating ligand pockets in PDB files:  18%|#7        | 41580/234324 [15:09<1:16:34, 41.95it/s]Separating ligand pockets in PDB files:  18%|#7        | 41634/234324 [15:10<1:10:30, 45.55it/s]Separating ligand pockets in PDB files:  18%|#7        | 41688/234324 [15:11<1:12:30, 44.28it/s]Separating ligand pockets in PDB files:  18%|#7        | 41742/234324 [15:13<1:10:27, 45.56it/s]Separating ligand pockets in PDB files:  18%|#7        | 41796/234324 [15:14<1:07:01, 47.88it/s]Separating ligand pockets in PDB files:  18%|#7        | 41850/234324 [15:15<1:06:01, 48.59it/s]Separating ligand pockets in PDB files:  18%|#7        | 41904/234324 [15:16<1:04:32, 49.69it/s]Separating ligand pockets in PDB files:  18%|#7        | 41958/234324 [15:17<1:00:35, 52.91it/s]Separating ligand pockets in PDB files:  18%|#7        | 42012/234324 [15:18<1:02:58, 50.89it/s]Separating ligand pockets in PDB files:  18%|#7        | 42066/234324 [15:19<1:03:30, 50.45it/s]Separating ligand pockets in PDB files:  18%|#7        | 42120/234324 [15:20<1:08:30, 46.76it/s]Separating ligand pockets in PDB files:  18%|#7        | 42174/234324 [15:21<1:08:35, 46.69it/s]Separating ligand pockets in PDB files:  18%|#8        | 42228/234324 [15:23<1:14:18, 43.08it/s]Separating ligand pockets in PDB files:  18%|#8        | 42282/234324 [15:24<1:13:45, 43.39it/s]Separating ligand pockets in PDB files:  18%|#8        | 42336/234324 [15:25<1:08:39, 46.61it/s]Separating ligand pockets in PDB files:  18%|#8        | 42390/234324 [15:26<1:04:10, 49.85it/s]Separating ligand pockets in PDB files:  18%|#8        | 42444/234324 [15:27<1:05:07, 49.11it/s]Separating ligand pockets in PDB files:  18%|#8        | 42498/234324 [15:28<1:05:09, 49.07it/s]Separating ligand pockets in PDB files:  18%|#8        | 42552/234324 [15:30<1:14:34, 42.86it/s]Separating ligand pockets in PDB files:  18%|#8        | 42606/234324 [15:31<1:16:52, 41.57it/s]Separating ligand pockets in PDB files:  18%|#8        | 42660/234324 [15:33<1:18:14, 40.83it/s]Separating ligand pockets in PDB files:  18%|#8        | 42714/234324 [15:34<1:14:31, 42.85it/s]Separating ligand pockets in PDB files:  18%|#8        | 42768/234324 [15:35<1:15:15, 42.42it/s]Separating ligand pockets in PDB files:  18%|#8        | 42822/234324 [15:36<1:15:29, 42.28it/s]Separating ligand pockets in PDB files:  18%|#8        | 42876/234324 [15:37<1:13:29, 43.42it/s]Separating ligand pockets in PDB files:  18%|#8        | 42930/234324 [15:39<1:15:33, 42.22it/s]Separating ligand pockets in PDB files:  18%|#8        | 42984/234324 [15:40<1:16:42, 41.57it/s]Separating ligand pockets in PDB files:  18%|#8        | 43038/234324 [15:41<1:14:02, 43.05it/s]Separating ligand pockets in PDB files:  18%|#8        | 43092/234324 [15:42<1:12:58, 43.68it/s]Separating ligand pockets in PDB files:  18%|#8        | 43146/234324 [15:43<1:09:38, 45.75it/s]Separating ligand pockets in PDB files:  18%|#8        | 43200/234324 [15:45<1:10:13, 45.36it/s]Separating ligand pockets in PDB files:  18%|#8        | 43254/234324 [15:46<1:17:50, 40.91it/s]Separating ligand pockets in PDB files:  18%|#8        | 43308/234324 [15:47<1:13:01, 43.59it/s]Separating ligand pockets in PDB files:  19%|#8        | 43362/234324 [15:49<1:19:03, 40.26it/s]Separating ligand pockets in PDB files:  19%|#8        | 43416/234324 [15:50<1:16:34, 41.55it/s]Separating ligand pockets in PDB files:  19%|#8        | 43470/234324 [15:51<1:15:20, 42.22it/s]Separating ligand pockets in PDB files:  19%|#8        | 43524/234324 [15:52<1:11:30, 44.47it/s]Separating ligand pockets in PDB files:  19%|#8        | 43578/234324 [15:54<1:12:54, 43.60it/s]Separating ligand pockets in PDB files:  19%|#8        | 43632/234324 [15:55<1:10:58, 44.78it/s]Separating ligand pockets in PDB files:  19%|#8        | 43686/234324 [15:56<1:14:27, 42.67it/s]Separating ligand pockets in PDB files:  19%|#8        | 43740/234324 [15:57<1:11:43, 44.29it/s]Separating ligand pockets in PDB files:  19%|#8        | 43794/234324 [15:58<1:07:17, 47.20it/s]Error processing /mnt/ligandpro/db/LPCE/bioml/pdb6bra_bioml_1.pdb: Atom CAA  defined twice in residue <Residue ILE het=  resseq=3 icode= >
Traceback (most recent call last):

  File "/home/nikolenko/miniforge/envs/lpce/lib/python3.10/runpy.py", line 196, in _run_module_as_main
    return _run_code(code, main_globals, None,
           |         |     -> {'__name__': '__main__', '__doc__': None, '__package__': 'joblib.externals.loky.backend', '__loader__': <_frozen_importlib_ex...
           |         -> <code object <module> at 0x778e4a22f1b0, file "/home/nikolenko/miniforge/envs/lpce/lib/python3.10/site-packages/joblib/extern...
           -> <function _run_code at 0x778e4d59e200>
  File "/home/nikolenko/miniforge/envs/lpce/lib/python3.10/runpy.py", line 86, in _run_code
    exec(code, run_globals)
         |     -> {'__name__': '__main__', '__doc__': None, '__package__': 'joblib.externals.loky.backend', '__loader__': <_frozen_importlib_ex...
         -> <code object <module> at 0x778e4a22f1b0, file "/home/nikolenko/miniforge/envs/lpce/lib/python3.10/site-packages/joblib/extern...
  File "/home/nikolenko/miniforge/envs/lpce/lib/python3.10/site-packages/joblib/externals/loky/backend/popen_loky_posix.py", line 180, in <module>
    exitcode = process_obj._bootstrap()
               |           -> <function BaseProcess._bootstrap at 0x778e4d5e1cf0>
               -> <LokyProcess name='LokyProcess-51' parent=2992457 started>
  File "/home/nikolenko/miniforge/envs/lpce/lib/python3.10/multiprocessing/process.py", line 314, in _bootstrap
    self.run()
    |    -> <function BaseProcess.run at 0x778e4d5e1360>
    -> <LokyProcess name='LokyProcess-51' parent=2992457 started>
  File "/home/nikolenko/miniforge/envs/lpce/lib/python3.10/multiprocessing/process.py", line 108, in run
    self._target(*self._args, **self._kwargs)
    |    |        |    |        |    -> {}
    |    |        |    |        -> <LokyProcess name='LokyProcess-51' parent=2992457 started>
    |    |        |    -> (<joblib.externals.loky.process_executor._SafeQueue object at 0x778e4a247490>, <joblib.externals.loky.backend.queues.SimpleQu...
    |    |        -> <LokyProcess name='LokyProcess-51' parent=2992457 started>
    |    -> <function _process_worker at 0x778e4d0c8820>
    -> <LokyProcess name='LokyProcess-51' parent=2992457 started>
  File "/home/nikolenko/miniforge/envs/lpce/lib/python3.10/site-packages/joblib/externals/loky/process_executor.py", line 490, in _process_worker
    r = call_item()
        -> CallItem(43713, <joblib.parallel.BatchedCalls object at 0x778e2a68e230>, (), {})
  File "/home/nikolenko/miniforge/envs/lpce/lib/python3.10/site-packages/joblib/externals/loky/process_executor.py", line 291, in __call__
    return self.fn(*self.args, **self.kwargs)
           |    |   |    |       |    -> {}
           |    |   |    |       -> CallItem(43713, <joblib.parallel.BatchedCalls object at 0x778e2a68e230>, (), {})
           |    |   |    -> ()
           |    |   -> CallItem(43713, <joblib.parallel.BatchedCalls object at 0x778e2a68e230>, (), {})
           |    -> <joblib.parallel.BatchedCalls object at 0x778e2a68e230>
           -> CallItem(43713, <joblib.parallel.BatchedCalls object at 0x778e2a68e230>, (), {})
  File "/home/nikolenko/miniforge/envs/lpce/lib/python3.10/site-packages/joblib/parallel.py", line 606, in __call__
    return [func(*args, **kwargs) for func, args, kwargs in self.items]
                                                            |    -> [(<function _run_single at 0x778e38d951b0>, (PosixPath('/mnt/ligandpro/db/LPCE/bioml/pdb6bra_bioml_1.pdb'), PosixPath('/mnt/l...
                                                            -> <joblib.parallel.BatchedCalls object at 0x778e2a68e230>
  File "/home/nikolenko/miniforge/envs/lpce/lib/python3.10/site-packages/joblib/parallel.py", line 606, in <listcomp>
    return [func(*args, **kwargs) for func, args, kwargs in self.items]
            |     |       |           |     |     -> {}
            |     |       |           |     -> (PosixPath('/mnt/ligandpro/db/LPCE/bioml/pdb6bra_bioml_1.pdb'), PosixPath('/mnt/ligandpro/db/LPCE/separated'), {'interaction_...
            |     |       |           -> <function _run_single at 0x778e38d951b0>
            |     |       -> {}
            |     -> (PosixPath('/mnt/ligandpro/db/LPCE/bioml/pdb6bra_bioml_1.pdb'), PosixPath('/mnt/ligandpro/db/LPCE/separated'), {'interaction_...
            -> <function _run_single at 0x778e38d951b0>

  File "/home/nikolenko/work/Projects/LPCE/lpce/pdb_manipulations/protein_ligand_separator.py", line 801, in _run_single
    result = analyze_protein(
             -> <function analyze_protein at 0x778e38d94310>

  File "/home/nikolenko/work/Projects/LPCE/lpce/pdb_manipulations/protein_ligand_separator.py", line 790, in analyze_protein
    return analyzer.analyze(pdb_filepath, output_directory)
           |        |       |             -> PosixPath('/mnt/ligandpro/db/LPCE/separated')
           |        |       -> PosixPath('/mnt/ligandpro/db/LPCE/bioml/pdb6bra_bioml_1.pdb')
           |        -> <function ProteinAnalyzer.analyze at 0x778e38d95090>
           -> <pdb_manipulations.protein_ligand_separator.ProteinAnalyzer object at 0x778e37d001f0>

> File "/home/nikolenko/work/Projects/LPCE/lpce/pdb_manipulations/protein_ligand_separator.py", line 762, in analyze
    if self.writer.save(structure, p, out_dir, extra, pdb_filepath.stem):
       |    |      |    |          |  |        |      |            -> <property object at 0x778e4d590c20>
       |    |      |    |          |  |        |      -> PosixPath('/mnt/ligandpro/db/LPCE/bioml/pdb6bra_bioml_1.pdb')
       |    |      |    |          |  |        -> ['HEADER    VIRAL PROTEIN                           30-NOV-17   6BRA              \n', 'TITLE     HIV-1 PROTEASE (D25N, INACT...
       |    |      |    |          |  -> PosixPath('/mnt/ligandpro/db/LPCE/separated')
       |    |      |    |          -> Pocket(ligands=[<Residue GLY het=  resseq=2 icode= >, <Residue ILE het=  resseq=3 icode= >, <Residue PHE het=  resseq=4 icode...
       |    |      |    -> <Structure id=pdb>
       |    |      -> <function PocketWriter.save at 0x778e38d94c10>
       |    -> <pdb_manipulations.protein_ligand_separator.PocketWriter object at 0x778e37d01e40>
       -> <pdb_manipulations.protein_ligand_separator.ProteinAnalyzer object at 0x778e37d001f0>

  File "/home/nikolenko/work/Projects/LPCE/lpce/pdb_manipulations/protein_ligand_separator.py", line 567, in save
    main = self._merge_residues(comp, new_name)
           |    |               |     -> 'ILE'
           |    |               -> [<Residue ILE het=  resseq=3 icode= >, <Residue PHE het=  resseq=4 icode= >, <Residue LEU het=  resseq=5 icode= >]
           |    -> <staticmethod(<function PocketWriter._merge_residues at 0x778e38d94b80>)>
           -> <pdb_manipulations.protein_ligand_separator.PocketWriter object at 0x778e37d01e40>

  File "/home/nikolenko/work/Projects/LPCE/lpce/pdb_manipulations/protein_ligand_separator.py", line 523, in _merge_residues
    main.add(c)
    |    |   -> <DisorderedAtom CAA >
    |    -> <function Residue.add at 0x778e4a19e440>
    -> <Residue ILE het=  resseq=3 icode= >

  File "/home/nikolenko/miniforge/envs/lpce/lib/python3.10/site-packages/Bio/PDB/Residue.py", line 82, in add
    raise PDBConstructionException(
          -> <class 'Bio.PDB.PDBExceptions.PDBConstructionException'>

Bio.PDB.PDBExceptions.PDBConstructionException: Atom CAA  defined twice in residue <Residue ILE het=  resseq=3 icode= >
Error processing /mnt/ligandpro/db/LPCE/bioml/pdb6bra_bioml_1.pdb: Atom NA   defined twice in residue <Residue ILE het=  resseq=3 icode= >
Traceback (most recent call last):

  File "/home/nikolenko/miniforge/envs/lpce/lib/python3.10/runpy.py", line 196, in _run_module_as_main
    return _run_code(code, main_globals, None,
           |         |     -> {'__name__': '__main__', '__doc__': None, '__package__': 'joblib.externals.loky.backend', '__loader__': <_frozen_importlib_ex...
           |         -> <code object <module> at 0x778e4a22f1b0, file "/home/nikolenko/miniforge/envs/lpce/lib/python3.10/site-packages/joblib/extern...
           -> <function _run_code at 0x778e4d59e200>
  File "/home/nikolenko/miniforge/envs/lpce/lib/python3.10/runpy.py", line 86, in _run_code
    exec(code, run_globals)
         |     -> {'__name__': '__main__', '__doc__': None, '__package__': 'joblib.externals.loky.backend', '__loader__': <_frozen_importlib_ex...
         -> <code object <module> at 0x778e4a22f1b0, file "/home/nikolenko/miniforge/envs/lpce/lib/python3.10/site-packages/joblib/extern...
  File "/home/nikolenko/miniforge/envs/lpce/lib/python3.10/site-packages/joblib/externals/loky/backend/popen_loky_posix.py", line 180, in <module>
    exitcode = process_obj._bootstrap()
               |           -> <function BaseProcess._bootstrap at 0x778e4d5e1cf0>
               -> <LokyProcess name='LokyProcess-51' parent=2992457 started>
  File "/home/nikolenko/miniforge/envs/lpce/lib/python3.10/multiprocessing/process.py", line 314, in _bootstrap
    self.run()
    |    -> <function BaseProcess.run at 0x778e4d5e1360>
    -> <LokyProcess name='LokyProcess-51' parent=2992457 started>
  File "/home/nikolenko/miniforge/envs/lpce/lib/python3.10/multiprocessing/process.py", line 108, in run
    self._target(*self._args, **self._kwargs)
    |    |        |    |        |    -> {}
    |    |        |    |        -> <LokyProcess name='LokyProcess-51' parent=2992457 started>
    |    |        |    -> (<joblib.externals.loky.process_executor._SafeQueue object at 0x778e4a247490>, <joblib.externals.loky.backend.queues.SimpleQu...
    |    |        -> <LokyProcess name='LokyProcess-51' parent=2992457 started>
    |    -> <function _process_worker at 0x778e4d0c8820>
    -> <LokyProcess name='LokyProcess-51' parent=2992457 started>
  File "/home/nikolenko/miniforge/envs/lpce/lib/python3.10/site-packages/joblib/externals/loky/process_executor.py", line 490, in _process_worker
    r = call_item()
        -> CallItem(43713, <joblib.parallel.BatchedCalls object at 0x778e2a68e230>, (), {})
  File "/home/nikolenko/miniforge/envs/lpce/lib/python3.10/site-packages/joblib/externals/loky/process_executor.py", line 291, in __call__
    return self.fn(*self.args, **self.kwargs)
           |    |   |    |       |    -> {}
           |    |   |    |       -> CallItem(43713, <joblib.parallel.BatchedCalls object at 0x778e2a68e230>, (), {})
           |    |   |    -> ()
           |    |   -> CallItem(43713, <joblib.parallel.BatchedCalls object at 0x778e2a68e230>, (), {})
           |    -> <joblib.parallel.BatchedCalls object at 0x778e2a68e230>
           -> CallItem(43713, <joblib.parallel.BatchedCalls object at 0x778e2a68e230>, (), {})
  File "/home/nikolenko/miniforge/envs/lpce/lib/python3.10/site-packages/joblib/parallel.py", line 606, in __call__
    return [func(*args, **kwargs) for func, args, kwargs in self.items]
                                                            |    -> [(<function _run_single at 0x778e38d951b0>, (PosixPath('/mnt/ligandpro/db/LPCE/bioml/pdb6bra_bioml_1.pdb'), PosixPath('/mnt/l...
                                                            -> <joblib.parallel.BatchedCalls object at 0x778e2a68e230>
  File "/home/nikolenko/miniforge/envs/lpce/lib/python3.10/site-packages/joblib/parallel.py", line 606, in <listcomp>
    return [func(*args, **kwargs) for func, args, kwargs in self.items]
            |     |       |           |     |     -> {}
            |     |       |           |     -> (PosixPath('/mnt/ligandpro/db/LPCE/bioml/pdb6bra_bioml_1.pdb'), PosixPath('/mnt/ligandpro/db/LPCE/separated'), {'interaction_...
            |     |       |           -> <function _run_single at 0x778e38d951b0>
            |     |       -> {}
            |     -> (PosixPath('/mnt/ligandpro/db/LPCE/bioml/pdb6bra_bioml_1.pdb'), PosixPath('/mnt/ligandpro/db/LPCE/separated'), {'interaction_...
            -> <function _run_single at 0x778e38d951b0>

  File "/home/nikolenko/work/Projects/LPCE/lpce/pdb_manipulations/protein_ligand_separator.py", line 801, in _run_single
    result = analyze_protein(
             -> <function analyze_protein at 0x778e38d94310>

  File "/home/nikolenko/work/Projects/LPCE/lpce/pdb_manipulations/protein_ligand_separator.py", line 790, in analyze_protein
    return analyzer.analyze(pdb_filepath, output_directory)
           |        |       |             -> PosixPath('/mnt/ligandpro/db/LPCE/separated')
           |        |       -> PosixPath('/mnt/ligandpro/db/LPCE/bioml/pdb6bra_bioml_1.pdb')
           |        -> <function ProteinAnalyzer.analyze at 0x778e38d95090>
           -> <pdb_manipulations.protein_ligand_separator.ProteinAnalyzer object at 0x778e37d001f0>

> File "/home/nikolenko/work/Projects/LPCE/lpce/pdb_manipulations/protein_ligand_separator.py", line 762, in analyze
    if self.writer.save(structure, p, out_dir, extra, pdb_filepath.stem):
       |    |      |    |          |  |        |      |            -> <property object at 0x778e4d590c20>
       |    |      |    |          |  |        |      -> PosixPath('/mnt/ligandpro/db/LPCE/bioml/pdb6bra_bioml_1.pdb')
       |    |      |    |          |  |        -> ['HEADER    VIRAL PROTEIN                           30-NOV-17   6BRA              \n', 'TITLE     HIV-1 PROTEASE (D25N, INACT...
       |    |      |    |          |  -> PosixPath('/mnt/ligandpro/db/LPCE/separated')
       |    |      |    |          -> Pocket(ligands=[<Residue SER het=  resseq=1 icode= >, <Residue ILE het=  resseq=3 icode= >, <Residue PHE het=  resseq=4 icode...
       |    |      |    -> <Structure id=pdb>
       |    |      -> <function PocketWriter.save at 0x778e38d94c10>
       |    -> <pdb_manipulations.protein_ligand_separator.PocketWriter object at 0x778e37d01e40>
       -> <pdb_manipulations.protein_ligand_separator.ProteinAnalyzer object at 0x778e37d001f0>

  File "/home/nikolenko/work/Projects/LPCE/lpce/pdb_manipulations/protein_ligand_separator.py", line 567, in save
    main = self._merge_residues(comp, new_name)
           |    |               |     -> 'ILE'
           |    |               -> [<Residue ILE het=  resseq=3 icode= >, <Residue PHE het=  resseq=4 icode= >, <Residue LEU het=  resseq=5 icode= >]
           |    -> <staticmethod(<function PocketWriter._merge_residues at 0x778e38d94b80>)>
           -> <pdb_manipulations.protein_ligand_separator.PocketWriter object at 0x778e37d01e40>

  File "/home/nikolenko/work/Projects/LPCE/lpce/pdb_manipulations/protein_ligand_separator.py", line 523, in _merge_residues
    main.add(c)
    |    |   -> <DisorderedAtom NA  >
    |    -> <function Residue.add at 0x778e4a19e440>
    -> <Residue ILE het=  resseq=3 icode= >

  File "/home/nikolenko/miniforge/envs/lpce/lib/python3.10/site-packages/Bio/PDB/Residue.py", line 82, in add
    raise PDBConstructionException(
          -> <class 'Bio.PDB.PDBExceptions.PDBConstructionException'>

Bio.PDB.PDBExceptions.PDBConstructionException: Atom NA   defined twice in residue <Residue ILE het=  resseq=3 icode= >
Error processing /mnt/ligandpro/db/LPCE/bioml/pdb6bra_bioml_1.pdb: Atom NA   defined twice in residue <Residue ILE het=  resseq=3 icode= >
Traceback (most recent call last):

  File "/home/nikolenko/miniforge/envs/lpce/lib/python3.10/runpy.py", line 196, in _run_module_as_main
    return _run_code(code, main_globals, None,
           |         |     -> {'__name__': '__main__', '__doc__': None, '__package__': 'joblib.externals.loky.backend', '__loader__': <_frozen_importlib_ex...
           |         -> <code object <module> at 0x778e4a22f1b0, file "/home/nikolenko/miniforge/envs/lpce/lib/python3.10/site-packages/joblib/extern...
           -> <function _run_code at 0x778e4d59e200>
  File "/home/nikolenko/miniforge/envs/lpce/lib/python3.10/runpy.py", line 86, in _run_code
    exec(code, run_globals)
         |     -> {'__name__': '__main__', '__doc__': None, '__package__': 'joblib.externals.loky.backend', '__loader__': <_frozen_importlib_ex...
         -> <code object <module> at 0x778e4a22f1b0, file "/home/nikolenko/miniforge/envs/lpce/lib/python3.10/site-packages/joblib/extern...
  File "/home/nikolenko/miniforge/envs/lpce/lib/python3.10/site-packages/joblib/externals/loky/backend/popen_loky_posix.py", line 180, in <module>
    exitcode = process_obj._bootstrap()
               |           -> <function BaseProcess._bootstrap at 0x778e4d5e1cf0>
               -> <LokyProcess name='LokyProcess-51' parent=2992457 started>
  File "/home/nikolenko/miniforge/envs/lpce/lib/python3.10/multiprocessing/process.py", line 314, in _bootstrap
    self.run()
    |    -> <function BaseProcess.run at 0x778e4d5e1360>
    -> <LokyProcess name='LokyProcess-51' parent=2992457 started>
  File "/home/nikolenko/miniforge/envs/lpce/lib/python3.10/multiprocessing/process.py", line 108, in run
    self._target(*self._args, **self._kwargs)
    |    |        |    |        |    -> {}
    |    |        |    |        -> <LokyProcess name='LokyProcess-51' parent=2992457 started>
    |    |        |    -> (<joblib.externals.loky.process_executor._SafeQueue object at 0x778e4a247490>, <joblib.externals.loky.backend.queues.SimpleQu...
    |    |        -> <LokyProcess name='LokyProcess-51' parent=2992457 started>
    |    -> <function _process_worker at 0x778e4d0c8820>
    -> <LokyProcess name='LokyProcess-51' parent=2992457 started>
  File "/home/nikolenko/miniforge/envs/lpce/lib/python3.10/site-packages/joblib/externals/loky/process_executor.py", line 490, in _process_worker
    r = call_item()
        -> CallItem(43713, <joblib.parallel.BatchedCalls object at 0x778e2a68e230>, (), {})
  File "/home/nikolenko/miniforge/envs/lpce/lib/python3.10/site-packages/joblib/externals/loky/process_executor.py", line 291, in __call__
    return self.fn(*self.args, **self.kwargs)
           |    |   |    |       |    -> {}
           |    |   |    |       -> CallItem(43713, <joblib.parallel.BatchedCalls object at 0x778e2a68e230>, (), {})
           |    |   |    -> ()
           |    |   -> CallItem(43713, <joblib.parallel.BatchedCalls object at 0x778e2a68e230>, (), {})
           |    -> <joblib.parallel.BatchedCalls object at 0x778e2a68e230>
           -> CallItem(43713, <joblib.parallel.BatchedCalls object at 0x778e2a68e230>, (), {})
  File "/home/nikolenko/miniforge/envs/lpce/lib/python3.10/site-packages/joblib/parallel.py", line 606, in __call__
    return [func(*args, **kwargs) for func, args, kwargs in self.items]
                                                            |    -> [(<function _run_single at 0x778e38d951b0>, (PosixPath('/mnt/ligandpro/db/LPCE/bioml/pdb6bra_bioml_1.pdb'), PosixPath('/mnt/l...
                                                            -> <joblib.parallel.BatchedCalls object at 0x778e2a68e230>
  File "/home/nikolenko/miniforge/envs/lpce/lib/python3.10/site-packages/joblib/parallel.py", line 606, in <listcomp>
    return [func(*args, **kwargs) for func, args, kwargs in self.items]
            |     |       |           |     |     -> {}
            |     |       |           |     -> (PosixPath('/mnt/ligandpro/db/LPCE/bioml/pdb6bra_bioml_1.pdb'), PosixPath('/mnt/ligandpro/db/LPCE/separated'), {'interaction_...
            |     |       |           -> <function _run_single at 0x778e38d951b0>
            |     |       -> {}
            |     -> (PosixPath('/mnt/ligandpro/db/LPCE/bioml/pdb6bra_bioml_1.pdb'), PosixPath('/mnt/ligandpro/db/LPCE/separated'), {'interaction_...
            -> <function _run_single at 0x778e38d951b0>

  File "/home/nikolenko/work/Projects/LPCE/lpce/pdb_manipulations/protein_ligand_separator.py", line 801, in _run_single
    result = analyze_protein(
             -> <function analyze_protein at 0x778e38d94310>

  File "/home/nikolenko/work/Projects/LPCE/lpce/pdb_manipulations/protein_ligand_separator.py", line 790, in analyze_protein
    return analyzer.analyze(pdb_filepath, output_directory)
           |        |       |             -> PosixPath('/mnt/ligandpro/db/LPCE/separated')
           |        |       -> PosixPath('/mnt/ligandpro/db/LPCE/bioml/pdb6bra_bioml_1.pdb')
           |        -> <function ProteinAnalyzer.analyze at 0x778e38d95090>
           -> <pdb_manipulations.protein_ligand_separator.ProteinAnalyzer object at 0x778e37d001f0>

> File "/home/nikolenko/work/Projects/LPCE/lpce/pdb_manipulations/protein_ligand_separator.py", line 762, in analyze
    if self.writer.save(structure, p, out_dir, extra, pdb_filepath.stem):
       |    |      |    |          |  |        |      |            -> <property object at 0x778e4d590c20>
       |    |      |    |          |  |        |      -> PosixPath('/mnt/ligandpro/db/LPCE/bioml/pdb6bra_bioml_1.pdb')
       |    |      |    |          |  |        -> ['HEADER    VIRAL PROTEIN                           30-NOV-17   6BRA              \n', 'TITLE     HIV-1 PROTEASE (D25N, INACT...
       |    |      |    |          |  -> PosixPath('/mnt/ligandpro/db/LPCE/separated')
       |    |      |    |          -> Pocket(ligands=[<Residue THR het=  resseq=7 icode= >, <Residue ILE het=  resseq=3 icode= >, <Residue PHE het=  resseq=4 icode...
       |    |      |    -> <Structure id=pdb>
       |    |      -> <function PocketWriter.save at 0x778e38d94c10>
       |    -> <pdb_manipulations.protein_ligand_separator.PocketWriter object at 0x778e37d01e40>
       -> <pdb_manipulations.protein_ligand_separator.ProteinAnalyzer object at 0x778e37d001f0>

  File "/home/nikolenko/work/Projects/LPCE/lpce/pdb_manipulations/protein_ligand_separator.py", line 567, in save
    main = self._merge_residues(comp, new_name)
           |    |               |     -> 'ILE'
           |    |               -> [<Residue ILE het=  resseq=3 icode= >, <Residue PHE het=  resseq=4 icode= >, <Residue LEU het=  resseq=5 icode= >]
           |    -> <staticmethod(<function PocketWriter._merge_residues at 0x778e38d94b80>)>
           -> <pdb_manipulations.protein_ligand_separator.PocketWriter object at 0x778e37d01e40>

  File "/home/nikolenko/work/Projects/LPCE/lpce/pdb_manipulations/protein_ligand_separator.py", line 523, in _merge_residues
    main.add(c)
    |    |   -> <DisorderedAtom NA  >
    |    -> <function Residue.add at 0x778e4a19e440>
    -> <Residue ILE het=  resseq=3 icode= >

  File "/home/nikolenko/miniforge/envs/lpce/lib/python3.10/site-packages/Bio/PDB/Residue.py", line 82, in add
    raise PDBConstructionException(
          -> <class 'Bio.PDB.PDBExceptions.PDBConstructionException'>

Bio.PDB.PDBExceptions.PDBConstructionException: Atom NA   defined twice in residue <Residue ILE het=  resseq=3 icode= >
Separating ligand pockets in PDB files:  19%|#8        | 43848/234324 [15:59<1:04:56, 48.89it/s]Separating ligand pockets in PDB files:  19%|#8        | 43902/234324 [16:00<1:02:18, 50.93it/s]Separating ligand pockets in PDB files:  19%|#8        | 43956/234324 [16:02<1:05:19, 48.57it/s]Separating ligand pockets in PDB files:  19%|#8        | 44010/234324 [16:03<1:06:29, 47.70it/s]Separating ligand pockets in PDB files:  19%|#8        | 44064/234324 [16:04<1:07:26, 47.02it/s]Separating ligand pockets in PDB files:  19%|#8        | 44118/234324 [16:05<1:02:09, 51.00it/s]Separating ligand pockets in PDB files:  19%|#8        | 44172/234324 [16:05<56:19, 56.27it/s]  Separating ligand pockets in PDB files:  19%|#8        | 44226/234324 [16:07<58:50, 53.85it/s]Separating ligand pockets in PDB files:  19%|#8        | 44280/234324 [16:08<57:46, 54.82it/s]Separating ligand pockets in PDB files:  19%|#8        | 44334/234324 [16:09<1:00:15, 52.55it/s]Separating ligand pockets in PDB files:  19%|#8        | 44388/234324 [16:10<57:45, 54.80it/s]  Separating ligand pockets in PDB files:  19%|#8        | 44442/234324 [16:10<55:15, 57.27it/s]Separating ligand pockets in PDB files:  19%|#8        | 44496/234324 [16:11<56:28, 56.03it/s]Separating ligand pockets in PDB files:  19%|#9        | 44550/234324 [16:12<58:07, 54.41it/s]Separating ligand pockets in PDB files:  19%|#9        | 44604/234324 [16:14<1:04:38, 48.91it/s]Separating ligand pockets in PDB files:  19%|#9        | 44658/234324 [16:16<1:16:21, 41.40it/s]Separating ligand pockets in PDB files:  19%|#9        | 44712/234324 [16:17<1:21:34, 38.74it/s]Separating ligand pockets in PDB files:  19%|#9        | 44766/234324 [16:19<1:21:11, 38.91it/s]Separating ligand pockets in PDB files:  19%|#9        | 44820/234324 [16:20<1:22:40, 38.20it/s]Separating ligand pockets in PDB files:  19%|#9        | 44874/234324 [16:21<1:22:38, 38.20it/s]Separating ligand pockets in PDB files:  19%|#9        | 44928/234324 [16:22<1:14:14, 42.51it/s]Separating ligand pockets in PDB files:  19%|#9        | 44982/234324 [16:24<1:12:05, 43.78it/s]Separating ligand pockets in PDB files:  19%|#9        | 45036/234324 [16:25<1:07:40, 46.62it/s]Separating ligand pockets in PDB files:  19%|#9        | 45090/234324 [16:26<1:07:55, 46.43it/s]Separating ligand pockets in PDB files:  19%|#9        | 45144/234324 [16:27<1:04:37, 48.79it/s]Separating ligand pockets in PDB files:  19%|#9        | 45198/234324 [16:28<1:03:51, 49.37it/s]Separating ligand pockets in PDB files:  19%|#9        | 45252/234324 [16:29<1:07:11, 46.90it/s]Separating ligand pockets in PDB files:  19%|#9        | 45306/234324 [16:30<1:09:32, 45.30it/s]Separating ligand pockets in PDB files:  19%|#9        | 45360/234324 [16:32<1:11:34, 44.00it/s]Separating ligand pockets in PDB files:  19%|#9        | 45414/234324 [16:33<1:13:44, 42.69it/s]Separating ligand pockets in PDB files:  19%|#9        | 45468/234324 [16:35<1:25:09, 36.96it/s]Separating ligand pockets in PDB files:  19%|#9        | 45522/234324 [16:36<1:22:08, 38.31it/s]Separating ligand pockets in PDB files:  19%|#9        | 45576/234324 [16:37<1:18:15, 40.19it/s]Separating ligand pockets in PDB files:  19%|#9        | 45630/234324 [16:39<1:19:23, 39.61it/s]Separating ligand pockets in PDB files:  19%|#9        | 45684/234324 [16:40<1:14:37, 42.13it/s]Separating ligand pockets in PDB files:  20%|#9        | 45738/234324 [16:41<1:13:05, 43.00it/s]Separating ligand pockets in PDB files:  20%|#9        | 45792/234324 [16:43<1:23:55, 37.44it/s]Separating ligand pockets in PDB files:  20%|#9        | 45846/234324 [16:44<1:21:35, 38.50it/s]Separating ligand pockets in PDB files:  20%|#9        | 45900/234324 [16:46<1:28:05, 35.65it/s]Separating ligand pockets in PDB files:  20%|#9        | 45954/234324 [16:48<1:30:27, 34.71it/s]Separating ligand pockets in PDB files:  20%|#9        | 46008/234324 [16:49<1:19:27, 39.50it/s]Separating ligand pockets in PDB files:  20%|#9        | 46062/234324 [16:50<1:17:26, 40.51it/s]Separating ligand pockets in PDB files:  20%|#9        | 46116/234324 [16:52<1:23:18, 37.66it/s]Separating ligand pockets in PDB files:  20%|#9        | 46170/234324 [16:54<1:38:18, 31.90it/s]Separating ligand pockets in PDB files:  20%|#9        | 46224/234324 [16:55<1:27:10, 35.96it/s]Separating ligand pockets in PDB files:  20%|#9        | 46278/234324 [16:57<1:32:16, 33.96it/s]Separating ligand pockets in PDB files:  20%|#9        | 46332/234324 [16:58<1:34:07, 33.29it/s]Separating ligand pockets in PDB files:  20%|#9        | 46386/234324 [17:00<1:27:28, 35.81it/s]Separating ligand pockets in PDB files:  20%|#9        | 46440/234324 [17:01<1:18:03, 40.12it/s]Separating ligand pockets in PDB files:  20%|#9        | 46494/234324 [17:02<1:21:13, 38.54it/s]Separating ligand pockets in PDB files:  20%|#9        | 46548/234324 [17:03<1:14:35, 41.95it/s]Separating ligand pockets in PDB files:  20%|#9        | 46602/234324 [17:04<1:12:26, 43.19it/s]Separating ligand pockets in PDB files:  20%|#9        | 46656/234324 [17:06<1:15:36, 41.37it/s]Separating ligand pockets in PDB files:  20%|#9        | 46710/234324 [17:07<1:14:24, 42.02it/s]Separating ligand pockets in PDB files:  20%|#9        | 46764/234324 [17:08<1:09:03, 45.27it/s]Separating ligand pockets in PDB files:  20%|#9        | 46818/234324 [17:09<1:08:55, 45.34it/s]Separating ligand pockets in PDB files:  20%|##        | 46872/234324 [17:10<1:08:05, 45.88it/s]Separating ligand pockets in PDB files:  20%|##        | 46926/234324 [17:11<1:07:53, 46.00it/s]Separating ligand pockets in PDB files:  20%|##        | 46980/234324 [17:12<1:05:08, 47.94it/s]Separating ligand pockets in PDB files:  20%|##        | 47034/234324 [17:14<1:17:58, 40.03it/s]Separating ligand pockets in PDB files:  20%|##        | 47088/234324 [17:16<1:23:54, 37.19it/s]Separating ligand pockets in PDB files:  20%|##        | 47142/234324 [17:17<1:17:12, 40.40it/s]Separating ligand pockets in PDB files:  20%|##        | 47196/234324 [17:18<1:12:52, 42.80it/s]Separating ligand pockets in PDB files:  20%|##        | 47250/234324 [17:19<1:09:40, 44.75it/s]Separating ligand pockets in PDB files:  20%|##        | 47304/234324 [17:20<1:09:48, 44.65it/s]Separating ligand pockets in PDB files:  20%|##        | 47358/234324 [17:21<1:02:51, 49.58it/s]Separating ligand pockets in PDB files:  20%|##        | 47412/234324 [17:22<1:04:53, 48.00it/s]Separating ligand pockets in PDB files:  20%|##        | 47466/234324 [17:24<1:03:30, 49.04it/s]Separating ligand pockets in PDB files:  20%|##        | 47520/234324 [17:25<1:02:01, 50.19it/s]Separating ligand pockets in PDB files:  20%|##        | 47574/234324 [17:26<1:04:18, 48.40it/s]Separating ligand pockets in PDB files:  20%|##        | 47628/234324 [17:27<1:11:34, 43.48it/s]Separating ligand pockets in PDB files:  20%|##        | 47682/234324 [17:29<1:16:53, 40.46it/s]Separating ligand pockets in PDB files:  20%|##        | 47736/234324 [17:31<1:26:42, 35.86it/s]Separating ligand pockets in PDB files:  20%|##        | 47790/234324 [17:32<1:27:18, 35.61it/s]Separating ligand pockets in PDB files:  20%|##        | 47844/234324 [17:34<1:27:37, 35.47it/s]Separating ligand pockets in PDB files:  20%|##        | 47898/234324 [17:36<1:34:50, 32.76it/s]Separating ligand pockets in PDB files:  20%|##        | 47952/234324 [17:37<1:30:39, 34.27it/s]Separating ligand pockets in PDB files:  20%|##        | 48006/234324 [17:38<1:24:46, 36.63it/s]Separating ligand pockets in PDB files:  21%|##        | 48060/234324 [17:40<1:20:22, 38.63it/s]Separating ligand pockets in PDB files:  21%|##        | 48114/234324 [17:41<1:17:15, 40.17it/s]Separating ligand pockets in PDB files:  21%|##        | 48168/234324 [17:42<1:17:30, 40.03it/s]Separating ligand pockets in PDB files:  21%|##        | 48222/234324 [17:44<1:19:13, 39.15it/s]Separating ligand pockets in PDB files:  21%|##        | 48276/234324 [17:45<1:19:38, 38.93it/s]Separating ligand pockets in PDB files:  21%|##        | 48330/234324 [17:46<1:14:38, 41.53it/s]Separating ligand pockets in PDB files:  21%|##        | 48384/234324 [17:47<1:07:51, 45.67it/s]Separating ligand pockets in PDB files:  21%|##        | 48438/234324 [17:48<1:05:13, 47.50it/s]Separating ligand pockets in PDB files:  21%|##        | 48492/234324 [17:50<1:10:18, 44.06it/s]Separating ligand pockets in PDB files:  21%|##        | 48546/234324 [17:51<1:13:14, 42.27it/s]Separating ligand pockets in PDB files:  21%|##        | 48600/234324 [17:52<1:12:40, 42.59it/s]Separating ligand pockets in PDB files:  21%|##        | 48654/234324 [17:53<1:10:22, 43.97it/s]Separating ligand pockets in PDB files:  21%|##        | 48708/234324 [17:55<1:09:49, 44.30it/s]Separating ligand pockets in PDB files:  21%|##        | 48762/234324 [17:55<1:04:24, 48.01it/s]Separating ligand pockets in PDB files:  21%|##        | 48816/234324 [17:57<1:04:22, 48.03it/s]Separating ligand pockets in PDB files:  21%|##        | 48870/234324 [17:58<1:09:15, 44.63it/s]Separating ligand pockets in PDB files:  21%|##        | 48924/234324 [17:59<1:09:04, 44.73it/s]Separating ligand pockets in PDB files:  21%|##        | 48978/234324 [18:00<1:00:42, 50.89it/s]Separating ligand pockets in PDB files:  21%|##        | 49032/234324 [18:01<1:06:20, 46.55it/s]Separating ligand pockets in PDB files:  21%|##        | 49086/234324 [18:03<1:13:26, 42.04it/s]Separating ligand pockets in PDB files:  21%|##        | 49140/234324 [18:04<1:18:10, 39.48it/s]Separating ligand pockets in PDB files:  21%|##        | 49194/234324 [18:05<1:12:05, 42.80it/s]Separating ligand pockets in PDB files:  21%|##1       | 49248/234324 [18:06<1:03:38, 48.46it/s]Separating ligand pockets in PDB files:  21%|##1       | 49302/234324 [18:07<1:00:59, 50.56it/s]Separating ligand pockets in PDB files:  21%|##1       | 49356/234324 [18:08<1:01:20, 50.26it/s]Separating ligand pockets in PDB files:  21%|##1       | 49410/234324 [18:09<59:22, 51.91it/s]  Separating ligand pockets in PDB files:  21%|##1       | 49464/234324 [18:10<59:17, 51.97it/s]Separating ligand pockets in PDB files:  21%|##1       | 49518/234324 [18:11<56:46, 54.25it/s]Separating ligand pockets in PDB files:  21%|##1       | 49572/234324 [18:12<57:25, 53.62it/s]Separating ligand pockets in PDB files:  21%|##1       | 49626/234324 [18:13<57:30, 53.53it/s]Separating ligand pockets in PDB files:  21%|##1       | 49680/234324 [18:15<1:07:24, 45.66it/s]Separating ligand pockets in PDB files:  21%|##1       | 49734/234324 [18:16<1:03:03, 48.79it/s]Separating ligand pockets in PDB files:  21%|##1       | 49788/234324 [18:17<59:36, 51.60it/s]  Separating ligand pockets in PDB files:  21%|##1       | 49842/234324 [18:18<58:54, 52.19it/s]Separating ligand pockets in PDB files:  21%|##1       | 49896/234324 [18:19<58:22, 52.66it/s]Separating ligand pockets in PDB files:  21%|##1       | 49950/234324 [18:19<53:18, 57.65it/s]Separating ligand pockets in PDB files:  21%|##1       | 50004/234324 [18:20<52:48, 58.17it/s]Separating ligand pockets in PDB files:  21%|##1       | 50058/234324 [18:21<54:35, 56.26it/s]Separating ligand pockets in PDB files:  21%|##1       | 50112/234324 [18:22<56:30, 54.34it/s]Separating ligand pockets in PDB files:  21%|##1       | 50166/234324 [18:24<1:01:04, 50.26it/s]Separating ligand pockets in PDB files:  21%|##1       | 50220/234324 [18:25<1:02:54, 48.77it/s]Separating ligand pockets in PDB files:  21%|##1       | 50274/234324 [18:26<1:06:25, 46.18it/s]Separating ligand pockets in PDB files:  21%|##1       | 50328/234324 [18:27<1:08:40, 44.65it/s]Separating ligand pockets in PDB files:  22%|##1       | 50382/234324 [18:28<1:04:19, 47.66it/s]Separating ligand pockets in PDB files:  22%|##1       | 50436/234324 [18:29<1:02:50, 48.76it/s]Error processing /mnt/ligandpro/db/LPCE/bioml/pdb8fr9_bioml_2.pdb: Atom C1A  defined twice in residue <Residue NAG het=H_NAG resseq=1 icode= >
Traceback (most recent call last):

  File "/home/nikolenko/miniforge/envs/lpce/lib/python3.10/runpy.py", line 196, in _run_module_as_main
    return _run_code(code, main_globals, None,
           |         |     -> {'__name__': '__main__', '__doc__': None, '__package__': 'joblib.externals.loky.backend', '__loader__': <_frozen_importlib_ex...
           |         -> <code object <module> at 0x74c2259471b0, file "/home/nikolenko/miniforge/envs/lpce/lib/python3.10/site-packages/joblib/extern...
           -> <function _run_code at 0x74c228ca2200>
  File "/home/nikolenko/miniforge/envs/lpce/lib/python3.10/runpy.py", line 86, in _run_code
    exec(code, run_globals)
         |     -> {'__name__': '__main__', '__doc__': None, '__package__': 'joblib.externals.loky.backend', '__loader__': <_frozen_importlib_ex...
         -> <code object <module> at 0x74c2259471b0, file "/home/nikolenko/miniforge/envs/lpce/lib/python3.10/site-packages/joblib/extern...
  File "/home/nikolenko/miniforge/envs/lpce/lib/python3.10/site-packages/joblib/externals/loky/backend/popen_loky_posix.py", line 180, in <module>
    exitcode = process_obj._bootstrap()
               |           -> <function BaseProcess._bootstrap at 0x74c228ce5cf0>
               -> <LokyProcess name='LokyProcess-14' parent=2992457 started>
  File "/home/nikolenko/miniforge/envs/lpce/lib/python3.10/multiprocessing/process.py", line 314, in _bootstrap
    self.run()
    |    -> <function BaseProcess.run at 0x74c228ce5360>
    -> <LokyProcess name='LokyProcess-14' parent=2992457 started>
  File "/home/nikolenko/miniforge/envs/lpce/lib/python3.10/multiprocessing/process.py", line 108, in run
    self._target(*self._args, **self._kwargs)
    |    |        |    |        |    -> {}
    |    |        |    |        -> <LokyProcess name='LokyProcess-14' parent=2992457 started>
    |    |        |    -> (<joblib.externals.loky.process_executor._SafeQueue object at 0x74c22595f490>, <joblib.externals.loky.backend.queues.SimpleQu...
    |    |        -> <LokyProcess name='LokyProcess-14' parent=2992457 started>
    |    -> <function _process_worker at 0x74c228868820>
    -> <LokyProcess name='LokyProcess-14' parent=2992457 started>
  File "/home/nikolenko/miniforge/envs/lpce/lib/python3.10/site-packages/joblib/externals/loky/process_executor.py", line 490, in _process_worker
    r = call_item()
        -> CallItem(50309, <joblib.parallel.BatchedCalls object at 0x74c225b079a0>, (), {})
  File "/home/nikolenko/miniforge/envs/lpce/lib/python3.10/site-packages/joblib/externals/loky/process_executor.py", line 291, in __call__
    return self.fn(*self.args, **self.kwargs)
           |    |   |    |       |    -> {}
           |    |   |    |       -> CallItem(50309, <joblib.parallel.BatchedCalls object at 0x74c225b079a0>, (), {})
           |    |   |    -> ()
           |    |   -> CallItem(50309, <joblib.parallel.BatchedCalls object at 0x74c225b079a0>, (), {})
           |    -> <joblib.parallel.BatchedCalls object at 0x74c225b079a0>
           -> CallItem(50309, <joblib.parallel.BatchedCalls object at 0x74c225b079a0>, (), {})
  File "/home/nikolenko/miniforge/envs/lpce/lib/python3.10/site-packages/joblib/parallel.py", line 606, in __call__
    return [func(*args, **kwargs) for func, args, kwargs in self.items]
                                                            |    -> [(<function _run_single at 0x74c2148411b0>, (PosixPath('/mnt/ligandpro/db/LPCE/bioml/pdb8fr9_bioml_2.pdb'), PosixPath('/mnt/l...
                                                            -> <joblib.parallel.BatchedCalls object at 0x74c225b079a0>
  File "/home/nikolenko/miniforge/envs/lpce/lib/python3.10/site-packages/joblib/parallel.py", line 606, in <listcomp>
    return [func(*args, **kwargs) for func, args, kwargs in self.items]
            |     |       |           |     |     -> {}
            |     |       |           |     -> (PosixPath('/mnt/ligandpro/db/LPCE/bioml/pdb8fr9_bioml_2.pdb'), PosixPath('/mnt/ligandpro/db/LPCE/separated'), {'interaction_...
            |     |       |           -> <function _run_single at 0x74c2148411b0>
            |     |       -> {}
            |     -> (PosixPath('/mnt/ligandpro/db/LPCE/bioml/pdb8fr9_bioml_2.pdb'), PosixPath('/mnt/ligandpro/db/LPCE/separated'), {'interaction_...
            -> <function _run_single at 0x74c2148411b0>

  File "/home/nikolenko/work/Projects/LPCE/lpce/pdb_manipulations/protein_ligand_separator.py", line 801, in _run_single
    result = analyze_protein(
             -> <function analyze_protein at 0x74c214840310>

  File "/home/nikolenko/work/Projects/LPCE/lpce/pdb_manipulations/protein_ligand_separator.py", line 790, in analyze_protein
    return analyzer.analyze(pdb_filepath, output_directory)
           |        |       |             -> PosixPath('/mnt/ligandpro/db/LPCE/separated')
           |        |       -> PosixPath('/mnt/ligandpro/db/LPCE/bioml/pdb8fr9_bioml_2.pdb')
           |        -> <function ProteinAnalyzer.analyze at 0x74c214841090>
           -> <pdb_manipulations.protein_ligand_separator.ProteinAnalyzer object at 0x74c2000c5cf0>

> File "/home/nikolenko/work/Projects/LPCE/lpce/pdb_manipulations/protein_ligand_separator.py", line 762, in analyze
    if self.writer.save(structure, p, out_dir, extra, pdb_filepath.stem):
       |    |      |    |          |  |        |      |            -> <property object at 0x74c228c94c20>
       |    |      |    |          |  |        |      -> PosixPath('/mnt/ligandpro/db/LPCE/bioml/pdb8fr9_bioml_2.pdb')
       |    |      |    |          |  |        -> ['HEADER    HYDROLASE                               06-JAN-23   8FR9              \n', 'TITLE     MOUSE ACIDIC MAMMALIAN CHIT...
       |    |      |    |          |  -> PosixPath('/mnt/ligandpro/db/LPCE/separated')
       |    |      |    |          -> Pocket(ligands=[<Residue NAG het=H_NAG resseq=2 icode= >, <Residue NAG het=H_NAG resseq=1 icode= >, <Residue NAG het=H_NAG re...
       |    |      |    -> <Structure id=pdb>
       |    |      -> <function PocketWriter.save at 0x74c214840c10>
       |    -> <pdb_manipulations.protein_ligand_separator.PocketWriter object at 0x74c2000c4a60>
       -> <pdb_manipulations.protein_ligand_separator.ProteinAnalyzer object at 0x74c2000c5cf0>

  File "/home/nikolenko/work/Projects/LPCE/lpce/pdb_manipulations/protein_ligand_separator.py", line 567, in save
    main = self._merge_residues(comp, new_name)
           |    |               |     -> 'NAG'
           |    |               -> [<Residue NAG het=H_NAG resseq=1 icode= >, <Residue NAG het=H_NAG resseq=2 icode= >]
           |    -> <staticmethod(<function PocketWriter._merge_residues at 0x74c214840b80>)>
           -> <pdb_manipulations.protein_ligand_separator.PocketWriter object at 0x74c2000c4a60>

  File "/home/nikolenko/work/Projects/LPCE/lpce/pdb_manipulations/protein_ligand_separator.py", line 523, in _merge_residues
    main.add(c)
    |    |   -> <DisorderedAtom C1A >
    |    -> <function Residue.add at 0x74c21d5aa440>
    -> <Residue NAG het=H_NAG resseq=1 icode= >

  File "/home/nikolenko/miniforge/envs/lpce/lib/python3.10/site-packages/Bio/PDB/Residue.py", line 82, in add
    raise PDBConstructionException(
          -> <class 'Bio.PDB.PDBExceptions.PDBConstructionException'>

Bio.PDB.PDBExceptions.PDBConstructionException: Atom C1A  defined twice in residue <Residue NAG het=H_NAG resseq=1 icode= >
Separating ligand pockets in PDB files:  22%|##1       | 50490/234324 [18:30<1:01:54, 49.50it/s]Separating ligand pockets in PDB files:  22%|##1       | 50544/234324 [18:32<1:05:26, 46.80it/s]Separating ligand pockets in PDB files:  22%|##1       | 50598/234324 [18:33<1:02:26, 49.04it/s]Separating ligand pockets in PDB files:  22%|##1       | 50652/234324 [18:34<57:13, 53.50it/s]  Separating ligand pockets in PDB files:  22%|##1       | 50706/234324 [18:35<59:00, 51.87it/s]Separating ligand pockets in PDB files:  22%|##1       | 50760/234324 [18:36<57:16, 53.41it/s]Separating ligand pockets in PDB files:  22%|##1       | 50814/234324 [18:37<1:00:37, 50.45it/s]Separating ligand pockets in PDB files:  22%|##1       | 50868/234324 [18:39<1:22:13, 37.18it/s]Separating ligand pockets in PDB files:  22%|##1       | 50922/234324 [18:40<1:14:50, 40.84it/s]Separating ligand pockets in PDB files:  22%|##1       | 50976/234324 [18:42<1:17:07, 39.62it/s]Separating ligand pockets in PDB files:  22%|##1       | 51030/234324 [18:43<1:16:36, 39.88it/s]Separating ligand pockets in PDB files:  22%|##1       | 51084/234324 [18:45<1:24:57, 35.95it/s]Separating ligand pockets in PDB files:  22%|##1       | 51138/234324 [18:46<1:21:37, 37.40it/s]Separating ligand pockets in PDB files:  22%|##1       | 51192/234324 [18:47<1:18:15, 39.00it/s]Separating ligand pockets in PDB files:  22%|##1       | 51246/234324 [18:49<1:16:22, 39.95it/s]Separating ligand pockets in PDB files:  22%|##1       | 51300/234324 [18:50<1:12:48, 41.89it/s]Separating ligand pockets in PDB files:  22%|##1       | 51354/234324 [18:51<1:07:39, 45.07it/s]Separating ligand pockets in PDB files:  22%|##1       | 51408/234324 [18:52<1:00:35, 50.32it/s]Separating ligand pockets in PDB files:  22%|##1       | 51462/234324 [18:53<59:52, 50.90it/s]  Separating ligand pockets in PDB files:  22%|##1       | 51516/234324 [18:54<1:13:40, 41.36it/s]Separating ligand pockets in PDB files:  22%|##2       | 51570/234324 [18:55<1:07:38, 45.03it/s]Separating ligand pockets in PDB files:  22%|##2       | 51624/234324 [18:56<1:03:02, 48.30it/s]Separating ligand pockets in PDB files:  22%|##2       | 51678/234324 [18:57<1:00:54, 49.97it/s]Separating ligand pockets in PDB files:  22%|##2       | 51732/234324 [18:59<1:10:40, 43.06it/s]Separating ligand pockets in PDB files:  22%|##2       | 51786/234324 [19:00<1:07:05, 45.35it/s]Separating ligand pockets in PDB files:  22%|##2       | 51840/234324 [19:01<1:03:58, 47.54it/s]Separating ligand pockets in PDB files:  22%|##2       | 51894/234324 [19:02<1:04:15, 47.31it/s]Separating ligand pockets in PDB files:  22%|##2       | 51948/234324 [19:03<1:03:27, 47.90it/s]Separating ligand pockets in PDB files:  22%|##2       | 52002/234324 [19:05<1:14:25, 40.83it/s]Separating ligand pockets in PDB files:  22%|##2       | 52056/234324 [19:06<1:13:43, 41.21it/s]Separating ligand pockets in PDB files:  22%|##2       | 52110/234324 [19:07<1:05:51, 46.11it/s]Separating ligand pockets in PDB files:  22%|##2       | 52164/234324 [19:09<1:15:07, 40.41it/s]Separating ligand pockets in PDB files:  22%|##2       | 52218/234324 [19:10<1:09:40, 43.56it/s]Separating ligand pockets in PDB files:  22%|##2       | 52272/234324 [19:12<1:15:08, 40.38it/s]Separating ligand pockets in PDB files:  22%|##2       | 52326/234324 [19:14<1:37:36, 31.08it/s]Separating ligand pockets in PDB files:  22%|##2       | 52380/234324 [19:16<1:40:59, 30.03it/s]Separating ligand pockets in PDB files:  22%|##2       | 52434/234324 [19:18<1:39:24, 30.49it/s]Separating ligand pockets in PDB files:  22%|##2       | 52488/234324 [19:20<1:44:37, 28.97it/s]Separating ligand pockets in PDB files:  22%|##2       | 52542/234324 [19:21<1:38:15, 30.83it/s]Separating ligand pockets in PDB files:  22%|##2       | 52596/234324 [19:23<1:38:59, 30.60it/s]Separating ligand pockets in PDB files:  22%|##2       | 52650/234324 [19:25<1:34:18, 32.11it/s]Separating ligand pockets in PDB files:  22%|##2       | 52704/234324 [19:26<1:23:33, 36.22it/s]Separating ligand pockets in PDB files:  23%|##2       | 52758/234324 [19:27<1:14:46, 40.47it/s]Separating ligand pockets in PDB files:  23%|##2       | 52812/234324 [19:27<1:04:39, 46.79it/s]Separating ligand pockets in PDB files:  23%|##2       | 52866/234324 [19:28<1:00:55, 49.63it/s]Separating ligand pockets in PDB files:  23%|##2       | 52920/234324 [19:29<1:01:39, 49.04it/s]Separating ligand pockets in PDB files:  23%|##2       | 52974/234324 [19:30<59:53, 50.46it/s]  Separating ligand pockets in PDB files:  23%|##2       | 53028/234324 [19:32<1:11:37, 42.19it/s]Separating ligand pockets in PDB files:  23%|##2       | 53082/234324 [19:34<1:23:48, 36.04it/s]Separating ligand pockets in PDB files:  23%|##2       | 53136/234324 [19:35<1:17:33, 38.93it/s]Separating ligand pockets in PDB files:  23%|##2       | 53190/234324 [19:36<1:09:48, 43.25it/s]Separating ligand pockets in PDB files:  23%|##2       | 53244/234324 [19:37<1:06:28, 45.40it/s]Separating ligand pockets in PDB files:  23%|##2       | 53298/234324 [19:39<1:19:22, 38.01it/s]Separating ligand pockets in PDB files:  23%|##2       | 53352/234324 [19:40<1:13:32, 41.01it/s]Separating ligand pockets in PDB files:  23%|##2       | 53406/234324 [19:42<1:18:15, 38.53it/s]Separating ligand pockets in PDB files:  23%|##2       | 53460/234324 [19:43<1:17:36, 38.84it/s]Separating ligand pockets in PDB files:  23%|##2       | 53514/234324 [19:45<1:15:14, 40.05it/s]Separating ligand pockets in PDB files:  23%|##2       | 53568/234324 [19:46<1:13:51, 40.78it/s]Separating ligand pockets in PDB files:  23%|##2       | 53622/234324 [19:47<1:09:15, 43.49it/s]Separating ligand pockets in PDB files:  23%|##2       | 53676/234324 [19:48<1:06:32, 45.25it/s]Separating ligand pockets in PDB files:  23%|##2       | 53730/234324 [19:50<1:14:06, 40.61it/s]Separating ligand pockets in PDB files:  23%|##2       | 53784/234324 [19:51<1:13:38, 40.86it/s]Separating ligand pockets in PDB files:  23%|##2       | 53838/234324 [19:52<1:07:46, 44.38it/s]Separating ligand pockets in PDB files:  23%|##2       | 53892/234324 [19:53<1:07:25, 44.60it/s]Separating ligand pockets in PDB files:  23%|##3       | 53946/234324 [19:55<1:15:56, 39.59it/s]Separating ligand pockets in PDB files:  23%|##3       | 54000/234324 [19:56<1:06:27, 45.22it/s]Separating ligand pockets in PDB files:  23%|##3       | 54054/234324 [19:57<1:06:43, 45.03it/s]Separating ligand pockets in PDB files:  23%|##3       | 54108/234324 [19:58<1:04:37, 46.47it/s]Separating ligand pockets in PDB files:  23%|##3       | 54162/234324 [20:00<1:17:21, 38.81it/s]Separating ligand pockets in PDB files:  23%|##3       | 54216/234324 [20:01<1:09:36, 43.12it/s]Separating ligand pockets in PDB files:  23%|##3       | 54270/234324 [20:02<1:10:23, 42.63it/s]Separating ligand pockets in PDB files:  23%|##3       | 54324/234324 [20:05<1:30:22, 33.20it/s]Separating ligand pockets in PDB files:  23%|##3       | 54378/234324 [20:06<1:21:13, 36.93it/s]Separating ligand pockets in PDB files:  23%|##3       | 54432/234324 [20:07<1:17:16, 38.80it/s]Separating ligand pockets in PDB files:  23%|##3       | 54486/234324 [20:09<1:33:10, 32.17it/s]Separating ligand pockets in PDB files:  23%|##3       | 54540/234324 [20:10<1:23:54, 35.71it/s]Separating ligand pockets in PDB files:  23%|##3       | 54594/234324 [20:11<1:16:34, 39.12it/s]Separating ligand pockets in PDB files:  23%|##3       | 54648/234324 [20:13<1:13:30, 40.74it/s]Separating ligand pockets in PDB files:  23%|##3       | 54702/234324 [20:14<1:17:40, 38.54it/s]Separating ligand pockets in PDB files:  23%|##3       | 54756/234324 [20:16<1:18:14, 38.25it/s]Separating ligand pockets in PDB files:  23%|##3       | 54810/234324 [20:17<1:17:33, 38.58it/s]Separating ligand pockets in PDB files:  23%|##3       | 54864/234324 [20:19<1:25:44, 34.89it/s]Separating ligand pockets in PDB files:  23%|##3       | 54918/234324 [20:20<1:16:25, 39.13it/s]Separating ligand pockets in PDB files:  23%|##3       | 54972/234324 [20:21<1:08:55, 43.37it/s]Separating ligand pockets in PDB files:  23%|##3       | 55026/234324 [20:22<1:04:56, 46.01it/s]Separating ligand pockets in PDB files:  24%|##3       | 55080/234324 [20:23<1:01:06, 48.89it/s]Separating ligand pockets in PDB files:  24%|##3       | 55134/234324 [20:24<1:07:13, 44.43it/s]Separating ligand pockets in PDB files:  24%|##3       | 55188/234324 [20:25<1:00:43, 49.17it/s]Separating ligand pockets in PDB files:  24%|##3       | 55242/234324 [20:26<1:04:46, 46.07it/s]Separating ligand pockets in PDB files:  24%|##3       | 55296/234324 [20:27<1:02:32, 47.71it/s]Separating ligand pockets in PDB files:  24%|##3       | 55350/234324 [20:29<1:04:41, 46.11it/s]Separating ligand pockets in PDB files:  24%|##3       | 55404/234324 [20:30<1:01:27, 48.52it/s]Separating ligand pockets in PDB files:  24%|##3       | 55458/234324 [20:31<1:04:12, 46.43it/s]Separating ligand pockets in PDB files:  24%|##3       | 55512/234324 [20:32<1:00:17, 49.43it/s]Separating ligand pockets in PDB files:  24%|##3       | 55566/234324 [20:33<55:12, 53.96it/s]  Separating ligand pockets in PDB files:  24%|##3       | 55620/234324 [20:34<1:05:24, 45.54it/s]Separating ligand pockets in PDB files:  24%|##3       | 55674/234324 [20:35<1:05:20, 45.57it/s]Separating ligand pockets in PDB files:  24%|##3       | 55728/234324 [20:36<1:00:50, 48.93it/s]Separating ligand pockets in PDB files:  24%|##3       | 55782/234324 [20:37<59:26, 50.05it/s]  Separating ligand pockets in PDB files:  24%|##3       | 55836/234324 [20:38<56:52, 52.30it/s]Separating ligand pockets in PDB files:  24%|##3       | 55890/234324 [20:40<1:04:20, 46.23it/s]Separating ligand pockets in PDB files:  24%|##3       | 55944/234324 [20:41<59:48, 49.71it/s]  Separating ligand pockets in PDB files:  24%|##3       | 55998/234324 [20:41<54:40, 54.37it/s]Separating ligand pockets in PDB files:  24%|##3       | 56052/234324 [20:42<51:15, 57.96it/s]Separating ligand pockets in PDB files:  24%|##3       | 56106/234324 [20:43<55:40, 53.35it/s]Separating ligand pockets in PDB files:  24%|##3       | 56160/234324 [20:45<1:07:21, 44.08it/s]Separating ligand pockets in PDB files:  24%|##3       | 56214/234324 [20:46<1:00:24, 49.13it/s]Separating ligand pockets in PDB files:  24%|##4       | 56268/234324 [20:47<55:35, 53.38it/s]  Separating ligand pockets in PDB files:  24%|##4       | 56322/234324 [20:48<56:34, 52.44it/s]Separating ligand pockets in PDB files:  24%|##4       | 56376/234324 [20:49<52:22, 56.62it/s]Separating ligand pockets in PDB files:  24%|##4       | 56430/234324 [20:49<49:07, 60.36it/s]Separating ligand pockets in PDB files:  24%|##4       | 56484/234324 [20:50<47:53, 61.89it/s]Separating ligand pockets in PDB files:  24%|##4       | 56538/234324 [20:51<48:39, 60.91it/s]Separating ligand pockets in PDB files:  24%|##4       | 56592/234324 [20:52<48:07, 61.55it/s]Separating ligand pockets in PDB files:  24%|##4       | 56646/234324 [20:53<49:25, 59.92it/s]Separating ligand pockets in PDB files:  24%|##4       | 56700/234324 [20:54<49:13, 60.13it/s]Separating ligand pockets in PDB files:  24%|##4       | 56754/234324 [20:55<50:11, 58.97it/s]Separating ligand pockets in PDB files:  24%|##4       | 56808/234324 [20:56<51:49, 57.09it/s]Separating ligand pockets in PDB files:  24%|##4       | 56862/234324 [20:57<53:10, 55.63it/s]Separating ligand pockets in PDB files:  24%|##4       | 56916/234324 [20:58<57:44, 51.20it/s]Separating ligand pockets in PDB files:  24%|##4       | 56970/234324 [21:00<1:12:44, 40.63it/s]Separating ligand pockets in PDB files:  24%|##4       | 57024/234324 [21:01<1:06:08, 44.68it/s]Separating ligand pockets in PDB files:  24%|##4       | 57078/234324 [21:02<1:07:32, 43.74it/s]Separating ligand pockets in PDB files:  24%|##4       | 57132/234324 [21:04<1:18:26, 37.65it/s]Separating ligand pockets in PDB files:  24%|##4       | 57186/234324 [21:05<1:04:34, 45.71it/s]Separating ligand pockets in PDB files:  24%|##4       | 57240/234324 [21:05<56:35, 52.16it/s]  Separating ligand pockets in PDB files:  24%|##4       | 57294/234324 [21:07<1:03:53, 46.18it/s]Separating ligand pockets in PDB files:  24%|##4       | 57348/234324 [21:08<1:06:19, 44.47it/s]Separating ligand pockets in PDB files:  24%|##4       | 57402/234324 [21:10<1:14:03, 39.81it/s]Separating ligand pockets in PDB files:  25%|##4       | 57456/234324 [21:11<1:05:19, 45.13it/s]Separating ligand pockets in PDB files:  25%|##4       | 57510/234324 [21:12<1:01:52, 47.63it/s]Separating ligand pockets in PDB files:  25%|##4       | 57564/234324 [21:13<1:04:45, 45.49it/s]Separating ligand pockets in PDB files:  25%|##4       | 57618/234324 [21:15<1:21:24, 36.18it/s]Separating ligand pockets in PDB files:  25%|##4       | 57672/234324 [21:17<1:19:30, 37.03it/s]Separating ligand pockets in PDB files:  25%|##4       | 57726/234324 [21:18<1:13:15, 40.18it/s]Separating ligand pockets in PDB files:  25%|##4       | 57780/234324 [21:19<1:17:53, 37.78it/s]Separating ligand pockets in PDB files:  25%|##4       | 57834/234324 [21:20<1:09:20, 42.42it/s]Separating ligand pockets in PDB files:  25%|##4       | 57888/234324 [21:22<1:13:08, 40.20it/s]Separating ligand pockets in PDB files:  25%|##4       | 57942/234324 [21:23<1:12:01, 40.82it/s]Separating ligand pockets in PDB files:  25%|##4       | 57996/234324 [21:26<1:31:25, 32.14it/s]Separating ligand pockets in PDB files:  25%|##4       | 58050/234324 [21:27<1:24:08, 34.91it/s]Separating ligand pockets in PDB files:  25%|##4       | 58104/234324 [21:28<1:19:27, 36.97it/s]Separating ligand pockets in PDB files:  25%|##4       | 58158/234324 [21:30<1:31:44, 32.00it/s]Separating ligand pockets in PDB files:  25%|##4       | 58212/234324 [21:32<1:29:43, 32.72it/s]Separating ligand pockets in PDB files:  25%|##4       | 58266/234324 [21:33<1:22:16, 35.66it/s]Separating ligand pockets in PDB files:  25%|##4       | 58320/234324 [21:35<1:25:26, 34.33it/s]Separating ligand pockets in PDB files:  25%|##4       | 58374/234324 [21:36<1:24:55, 34.53it/s]Separating ligand pockets in PDB files:  25%|##4       | 58428/234324 [21:37<1:18:06, 37.54it/s]Separating ligand pockets in PDB files:  25%|##4       | 58482/234324 [21:38<1:10:12, 41.75it/s]Separating ligand pockets in PDB files:  25%|##4       | 58536/234324 [21:39<1:03:49, 45.90it/s]Separating ligand pockets in PDB files:  25%|##5       | 58590/234324 [21:40<1:00:19, 48.55it/s]Separating ligand pockets in PDB files:  25%|##5       | 58644/234324 [21:41<57:54, 50.57it/s]  Separating ligand pockets in PDB files:  25%|##5       | 58698/234324 [21:42<56:10, 52.10it/s]Separating ligand pockets in PDB files:  25%|##5       | 58752/234324 [21:44<1:01:59, 47.21it/s]Separating ligand pockets in PDB files:  25%|##5       | 58806/234324 [21:45<1:06:14, 44.16it/s]Separating ligand pockets in PDB files:  25%|##5       | 58860/234324 [21:46<59:04, 49.50it/s]  Separating ligand pockets in PDB files:  25%|##5       | 58914/234324 [21:47<58:30, 49.96it/s]Separating ligand pockets in PDB files:  25%|##5       | 58968/234324 [21:48<57:58, 50.41it/s]Separating ligand pockets in PDB files:  25%|##5       | 59022/234324 [21:50<1:14:40, 39.12it/s]Separating ligand pockets in PDB files:  25%|##5       | 59076/234324 [21:52<1:19:18, 36.83it/s]Separating ligand pockets in PDB files:  25%|##5       | 59130/234324 [21:52<1:08:01, 42.93it/s]Separating ligand pockets in PDB files:  25%|##5       | 59184/234324 [21:54<1:18:12, 37.32it/s]Separating ligand pockets in PDB files:  25%|##5       | 59238/234324 [21:55<1:09:20, 42.08it/s]Separating ligand pockets in PDB files:  25%|##5       | 59292/234324 [21:56<1:06:09, 44.10it/s]Separating ligand pockets in PDB files:  25%|##5       | 59346/234324 [21:57<59:50, 48.73it/s]  Separating ligand pockets in PDB files:  25%|##5       | 59400/234324 [21:58<59:01, 49.39it/s]Separating ligand pockets in PDB files:  25%|##5       | 59454/234324 [22:00<1:10:44, 41.20it/s]Separating ligand pockets in PDB files:  25%|##5       | 59508/234324 [22:01<1:08:33, 42.50it/s]Separating ligand pockets in PDB files:  25%|##5       | 59562/234324 [22:02<1:03:35, 45.81it/s]Separating ligand pockets in PDB files:  25%|##5       | 59616/234324 [22:03<1:05:35, 44.40it/s]Separating ligand pockets in PDB files:  25%|##5       | 59670/234324 [22:05<1:14:35, 39.03it/s]Separating ligand pockets in PDB files:  25%|##5       | 59724/234324 [22:06<1:07:45, 42.95it/s]Separating ligand pockets in PDB files:  26%|##5       | 59778/234324 [22:07<1:05:18, 44.54it/s]Separating ligand pockets in PDB files:  26%|##5       | 59832/234324 [22:08<1:01:24, 47.36it/s]Separating ligand pockets in PDB files:  26%|##5       | 59886/234324 [22:10<1:06:33, 43.69it/s]Separating ligand pockets in PDB files:  26%|##5       | 59940/234324 [22:11<1:00:33, 48.00it/s]Separating ligand pockets in PDB files:  26%|##5       | 59994/234324 [22:12<58:30, 49.65it/s]  Separating ligand pockets in PDB files:  26%|##5       | 60048/234324 [22:13<58:07, 49.97it/s]Separating ligand pockets in PDB files:  26%|##5       | 60102/234324 [22:14<1:09:16, 41.92it/s]Separating ligand pockets in PDB files:  26%|##5       | 60156/234324 [22:16<1:05:07, 44.58it/s]Separating ligand pockets in PDB files:  26%|##5       | 60210/234324 [22:17<1:07:24, 43.05it/s]Separating ligand pockets in PDB files:  26%|##5       | 60264/234324 [22:18<1:07:55, 42.71it/s]Separating ligand pockets in PDB files:  26%|##5       | 60318/234324 [22:20<1:14:42, 38.82it/s]Separating ligand pockets in PDB files:  26%|##5       | 60372/234324 [22:21<1:06:36, 43.53it/s]Separating ligand pockets in PDB files:  26%|##5       | 60426/234324 [22:22<1:05:48, 44.04it/s]Separating ligand pockets in PDB files:  26%|##5       | 60480/234324 [22:23<1:08:07, 42.53it/s]Separating ligand pockets in PDB files:  26%|##5       | 60534/234324 [22:25<1:14:54, 38.67it/s]Separating ligand pockets in PDB files:  26%|##5       | 60588/234324 [22:26<1:09:15, 41.81it/s]Separating ligand pockets in PDB files:  26%|##5       | 60642/234324 [22:27<1:02:03, 46.64it/s]Separating ligand pockets in PDB files:  26%|##5       | 60696/234324 [22:28<58:28, 49.49it/s]  Separating ligand pockets in PDB files:  26%|##5       | 60750/234324 [22:29<1:01:05, 47.35it/s]Separating ligand pockets in PDB files:  26%|##5       | 60804/234324 [22:30<57:38, 50.18it/s]  Separating ligand pockets in PDB files:  26%|##5       | 60858/234324 [22:31<56:39, 51.02it/s]Separating ligand pockets in PDB files:  26%|##5       | 60912/234324 [22:32<1:00:00, 48.16it/s]Separating ligand pockets in PDB files:  26%|##6       | 60966/234324 [22:33<57:08, 50.56it/s]  Separating ligand pockets in PDB files:  26%|##6       | 61020/234324 [22:35<1:02:05, 46.51it/s]Separating ligand pockets in PDB files:  26%|##6       | 61074/234324 [22:36<59:09, 48.81it/s]  Separating ligand pockets in PDB files:  26%|##6       | 61128/234324 [22:37<1:02:07, 46.46it/s]Separating ligand pockets in PDB files:  26%|##6       | 61182/234324 [22:38<1:02:41, 46.03it/s]Separating ligand pockets in PDB files:  26%|##6       | 61236/234324 [22:40<1:10:39, 40.83it/s]Separating ligand pockets in PDB files:  26%|##6       | 61290/234324 [22:41<1:09:00, 41.79it/s]Separating ligand pockets in PDB files:  26%|##6       | 61344/234324 [22:42<1:04:57, 44.38it/s]Separating ligand pockets in PDB files:  26%|##6       | 61398/234324 [22:43<55:26, 51.99it/s]  Separating ligand pockets in PDB files:  26%|##6       | 61452/234324 [22:44<1:06:11, 43.52it/s]Separating ligand pockets in PDB files:  26%|##6       | 61506/234324 [22:45<1:03:29, 45.37it/s]Separating ligand pockets in PDB files:  26%|##6       | 61560/234324 [22:46<1:00:36, 47.50it/s]Separating ligand pockets in PDB files:  26%|##6       | 61614/234324 [22:48<1:00:57, 47.22it/s]Separating ligand pockets in PDB files:  26%|##6       | 61668/234324 [22:49<1:08:43, 41.87it/s]Separating ligand pockets in PDB files:  26%|##6       | 61722/234324 [22:50<1:04:40, 44.48it/s]Separating ligand pockets in PDB files:  26%|##6       | 61776/234324 [22:52<1:05:29, 43.91it/s]Separating ligand pockets in PDB files:  26%|##6       | 61830/234324 [22:52<1:00:50, 47.25it/s]Separating ligand pockets in PDB files:  26%|##6       | 61884/234324 [22:54<1:07:32, 42.55it/s]Separating ligand pockets in PDB files:  26%|##6       | 61938/234324 [22:55<1:07:12, 42.75it/s]Separating ligand pockets in PDB files:  26%|##6       | 61992/234324 [22:56<1:01:20, 46.82it/s]Separating ligand pockets in PDB files:  26%|##6       | 62046/234324 [22:57<58:27, 49.11it/s]  Separating ligand pockets in PDB files:  27%|##6       | 62100/234324 [22:59<1:03:25, 45.25it/s]Separating ligand pockets in PDB files:  27%|##6       | 62154/234324 [23:00<1:09:16, 41.42it/s]Separating ligand pockets in PDB files:  27%|##6       | 62208/234324 [23:01<1:03:46, 44.98it/s]Separating ligand pockets in PDB files:  27%|##6       | 62262/234324 [23:02<58:32, 48.99it/s]  Separating ligand pockets in PDB files:  27%|##6       | 62316/234324 [23:03<1:01:58, 46.26it/s]Separating ligand pockets in PDB files:  27%|##6       | 62370/234324 [23:05<1:10:02, 40.92it/s]Separating ligand pockets in PDB files:  27%|##6       | 62424/234324 [23:06<1:06:46, 42.91it/s]Separating ligand pockets in PDB files:  27%|##6       | 62478/234324 [23:07<1:02:11, 46.05it/s]Separating ligand pockets in PDB files:  27%|##6       | 62532/234324 [23:08<56:02, 51.09it/s]  Separating ligand pockets in PDB files:  27%|##6       | 62586/234324 [23:10<1:07:26, 42.44it/s]Separating ligand pockets in PDB files:  27%|##6       | 62640/234324 [23:10<1:01:35, 46.45it/s]Separating ligand pockets in PDB files:  27%|##6       | 62694/234324 [23:11<52:04, 54.92it/s]  Separating ligand pockets in PDB files:  27%|##6       | 62748/234324 [23:12<48:56, 58.42it/s]Separating ligand pockets in PDB files:  27%|##6       | 62802/234324 [23:14<1:01:36, 46.41it/s]Separating ligand pockets in PDB files:  27%|##6       | 62856/234324 [23:15<1:05:49, 43.41it/s]Separating ligand pockets in PDB files:  27%|##6       | 62910/234324 [23:16<59:19, 48.16it/s]  Separating ligand pockets in PDB files:  27%|##6       | 62964/234324 [23:17<54:37, 52.28it/s]Separating ligand pockets in PDB files:  27%|##6       | 63018/234324 [23:17<50:51, 56.13it/s]Separating ligand pockets in PDB files:  27%|##6       | 63072/234324 [23:18<50:34, 56.43it/s]Separating ligand pockets in PDB files:  27%|##6       | 63126/234324 [23:20<58:26, 48.82it/s]Separating ligand pockets in PDB files:  27%|##6       | 63180/234324 [23:21<55:48, 51.11it/s]Separating ligand pockets in PDB files:  27%|##6       | 63234/234324 [23:22<56:49, 50.18it/s]Separating ligand pockets in PDB files:  27%|##7       | 63288/234324 [23:23<57:19, 49.73it/s]Separating ligand pockets in PDB files:  27%|##7       | 63342/234324 [23:25<1:08:20, 41.69it/s]Separating ligand pockets in PDB files:  27%|##7       | 63396/234324 [23:26<1:04:05, 44.45it/s]Separating ligand pockets in PDB files:  27%|##7       | 63450/234324 [23:27<1:04:14, 44.33it/s]Separating ligand pockets in PDB files:  27%|##7       | 63504/234324 [23:28<59:52, 47.55it/s]  Separating ligand pockets in PDB files:  27%|##7       | 63558/234324 [23:30<1:11:09, 40.00it/s]Separating ligand pockets in PDB files:  27%|##7       | 63612/234324 [23:31<1:12:59, 38.98it/s]Separating ligand pockets in PDB files:  27%|##7       | 63666/234324 [23:33<1:10:41, 40.24it/s]Separating ligand pockets in PDB files:  27%|##7       | 63720/234324 [23:34<1:16:25, 37.20it/s]Separating ligand pockets in PDB files:  27%|##7       | 63774/234324 [23:36<1:21:13, 35.00it/s]Separating ligand pockets in PDB files:  27%|##7       | 63828/234324 [23:38<1:22:51, 34.30it/s]Separating ligand pockets in PDB files:  27%|##7       | 63882/234324 [23:40<1:33:58, 30.23it/s]Separating ligand pockets in PDB files:  27%|##7       | 63936/234324 [23:42<1:31:59, 30.87it/s]Separating ligand pockets in PDB files:  27%|##7       | 63990/234324 [23:43<1:30:33, 31.35it/s]Separating ligand pockets in PDB files:  27%|##7       | 64044/234324 [23:45<1:36:43, 29.34it/s]Separating ligand pockets in PDB files:  27%|##7       | 64098/234324 [23:47<1:29:19, 31.76it/s]Separating ligand pockets in PDB files:  27%|##7       | 64152/234324 [23:48<1:20:27, 35.25it/s]Separating ligand pockets in PDB files:  27%|##7       | 64206/234324 [23:49<1:13:21, 38.65it/s]Separating ligand pockets in PDB files:  27%|##7       | 64260/234324 [23:50<1:05:13, 43.46it/s]Separating ligand pockets in PDB files:  27%|##7       | 64314/234324 [23:51<1:02:41, 45.20it/s]Separating ligand pockets in PDB files:  27%|##7       | 64368/234324 [23:52<59:10, 47.86it/s]  Separating ligand pockets in PDB files:  27%|##7       | 64422/234324 [23:53<55:26, 51.08it/s]Separating ligand pockets in PDB files:  28%|##7       | 64476/234324 [23:54<1:01:41, 45.89it/s]Separating ligand pockets in PDB files:  28%|##7       | 64530/234324 [23:55<57:22, 49.32it/s]  Separating ligand pockets in PDB files:  28%|##7       | 64584/234324 [23:56<57:37, 49.09it/s]Separating ligand pockets in PDB files:  28%|##7       | 64638/234324 [23:57<53:32, 52.82it/s]Separating ligand pockets in PDB files:  28%|##7       | 64692/234324 [23:58<48:28, 58.31it/s]Separating ligand pockets in PDB files:  28%|##7       | 64746/234324 [24:00<1:01:37, 45.86it/s]Separating ligand pockets in PDB files:  28%|##7       | 64800/234324 [24:00<54:22, 51.96it/s]  Separating ligand pockets in PDB files:  28%|##7       | 64854/234324 [24:01<53:09, 53.14it/s]Separating ligand pockets in PDB files:  28%|##7       | 64908/234324 [24:02<48:11, 58.59it/s]Separating ligand pockets in PDB files:  28%|##7       | 64962/234324 [24:03<52:55, 53.34it/s]Separating ligand pockets in PDB files:  28%|##7       | 65016/234324 [24:05<57:39, 48.94it/s]Separating ligand pockets in PDB files:  28%|##7       | 65070/234324 [24:05<54:14, 52.01it/s]Separating ligand pockets in PDB files:  28%|##7       | 65124/234324 [24:06<50:41, 55.63it/s]Separating ligand pockets in PDB files:  28%|##7       | 65178/234324 [24:07<44:04, 63.96it/s]Separating ligand pockets in PDB files:  28%|##7       | 65232/234324 [24:07<41:29, 67.93it/s]Separating ligand pockets in PDB files:  28%|##7       | 65286/234324 [24:09<58:09, 48.44it/s]Separating ligand pockets in PDB files:  28%|##7       | 65340/234324 [24:11<1:05:16, 43.15it/s]Separating ligand pockets in PDB files:  28%|##7       | 65394/234324 [24:12<1:08:20, 41.20it/s]Separating ligand pockets in PDB files:  28%|##7       | 65448/234324 [24:15<1:25:00, 33.11it/s]Separating ligand pockets in PDB files:  28%|##7       | 65502/234324 [24:16<1:12:35, 38.76it/s]Separating ligand pockets in PDB files:  28%|##7       | 65556/234324 [24:17<1:10:31, 39.88it/s]Separating ligand pockets in PDB files:  28%|##7       | 65610/234324 [24:18<1:06:59, 41.97it/s]Separating ligand pockets in PDB files:  28%|##8       | 65664/234324 [24:20<1:13:50, 38.07it/s]Separating ligand pockets in PDB files:  28%|##8       | 65718/234324 [24:21<1:06:58, 41.96it/s]Separating ligand pockets in PDB files:  28%|##8       | 65772/234324 [24:21<58:05, 48.35it/s]  Separating ligand pockets in PDB files:  28%|##8       | 65826/234324 [24:22<52:44, 53.25it/s]Separating ligand pockets in PDB files:  28%|##8       | 65880/234324 [24:23<51:30, 54.51it/s]Separating ligand pockets in PDB files:  28%|##8       | 65934/234324 [24:25<1:02:28, 44.92it/s]Separating ligand pockets in PDB files:  28%|##8       | 65988/234324 [24:26<57:49, 48.52it/s]  Separating ligand pockets in PDB files:  28%|##8       | 66042/234324 [24:27<56:09, 49.94it/s]Separating ligand pockets in PDB files:  28%|##8       | 66096/234324 [24:28<55:50, 50.21it/s]Separating ligand pockets in PDB files:  28%|##8       | 66150/234324 [24:29<1:05:41, 42.67it/s]Separating ligand pockets in PDB files:  28%|##8       | 66204/234324 [24:31<1:02:35, 44.77it/s]Separating ligand pockets in PDB files:  28%|##8       | 66258/234324 [24:32<1:04:54, 43.16it/s]Separating ligand pockets in PDB files:  28%|##8       | 66312/234324 [24:33<1:01:17, 45.69it/s]Separating ligand pockets in PDB files:  28%|##8       | 66366/234324 [24:35<1:08:15, 41.01it/s]Separating ligand pockets in PDB files:  28%|##8       | 66420/234324 [24:36<1:05:15, 42.88it/s]Separating ligand pockets in PDB files:  28%|##8       | 66474/234324 [24:37<1:01:33, 45.44it/s]Separating ligand pockets in PDB files:  28%|##8       | 66528/234324 [24:38<58:23, 47.89it/s]  Separating ligand pockets in PDB files:  28%|##8       | 66582/234324 [24:39<1:09:15, 40.37it/s]Separating ligand pockets in PDB files:  28%|##8       | 66636/234324 [24:41<1:10:54, 39.42it/s]Separating ligand pockets in PDB files:  28%|##8       | 66690/234324 [24:42<1:05:57, 42.36it/s]Separating ligand pockets in PDB files:  28%|##8       | 66744/234324 [24:43<57:16, 48.77it/s]  Separating ligand pockets in PDB files:  29%|##8       | 66798/234324 [24:44<1:06:23, 42.05it/s]Separating ligand pockets in PDB files:  29%|##8       | 66852/234324 [24:46<1:07:39, 41.25it/s]Separating ligand pockets in PDB files:  29%|##8       | 66906/234324 [24:47<1:05:41, 42.48it/s]Separating ligand pockets in PDB files:  29%|##8       | 66960/234324 [24:48<1:00:33, 46.06it/s]Separating ligand pockets in PDB files:  29%|##8       | 67014/234324 [24:50<1:15:32, 36.91it/s]Separating ligand pockets in PDB files:  29%|##8       | 67068/234324 [24:51<1:10:43, 39.41it/s]Separating ligand pockets in PDB files:  29%|##8       | 67122/234324 [24:52<1:05:52, 42.30it/s]Separating ligand pockets in PDB files:  29%|##8       | 67176/234324 [24:54<1:20:04, 34.79it/s]Separating ligand pockets in PDB files:  29%|##8       | 67230/234324 [24:56<1:23:25, 33.38it/s]Separating ligand pockets in PDB files:  29%|##8       | 67284/234324 [24:59<1:33:56, 29.63it/s]Separating ligand pockets in PDB files:  29%|##8       | 67338/234324 [25:00<1:29:11, 31.20it/s]Separating ligand pockets in PDB files:  29%|##8       | 67392/234324 [25:01<1:21:14, 34.25it/s]Separating ligand pockets in PDB files:  29%|##8       | 67446/234324 [25:02<1:06:22, 41.90it/s]Separating ligand pockets in PDB files:  29%|##8       | 67500/234324 [25:03<1:05:00, 42.77it/s]Separating ligand pockets in PDB files:  29%|##8       | 67554/234324 [25:05<1:14:32, 37.29it/s]Separating ligand pockets in PDB files:  29%|##8       | 67608/234324 [25:06<1:07:43, 41.03it/s]Separating ligand pockets in PDB files:  29%|##8       | 67662/234324 [25:07<58:29, 47.48it/s]  Separating ligand pockets in PDB files:  29%|##8       | 67716/234324 [25:08<57:22, 48.39it/s]Separating ligand pockets in PDB files:  29%|##8       | 67770/234324 [25:10<1:11:10, 39.00it/s]Separating ligand pockets in PDB files:  29%|##8       | 67824/234324 [25:11<1:02:37, 44.31it/s]Separating ligand pockets in PDB files:  29%|##8       | 67878/234324 [25:11<57:10, 48.52it/s]  Separating ligand pockets in PDB files:  29%|##8       | 67932/234324 [25:13<58:32, 47.38it/s]Separating ligand pockets in PDB files:  29%|##9       | 67986/234324 [25:15<1:10:39, 39.23it/s]Separating ligand pockets in PDB files:  29%|##9       | 68040/234324 [25:16<1:09:27, 39.90it/s]Separating ligand pockets in PDB files:  29%|##9       | 68094/234324 [25:17<1:09:43, 39.74it/s]Separating ligand pockets in PDB files:  29%|##9       | 68148/234324 [25:19<1:13:21, 37.75it/s]Separating ligand pockets in PDB files:  29%|##9       | 68202/234324 [25:21<1:19:33, 34.80it/s]Separating ligand pockets in PDB files:  29%|##9       | 68256/234324 [25:22<1:14:24, 37.19it/s]Separating ligand pockets in PDB files:  29%|##9       | 68310/234324 [25:23<1:11:48, 38.53it/s]Separating ligand pockets in PDB files:  29%|##9       | 68364/234324 [25:25<1:16:31, 36.14it/s]Separating ligand pockets in PDB files:  29%|##9       | 68418/234324 [25:26<1:12:37, 38.08it/s]Separating ligand pockets in PDB files:  29%|##9       | 68472/234324 [25:27<1:09:55, 39.53it/s]Separating ligand pockets in PDB files:  29%|##9       | 68526/234324 [25:29<1:19:47, 34.63it/s]Separating ligand pockets in PDB files:  29%|##9       | 68580/234324 [25:31<1:14:48, 36.93it/s]Separating ligand pockets in PDB files:  29%|##9       | 68634/234324 [25:32<1:10:36, 39.11it/s]Separating ligand pockets in PDB files:  29%|##9       | 68688/234324 [25:33<1:03:55, 43.18it/s]Separating ligand pockets in PDB files:  29%|##9       | 68742/234324 [25:35<1:15:31, 36.54it/s]Separating ligand pockets in PDB files:  29%|##9       | 68796/234324 [25:35<1:01:34, 44.80it/s]Separating ligand pockets in PDB files:  29%|##9       | 68850/234324 [25:36<57:16, 48.15it/s]  Separating ligand pockets in PDB files:  29%|##9       | 68904/234324 [25:37<52:11, 52.82it/s]Separating ligand pockets in PDB files:  29%|##9       | 68958/234324 [25:38<50:54, 54.13it/s]Separating ligand pockets in PDB files:  29%|##9       | 69012/234324 [25:40<1:03:16, 43.54it/s]Separating ligand pockets in PDB files:  29%|##9       | 69066/234324 [25:41<1:05:27, 42.07it/s]Separating ligand pockets in PDB files:  29%|##9       | 69120/234324 [25:42<1:05:13, 42.21it/s]Separating ligand pockets in PDB files:  30%|##9       | 69174/234324 [25:45<1:25:50, 32.07it/s]Separating ligand pockets in PDB files:  30%|##9       | 69228/234324 [25:46<1:18:37, 34.99it/s]Separating ligand pockets in PDB files:  30%|##9       | 69282/234324 [25:47<1:06:18, 41.49it/s]Separating ligand pockets in PDB files:  30%|##9       | 69336/234324 [25:48<1:04:06, 42.89it/s]Separating ligand pockets in PDB files:  30%|##9       | 69390/234324 [25:50<1:13:16, 37.52it/s]Separating ligand pockets in PDB files:  30%|##9       | 69444/234324 [25:51<1:02:24, 44.03it/s]Separating ligand pockets in PDB files:  30%|##9       | 69498/234324 [25:52<58:27, 47.00it/s]  Separating ligand pockets in PDB files:  30%|##9       | 69552/234324 [25:53<55:14, 49.72it/s]Separating ligand pockets in PDB files:  30%|##9       | 69606/234324 [25:55<1:11:06, 38.61it/s]Separating ligand pockets in PDB files:  30%|##9       | 69660/234324 [25:56<1:09:30, 39.48it/s]Separating ligand pockets in PDB files:  30%|##9       | 69714/234324 [25:57<1:04:06, 42.80it/s]Separating ligand pockets in PDB files:  30%|##9       | 69768/234324 [25:58<1:00:43, 45.16it/s]Separating ligand pockets in PDB files:  30%|##9       | 69822/234324 [26:00<1:06:00, 41.53it/s]Separating ligand pockets in PDB files:  30%|##9       | 69876/234324 [26:01<1:03:55, 42.88it/s]Separating ligand pockets in PDB files:  30%|##9       | 69930/234324 [26:02<1:01:18, 44.69it/s]Separating ligand pockets in PDB files:  30%|##9       | 69984/234324 [26:03<58:24, 46.89it/s]  Separating ligand pockets in PDB files:  30%|##9       | 70038/234324 [26:07<1:36:48, 28.29it/s]Separating ligand pockets in PDB files:  30%|##9       | 70092/234324 [26:08<1:33:06, 29.40it/s]Separating ligand pockets in PDB files:  30%|##9       | 70146/234324 [26:10<1:35:15, 28.73it/s]Separating ligand pockets in PDB files:  30%|##9       | 70200/234324 [26:12<1:27:10, 31.38it/s]Separating ligand pockets in PDB files:  30%|##9       | 70254/234324 [26:13<1:16:36, 35.70it/s]Separating ligand pockets in PDB files:  30%|###       | 70308/234324 [26:14<1:08:24, 39.96it/s]Separating ligand pockets in PDB files:  30%|###       | 70362/234324 [26:15<1:02:40, 43.60it/s]Separating ligand pockets in PDB files:  30%|###       | 70416/234324 [26:16<1:04:22, 42.44it/s]Separating ligand pockets in PDB files:  30%|###       | 70470/234324 [26:17<1:00:07, 45.42it/s]Separating ligand pockets in PDB files:  30%|###       | 70524/234324 [26:18<59:49, 45.63it/s]  Separating ligand pockets in PDB files:  30%|###       | 70578/234324 [26:19<59:29, 45.87it/s]Separating ligand pockets in PDB files:  30%|###       | 70632/234324 [26:20<57:42, 47.28it/s]Separating ligand pockets in PDB files:  30%|###       | 70686/234324 [26:21<53:07, 51.34it/s]Separating ligand pockets in PDB files:  30%|###       | 70740/234324 [26:22<47:36, 57.27it/s]Separating ligand pockets in PDB files:  30%|###       | 70794/234324 [26:23<44:07, 61.76it/s]Separating ligand pockets in PDB files:  30%|###       | 70848/234324 [26:24<48:12, 56.52it/s]Separating ligand pockets in PDB files:  30%|###       | 70902/234324 [26:25<48:27, 56.21it/s]Separating ligand pockets in PDB files:  30%|###       | 70956/234324 [26:26<57:37, 47.25it/s]Separating ligand pockets in PDB files:  30%|###       | 71010/234324 [26:28<1:01:41, 44.12it/s]Separating ligand pockets in PDB files:  30%|###       | 71064/234324 [26:29<59:08, 46.00it/s]  Separating ligand pockets in PDB files:  30%|###       | 71118/234324 [26:30<53:49, 50.54it/s]Separating ligand pockets in PDB files:  30%|###       | 71172/234324 [26:31<54:05, 50.27it/s]Separating ligand pockets in PDB files:  30%|###       | 71226/234324 [26:32<53:46, 50.55it/s]Separating ligand pockets in PDB files:  30%|###       | 71280/234324 [26:33<51:58, 52.29it/s]Separating ligand pockets in PDB files:  30%|###       | 71334/234324 [26:34<55:04, 49.32it/s]Separating ligand pockets in PDB files:  30%|###       | 71388/234324 [26:35<53:33, 50.71it/s]Separating ligand pockets in PDB files:  30%|###       | 71442/234324 [26:36<56:19, 48.20it/s]Separating ligand pockets in PDB files:  31%|###       | 71496/234324 [26:37<53:15, 50.95it/s]Separating ligand pockets in PDB files:  31%|###       | 71550/234324 [26:38<57:17, 47.36it/s]Separating ligand pockets in PDB files:  31%|###       | 71604/234324 [26:41<1:23:08, 32.62it/s]Separating ligand pockets in PDB files:  31%|###       | 71658/234324 [26:42<1:15:38, 35.84it/s]Separating ligand pockets in PDB files:  31%|###       | 71712/234324 [26:44<1:09:40, 38.89it/s]Separating ligand pockets in PDB files:  31%|###       | 71766/234324 [26:45<1:07:57, 39.87it/s]Separating ligand pockets in PDB files:  31%|###       | 71820/234324 [26:46<58:56, 45.95it/s]  Separating ligand pockets in PDB files:  31%|###       | 71874/234324 [26:47<55:25, 48.85it/s]Separating ligand pockets in PDB files:  31%|###       | 71928/234324 [26:48<56:30, 47.90it/s]Separating ligand pockets in PDB files:  31%|###       | 71982/234324 [26:49<1:00:22, 44.82it/s]Separating ligand pockets in PDB files:  31%|###       | 72036/234324 [26:50<56:00, 48.29it/s]  Separating ligand pockets in PDB files:  31%|###       | 72090/234324 [26:51<59:35, 45.37it/s]Separating ligand pockets in PDB files:  31%|###       | 72144/234324 [26:52<55:21, 48.82it/s]Separating ligand pockets in PDB files:  31%|###       | 72198/234324 [26:53<53:09, 50.82it/s]Separating ligand pockets in PDB files:  31%|###       | 72252/234324 [26:54<55:21, 48.79it/s]Separating ligand pockets in PDB files:  31%|###       | 72306/234324 [26:56<56:19, 47.94it/s]Separating ligand pockets in PDB files:  31%|###       | 72360/234324 [26:57<1:04:08, 42.08it/s]Separating ligand pockets in PDB files:  31%|###       | 72414/234324 [26:59<1:04:02, 42.14it/s]Separating ligand pockets in PDB files:  31%|###       | 72468/234324 [27:00<1:00:29, 44.59it/s]Separating ligand pockets in PDB files:  31%|###       | 72522/234324 [27:01<1:01:38, 43.75it/s]Separating ligand pockets in PDB files:  31%|###       | 72576/234324 [27:02<1:01:21, 43.93it/s]Separating ligand pockets in PDB files:  31%|###       | 72630/234324 [27:03<1:03:17, 42.58it/s]Separating ligand pockets in PDB files:  31%|###1      | 72684/234324 [27:05<1:01:04, 44.11it/s]Separating ligand pockets in PDB files:  31%|###1      | 72738/234324 [27:06<1:04:35, 41.70it/s]Separating ligand pockets in PDB files:  31%|###1      | 72792/234324 [27:07<1:05:58, 40.81it/s]Separating ligand pockets in PDB files:  31%|###1      | 72846/234324 [27:09<1:09:38, 38.64it/s]Separating ligand pockets in PDB files:  31%|###1      | 72900/234324 [27:10<1:11:05, 37.85it/s]Separating ligand pockets in PDB files:  31%|###1      | 72954/234324 [27:12<1:10:18, 38.25it/s]Separating ligand pockets in PDB files:  31%|###1      | 73008/234324 [27:13<1:04:57, 41.39it/s]Separating ligand pockets in PDB files:  31%|###1      | 73062/234324 [27:15<1:14:08, 36.25it/s]Separating ligand pockets in PDB files:  31%|###1      | 73116/234324 [27:16<1:09:46, 38.51it/s]Separating ligand pockets in PDB files:  31%|###1      | 73170/234324 [27:17<1:07:10, 39.98it/s]Separating ligand pockets in PDB files:  31%|###1      | 73224/234324 [27:19<1:17:05, 34.83it/s]Separating ligand pockets in PDB files:  31%|###1      | 73278/234324 [27:21<1:18:44, 34.09it/s]Separating ligand pockets in PDB files:  31%|###1      | 73332/234324 [27:22<1:12:23, 37.06it/s]Separating ligand pockets in PDB files:  31%|###1      | 73386/234324 [27:23<1:08:26, 39.19it/s]Separating ligand pockets in PDB files:  31%|###1      | 73440/234324 [27:26<1:22:37, 32.45it/s]Separating ligand pockets in PDB files:  31%|###1      | 73494/234324 [27:27<1:14:21, 36.05it/s]Separating ligand pockets in PDB files:  31%|###1      | 73548/234324 [27:28<1:11:53, 37.27it/s]Separating ligand pockets in PDB files:  31%|###1      | 73602/234324 [27:30<1:19:48, 33.57it/s]Separating ligand pockets in PDB files:  31%|###1      | 73656/234324 [27:31<1:05:17, 41.02it/s]Separating ligand pockets in PDB files:  31%|###1      | 73710/234324 [27:32<1:06:24, 40.31it/s]Separating ligand pockets in PDB files:  31%|###1      | 73764/234324 [27:33<1:04:22, 41.57it/s]Separating ligand pockets in PDB files:  32%|###1      | 73818/234324 [27:34<59:57, 44.62it/s]  Separating ligand pockets in PDB files:  32%|###1      | 73872/234324 [27:35<59:08, 45.21it/s]Separating ligand pockets in PDB files:  32%|###1      | 73926/234324 [27:37<57:19, 46.63it/s]Separating ligand pockets in PDB files:  32%|###1      | 73980/234324 [27:38<55:26, 48.21it/s]Separating ligand pockets in PDB files:  32%|###1      | 74034/234324 [27:39<1:01:37, 43.35it/s]Separating ligand pockets in PDB files:  32%|###1      | 74088/234324 [27:41<1:06:38, 40.08it/s]Separating ligand pockets in PDB files:  32%|###1      | 74142/234324 [27:42<1:00:53, 43.85it/s]Separating ligand pockets in PDB files:  32%|###1      | 74196/234324 [27:43<58:21, 45.74it/s]  Separating ligand pockets in PDB files:  32%|###1      | 74250/234324 [27:45<1:12:09, 36.97it/s]Separating ligand pockets in PDB files:  32%|###1      | 74304/234324 [27:46<1:03:54, 41.73it/s]Separating ligand pockets in PDB files:  32%|###1      | 74358/234324 [27:47<58:35, 45.51it/s]  Separating ligand pockets in PDB files:  32%|###1      | 74412/234324 [27:48<59:53, 44.50it/s]Separating ligand pockets in PDB files:  32%|###1      | 74466/234324 [27:50<1:07:39, 39.38it/s]Separating ligand pockets in PDB files:  32%|###1      | 74520/234324 [27:51<1:05:28, 40.68it/s]Separating ligand pockets in PDB files:  32%|###1      | 74574/234324 [27:52<1:00:27, 44.04it/s]Separating ligand pockets in PDB files:  32%|###1      | 74628/234324 [27:53<55:48, 47.69it/s]  Separating ligand pockets in PDB files:  32%|###1      | 74682/234324 [27:54<1:03:36, 41.83it/s]Separating ligand pockets in PDB files:  32%|###1      | 74736/234324 [27:55<55:23, 48.02it/s]  Separating ligand pockets in PDB files:  32%|###1      | 74790/234324 [27:56<51:40, 51.45it/s]Error processing /mnt/ligandpro/db/LPCE/bioml/pdb5r4d_bioml_1.pdb: Atom NA   defined twice in residue <Residue SER het=  resseq=426 icode= >
Traceback (most recent call last):

  File "/home/nikolenko/miniforge/envs/lpce/lib/python3.10/runpy.py", line 196, in _run_module_as_main
    return _run_code(code, main_globals, None,
           |         |     -> {'__name__': '__main__', '__doc__': None, '__package__': 'joblib.externals.loky.backend', '__loader__': <_frozen_importlib_ex...
           |         -> <code object <module> at 0x7347ba2331b0, file "/home/nikolenko/miniforge/envs/lpce/lib/python3.10/site-packages/joblib/extern...
           -> <function _run_code at 0x7347bd59e200>
  File "/home/nikolenko/miniforge/envs/lpce/lib/python3.10/runpy.py", line 86, in _run_code
    exec(code, run_globals)
         |     -> {'__name__': '__main__', '__doc__': None, '__package__': 'joblib.externals.loky.backend', '__loader__': <_frozen_importlib_ex...
         -> <code object <module> at 0x7347ba2331b0, file "/home/nikolenko/miniforge/envs/lpce/lib/python3.10/site-packages/joblib/extern...
  File "/home/nikolenko/miniforge/envs/lpce/lib/python3.10/site-packages/joblib/externals/loky/backend/popen_loky_posix.py", line 180, in <module>
    exitcode = process_obj._bootstrap()
               |           -> <function BaseProcess._bootstrap at 0x7347bd5e1cf0>
               -> <LokyProcess name='LokyProcess-11' parent=2992457 started>
  File "/home/nikolenko/miniforge/envs/lpce/lib/python3.10/multiprocessing/process.py", line 314, in _bootstrap
    self.run()
    |    -> <function BaseProcess.run at 0x7347bd5e1360>
    -> <LokyProcess name='LokyProcess-11' parent=2992457 started>
  File "/home/nikolenko/miniforge/envs/lpce/lib/python3.10/multiprocessing/process.py", line 108, in run
    self._target(*self._args, **self._kwargs)
    |    |        |    |        |    -> {}
    |    |        |    |        -> <LokyProcess name='LokyProcess-11' parent=2992457 started>
    |    |        |    -> (<joblib.externals.loky.process_executor._SafeQueue object at 0x7347ba24b490>, <joblib.externals.loky.backend.queues.SimpleQu...
    |    |        -> <LokyProcess name='LokyProcess-11' parent=2992457 started>
    |    -> <function _process_worker at 0x7347bd134820>
    -> <LokyProcess name='LokyProcess-11' parent=2992457 started>
  File "/home/nikolenko/miniforge/envs/lpce/lib/python3.10/site-packages/joblib/externals/loky/process_executor.py", line 490, in _process_worker
    r = call_item()
        -> CallItem(74709, <joblib.parallel.BatchedCalls object at 0x7347a807fc70>, (), {})
  File "/home/nikolenko/miniforge/envs/lpce/lib/python3.10/site-packages/joblib/externals/loky/process_executor.py", line 291, in __call__
    return self.fn(*self.args, **self.kwargs)
           |    |   |    |       |    -> {}
           |    |   |    |       -> CallItem(74709, <joblib.parallel.BatchedCalls object at 0x7347a807fc70>, (), {})
           |    |   |    -> ()
           |    |   -> CallItem(74709, <joblib.parallel.BatchedCalls object at 0x7347a807fc70>, (), {})
           |    -> <joblib.parallel.BatchedCalls object at 0x7347a807fc70>
           -> CallItem(74709, <joblib.parallel.BatchedCalls object at 0x7347a807fc70>, (), {})
  File "/home/nikolenko/miniforge/envs/lpce/lib/python3.10/site-packages/joblib/parallel.py", line 606, in __call__
    return [func(*args, **kwargs) for func, args, kwargs in self.items]
                                                            |    -> [(<function _run_single at 0x7347a8d991b0>, (PosixPath('/mnt/ligandpro/db/LPCE/bioml/pdb5r4d_bioml_1.pdb'), PosixPath('/mnt/l...
                                                            -> <joblib.parallel.BatchedCalls object at 0x7347a807fc70>
  File "/home/nikolenko/miniforge/envs/lpce/lib/python3.10/site-packages/joblib/parallel.py", line 606, in <listcomp>
    return [func(*args, **kwargs) for func, args, kwargs in self.items]
            |     |       |           |     |     -> {}
            |     |       |           |     -> (PosixPath('/mnt/ligandpro/db/LPCE/bioml/pdb5r4d_bioml_1.pdb'), PosixPath('/mnt/ligandpro/db/LPCE/separated'), {'interaction_...
            |     |       |           -> <function _run_single at 0x7347a8d991b0>
            |     |       -> {}
            |     -> (PosixPath('/mnt/ligandpro/db/LPCE/bioml/pdb5r4d_bioml_1.pdb'), PosixPath('/mnt/ligandpro/db/LPCE/separated'), {'interaction_...
            -> <function _run_single at 0x7347a8d991b0>

  File "/home/nikolenko/work/Projects/LPCE/lpce/pdb_manipulations/protein_ligand_separator.py", line 801, in _run_single
    result = analyze_protein(
             -> <function analyze_protein at 0x7347a8d98310>

  File "/home/nikolenko/work/Projects/LPCE/lpce/pdb_manipulations/protein_ligand_separator.py", line 790, in analyze_protein
    return analyzer.analyze(pdb_filepath, output_directory)
           |        |       |             -> PosixPath('/mnt/ligandpro/db/LPCE/separated')
           |        |       -> PosixPath('/mnt/ligandpro/db/LPCE/bioml/pdb5r4d_bioml_1.pdb')
           |        -> <function ProteinAnalyzer.analyze at 0x7347a8d99090>
           -> <pdb_manipulations.protein_ligand_separator.ProteinAnalyzer object at 0x73479cdc6aa0>

> File "/home/nikolenko/work/Projects/LPCE/lpce/pdb_manipulations/protein_ligand_separator.py", line 762, in analyze
    if self.writer.save(structure, p, out_dir, extra, pdb_filepath.stem):
       |    |      |    |          |  |        |      |            -> <property object at 0x7347bd590c20>
       |    |      |    |          |  |        |      -> PosixPath('/mnt/ligandpro/db/LPCE/bioml/pdb5r4d_bioml_1.pdb')
       |    |      |    |          |  |        -> ['HEADER    HYDROLASE                               18-FEB-20   5R4D              \n', 'TITLE     CRYSTAL STRUCTURE OF GAMMA-...
       |    |      |    |          |  -> PosixPath('/mnt/ligandpro/db/LPCE/separated')
       |    |      |    |          -> Pocket(ligands=[<Residue TRP het=  resseq=429 icode= >, <Residue SER het=  resseq=426 icode= >, <Residue TRP het=  resseq=427...
       |    |      |    -> <Structure id=pdb>
       |    |      -> <function PocketWriter.save at 0x7347a8d98c10>
       |    -> <pdb_manipulations.protein_ligand_separator.PocketWriter object at 0x73479674b970>
       -> <pdb_manipulations.protein_ligand_separator.ProteinAnalyzer object at 0x73479cdc6aa0>

  File "/home/nikolenko/work/Projects/LPCE/lpce/pdb_manipulations/protein_ligand_separator.py", line 567, in save
    main = self._merge_residues(comp, new_name)
           |    |               |     -> 'SER'
           |    |               -> [<Residue SER het=  resseq=426 icode= >, <Residue TRP het=  resseq=427 icode= >, <Residue PRO het=  resseq=225 icode= >, <Res...
           |    -> <staticmethod(<function PocketWriter._merge_residues at 0x7347a8d98b80>)>
           -> <pdb_manipulations.protein_ligand_separator.PocketWriter object at 0x73479674b970>

  File "/home/nikolenko/work/Projects/LPCE/lpce/pdb_manipulations/protein_ligand_separator.py", line 523, in _merge_residues
    main.add(c)
    |    |   -> <DisorderedAtom NA  >
    |    -> <function Residue.add at 0x7347ba1a2440>
    -> <Residue SER het=  resseq=426 icode= >

  File "/home/nikolenko/miniforge/envs/lpce/lib/python3.10/site-packages/Bio/PDB/Residue.py", line 82, in add
    raise PDBConstructionException(
          -> <class 'Bio.PDB.PDBExceptions.PDBConstructionException'>

Bio.PDB.PDBExceptions.PDBConstructionException: Atom NA   defined twice in residue <Residue SER het=  resseq=426 icode= >
Separating ligand pockets in PDB files:  32%|###1      | 74844/234324 [27:57<50:36, 52.53it/s]Separating ligand pockets in PDB files:  32%|###1      | 74898/234324 [27:58<49:31, 53.64it/s]Separating ligand pockets in PDB files:  32%|###1      | 74952/234324 [28:00<1:05:46, 40.38it/s]Separating ligand pockets in PDB files:  32%|###2      | 75006/234324 [28:01<57:47, 45.95it/s]  Separating ligand pockets in PDB files:  32%|###2      | 75060/234324 [28:02<1:01:36, 43.08it/s]Separating ligand pockets in PDB files:  32%|###2      | 75114/234324 [28:03<58:17, 45.52it/s]  Separating ligand pockets in PDB files:  32%|###2      | 75168/234324 [28:05<57:55, 45.80it/s]Separating ligand pockets in PDB files:  32%|###2      | 75222/234324 [28:06<58:54, 45.02it/s]Separating ligand pockets in PDB files:  32%|###2      | 75276/234324 [28:07<1:05:32, 40.44it/s]Separating ligand pockets in PDB files:  32%|###2      | 75330/234324 [28:09<1:06:45, 39.70it/s]Separating ligand pockets in PDB files:  32%|###2      | 75384/234324 [28:10<1:09:25, 38.16it/s]Separating ligand pockets in PDB files:  32%|###2      | 75438/234324 [28:11<1:01:47, 42.85it/s]Separating ligand pockets in PDB files:  32%|###2      | 75492/234324 [28:12<56:58, 46.47it/s]  Separating ligand pockets in PDB files:  32%|###2      | 75546/234324 [28:13<51:56, 50.95it/s]Separating ligand pockets in PDB files:  32%|###2      | 75600/234324 [28:15<1:02:39, 42.22it/s]Separating ligand pockets in PDB files:  32%|###2      | 75654/234324 [28:16<58:53, 44.90it/s]  Separating ligand pockets in PDB files:  32%|###2      | 75708/234324 [28:17<59:15, 44.61it/s]Separating ligand pockets in PDB files:  32%|###2      | 75762/234324 [28:18<1:00:04, 43.99it/s]Separating ligand pockets in PDB files:  32%|###2      | 75816/234324 [28:21<1:14:14, 35.58it/s]Separating ligand pockets in PDB files:  32%|###2      | 75870/234324 [28:22<1:11:48, 36.78it/s]Separating ligand pockets in PDB files:  32%|###2      | 75924/234324 [28:23<1:05:35, 40.25it/s]Separating ligand pockets in PDB files:  32%|###2      | 75978/234324 [28:25<1:11:47, 36.76it/s]Separating ligand pockets in PDB files:  32%|###2      | 76032/234324 [28:26<1:02:52, 41.96it/s]Separating ligand pockets in PDB files:  32%|###2      | 76086/234324 [28:27<1:02:35, 42.14it/s]Separating ligand pockets in PDB files:  32%|###2      | 76140/234324 [28:28<1:03:09, 41.75it/s]Separating ligand pockets in PDB files:  33%|###2      | 76194/234324 [28:30<1:08:37, 38.41it/s]Separating ligand pockets in PDB files:  33%|###2      | 76248/234324 [28:31<58:10, 45.28it/s]  Separating ligand pockets in PDB files:  33%|###2      | 76302/234324 [28:31<53:57, 48.81it/s]Separating ligand pockets in PDB files:  33%|###2      | 76356/234324 [28:32<51:55, 50.70it/s]Separating ligand pockets in PDB files:  33%|###2      | 76410/234324 [28:33<50:48, 51.80it/s]Separating ligand pockets in PDB files:  33%|###2      | 76464/234324 [28:35<57:28, 45.78it/s]Separating ligand pockets in PDB files:  33%|###2      | 76518/234324 [28:36<56:07, 46.86it/s]Separating ligand pockets in PDB files:  33%|###2      | 76572/234324 [28:37<52:15, 50.30it/s]Separating ligand pockets in PDB files:  33%|###2      | 76626/234324 [28:38<49:46, 52.80it/s]Separating ligand pockets in PDB files:  33%|###2      | 76680/234324 [28:40<1:02:51, 41.80it/s]Separating ligand pockets in PDB files:  33%|###2      | 76734/234324 [28:41<59:59, 43.78it/s]  Separating ligand pockets in PDB files:  33%|###2      | 76788/234324 [28:42<56:38, 46.36it/s]Separating ligand pockets in PDB files:  33%|###2      | 76842/234324 [28:43<55:11, 47.55it/s]Separating ligand pockets in PDB files:  33%|###2      | 76896/234324 [28:45<1:13:26, 35.73it/s]Separating ligand pockets in PDB files:  33%|###2      | 76950/234324 [28:47<1:14:48, 35.06it/s]Separating ligand pockets in PDB files:  33%|###2      | 77004/234324 [28:48<1:13:21, 35.75it/s]Separating ligand pockets in PDB files:  33%|###2      | 77058/234324 [28:50<1:20:27, 32.58it/s]Separating ligand pockets in PDB files:  33%|###2      | 77112/234324 [28:52<1:17:50, 33.66it/s]Separating ligand pockets in PDB files:  33%|###2      | 77166/234324 [28:53<1:13:48, 35.49it/s]Separating ligand pockets in PDB files:  33%|###2      | 77220/234324 [28:55<1:17:35, 33.74it/s]Separating ligand pockets in PDB files:  33%|###2      | 77274/234324 [28:56<1:10:49, 36.96it/s]Separating ligand pockets in PDB files:  33%|###3      | 77328/234324 [28:57<1:06:30, 39.34it/s]Separating ligand pockets in PDB files:  33%|###3      | 77382/234324 [28:59<1:08:41, 38.08it/s]Separating ligand pockets in PDB files:  33%|###3      | 77436/234324 [29:00<1:05:09, 40.13it/s]Separating ligand pockets in PDB files:  33%|###3      | 77490/234324 [29:01<1:06:16, 39.44it/s]Separating ligand pockets in PDB files:  33%|###3      | 77544/234324 [29:02<56:31, 46.22it/s]  Separating ligand pockets in PDB files:  33%|###3      | 77598/234324 [29:03<51:23, 50.83it/s]Separating ligand pockets in PDB files:  33%|###3      | 77652/234324 [29:05<1:06:16, 39.40it/s]Separating ligand pockets in PDB files:  33%|###3      | 77706/234324 [29:06<1:03:09, 41.33it/s]Separating ligand pockets in PDB files:  33%|###3      | 77760/234324 [29:07<54:37, 47.76it/s]  Separating ligand pockets in PDB files:  33%|###3      | 77814/234324 [29:08<53:51, 48.43it/s]Separating ligand pockets in PDB files:  33%|###3      | 77868/234324 [29:10<1:04:25, 40.48it/s]Separating ligand pockets in PDB files:  33%|###3      | 77922/234324 [29:11<56:34, 46.08it/s]  Separating ligand pockets in PDB files:  33%|###3      | 77976/234324 [29:12<54:19, 47.97it/s]Separating ligand pockets in PDB files:  33%|###3      | 78030/234324 [29:12<50:25, 51.65it/s]Separating ligand pockets in PDB files:  33%|###3      | 78084/234324 [29:15<1:09:05, 37.69it/s]Separating ligand pockets in PDB files:  33%|###3      | 78138/234324 [29:16<1:01:20, 42.44it/s]Separating ligand pockets in PDB files:  33%|###3      | 78192/234324 [29:17<55:08, 47.19it/s]  Separating ligand pockets in PDB files:  33%|###3      | 78246/234324 [29:17<50:47, 51.21it/s]Separating ligand pockets in PDB files:  33%|###3      | 78300/234324 [29:18<48:04, 54.08it/s]Separating ligand pockets in PDB files:  33%|###3      | 78354/234324 [29:20<1:01:05, 42.55it/s]Separating ligand pockets in PDB files:  33%|###3      | 78408/234324 [29:21<54:33, 47.63it/s]  Separating ligand pockets in PDB files:  33%|###3      | 78462/234324 [29:22<54:27, 47.70it/s]Separating ligand pockets in PDB files:  34%|###3      | 78516/234324 [29:23<53:33, 48.48it/s]Separating ligand pockets in PDB files:  34%|###3      | 78570/234324 [29:25<1:06:30, 39.03it/s]Separating ligand pockets in PDB files:  34%|###3      | 78624/234324 [29:26<55:00, 47.18it/s]  Separating ligand pockets in PDB files:  34%|###3      | 78678/234324 [29:27<49:57, 51.92it/s]Separating ligand pockets in PDB files:  34%|###3      | 78732/234324 [29:28<50:02, 51.83it/s]Separating ligand pockets in PDB files:  34%|###3      | 78786/234324 [29:31<1:26:57, 29.81it/s]Separating ligand pockets in PDB files:  34%|###3      | 78840/234324 [29:32<1:15:38, 34.26it/s]Separating ligand pockets in PDB files:  34%|###3      | 78894/234324 [29:33<1:07:10, 38.56it/s]Separating ligand pockets in PDB files:  34%|###3      | 78948/234324 [29:35<1:18:23, 33.04it/s]Separating ligand pockets in PDB files:  34%|###3      | 79002/234324 [29:37<1:13:52, 35.04it/s]Separating ligand pockets in PDB files:  34%|###3      | 79056/234324 [29:38<1:06:46, 38.75it/s]Separating ligand pockets in PDB files:  34%|###3      | 79110/234324 [29:40<1:13:42, 35.10it/s]Separating ligand pockets in PDB files:  34%|###3      | 79164/234324 [29:41<1:07:08, 38.51it/s]Separating ligand pockets in PDB files:  34%|###3      | 79218/234324 [29:42<1:03:23, 40.78it/s]Separating ligand pockets in PDB files:  34%|###3      | 79272/234324 [29:43<59:36, 43.36it/s]  Separating ligand pockets in PDB files:  34%|###3      | 79326/234324 [29:45<1:07:17, 38.39it/s]Separating ligand pockets in PDB files:  34%|###3      | 79380/234324 [29:46<1:03:39, 40.56it/s]Separating ligand pockets in PDB files:  34%|###3      | 79434/234324 [29:47<1:01:56, 41.67it/s]Separating ligand pockets in PDB files:  34%|###3      | 79488/234324 [29:49<1:05:09, 39.60it/s]Separating ligand pockets in PDB files:  34%|###3      | 79542/234324 [29:51<1:18:08, 33.01it/s]Separating ligand pockets in PDB files:  34%|###3      | 79596/234324 [29:52<1:12:25, 35.61it/s]Separating ligand pockets in PDB files:  34%|###3      | 79650/234324 [29:53<1:04:53, 39.73it/s]Separating ligand pockets in PDB files:  34%|###4      | 79704/234324 [29:55<1:17:22, 33.31it/s]Separating ligand pockets in PDB files:  34%|###4      | 79758/234324 [29:57<1:17:24, 33.28it/s]Separating ligand pockets in PDB files:  34%|###4      | 79812/234324 [29:58<1:11:28, 36.03it/s]Separating ligand pockets in PDB files:  34%|###4      | 79866/234324 [30:00<1:14:41, 34.47it/s]Separating ligand pockets in PDB files:  34%|###4      | 79920/234324 [30:01<1:14:13, 34.67it/s]Separating ligand pockets in PDB files:  34%|###4      | 79974/234324 [30:02<1:04:56, 39.62it/s]Separating ligand pockets in PDB files:  34%|###4      | 80028/234324 [30:03<59:34, 43.16it/s]  Separating ligand pockets in PDB files:  34%|###4      | 80082/234324 [30:05<1:00:29, 42.49it/s]Separating ligand pockets in PDB files:  34%|###4      | 80136/234324 [30:06<59:50, 42.94it/s]  Separating ligand pockets in PDB files:  34%|###4      | 80190/234324 [30:07<55:46, 46.05it/s]Separating ligand pockets in PDB files:  34%|###4      | 80244/234324 [30:08<55:14, 46.48it/s]Separating ligand pockets in PDB files:  34%|###4      | 80298/234324 [30:10<1:07:07, 38.24it/s]Separating ligand pockets in PDB files:  34%|###4      | 80352/234324 [30:11<1:06:00, 38.87it/s]Separating ligand pockets in PDB files:  34%|###4      | 80406/234324 [30:13<1:11:23, 35.93it/s]Separating ligand pockets in PDB files:  34%|###4      | 80460/234324 [30:15<1:24:04, 30.50it/s]Separating ligand pockets in PDB files:  34%|###4      | 80514/234324 [30:16<1:12:50, 35.20it/s]Separating ligand pockets in PDB files:  34%|###4      | 80568/234324 [30:18<1:12:31, 35.33it/s]Separating ligand pockets in PDB files:  34%|###4      | 80622/234324 [30:20<1:20:10, 31.95it/s]Separating ligand pockets in PDB files:  34%|###4      | 80676/234324 [30:21<1:16:54, 33.30it/s]Separating ligand pockets in PDB files:  34%|###4      | 80730/234324 [30:23<1:14:48, 34.22it/s]Separating ligand pockets in PDB files:  34%|###4      | 80784/234324 [30:25<1:20:24, 31.83it/s]Separating ligand pockets in PDB files:  34%|###4      | 80838/234324 [30:26<1:14:33, 34.31it/s]Separating ligand pockets in PDB files:  35%|###4      | 80892/234324 [30:27<1:08:31, 37.32it/s]Separating ligand pockets in PDB files:  35%|###4      | 80946/234324 [30:29<1:04:16, 39.77it/s]Separating ligand pockets in PDB files:  35%|###4      | 81000/234324 [30:30<1:06:15, 38.57it/s]Separating ligand pockets in PDB files:  35%|###4      | 81054/234324 [30:31<57:25, 44.49it/s]  